 a210514_xpc

 Timestamp is 609e301e (Fri May 14 16:09:02 2021)

 Preferred load address is 10000000

 Start         Length     Name                   Class
 0001:00000000 00060458H .text$mn                CODE
 0002:00000000 00000104H .CRT$XCA                DATA
 0002:00000104 00000104H .CRT$XCZ                DATA
 0002:00000208 00000104H .CRT$XIA                DATA
 0002:0000030c 00000110H .CRT$XIC                DATA
 0002:0000041c 00000104H .CRT$XIZ                DATA
 0002:00000520 00000104H .CRT$XPA                DATA
 0002:00000624 0000010cH .CRT$XPX                DATA
 0002:00000730 00000104H .CRT$XPXA               DATA
 0002:00000834 00000104H .CRT$XPZ                DATA
 0002:00000938 00000104H .CRT$XTA                DATA
 0002:00000a3c 00000104H .CRT$XTZ                DATA
 0002:00000b40 0000c860H .rdata                  DATA
 0002:0000d3a0 00000390H .rdata$r                DATA
 0002:0000d730 00000110H .rdata$sxdata           DATA
 0002:0000d840 0000018cH .rdata$zzzdbg           DATA
 0002:0000d9cc 00000104H .rtc$IAA                DATA
 0002:0000dad0 00000104H .rtc$IZZ                DATA
 0002:0000dbd4 00000104H .rtc$TAA                DATA
 0002:0000dcd8 00000108H .rtc$TZZ                DATA
 0002:0000dde0 00000ac0H .xdata$x                DATA
 0002:0000e8a0 000001dfH .edata                  DATA
 0003:00000000 00000e04H .data                   DATA
 0003:00000e04 000001dcH .data$r                 DATA
 0003:00000fe0 00013090H .bss                    DATA
 0004:00000000 000001d4H .idata$5                DATA
 0004:000001d4 00000014H .idata$2                DATA
 0004:000001e8 00000014H .idata$3                DATA
 0004:000001fc 000001d4H .idata$4                DATA
 0004:000003d0 00000843H .idata$6                DATA
 0005:00000000 00000224H .gfids$x                DATA
 0005:00000224 000001a5H .gfids$y                DATA
 0006:00000000 00000104H .00cfg                  DATA

  Address         Publics by Value              Rva+Base       Lib:Object

 0000:00000000       ___guard_fids_table        00000000     <absolute>
 0000:00000000       ___guard_fids_count        00000000     <absolute>
 0000:00000000       ___guard_longjmp_table     00000000     <absolute>
 0000:00000000       ___dynamic_value_reloc_table 00000000     <absolute>
 0000:00000000       ___guard_longjmp_count     00000000     <absolute>
 0000:00000000       ___guard_iat_table         00000000     <absolute>
 0000:00000000       __except_list              00000000     <absolute>
 0000:00000000       ___guard_iat_count         00000000     <absolute>
 0000:00000003       ___safe_se_handler_count   00000003     <absolute>
 0000:00000100       ___guard_flags             00000100     <absolute>
 0000:00000000       ___ImageBase               10000000     <linker-defined>
 0001:00005ea0       _MdlInitialize             10006ea0 f   a210514.obj
 0001:00005eb0       _MdlInitializeSampleTimes  10006eb0 f   a210514.obj
 0001:00005ec0       _MdlInitializeSizes        10006ec0 f   a210514.obj
 0001:00005ed0       _MdlOutputs                10006ed0 f   a210514.obj
 0001:00005ee0       _MdlStart                  10006ee0 f   a210514.obj
 0001:00005ef0       _MdlTerminate              10006ef0 f   a210514.obj
 0001:00005f00       _MdlUpdate                 10006f00 f   a210514.obj
 0001:00005f90       _a210514                   10006f90 f   a210514.obj
 0001:00006ab0       _a210514_GetCAPIStaticMap  10007ab0 f   a210514_capi.obj
 0001:00006ac0       _a210514_InitializeDataMapInfo 10007ac0 f   a210514_capi.obj
 0001:00006b50       _rtGetInf                  10007b50 f   rtGetInf.obj
 0001:00006b80       _rtGetInfF                 10007b80 f   rtGetInf.obj
 0001:00006ba0       _rtGetMinusInf             10007ba0 f   rtGetInf.obj
 0001:00006bd0       _rtGetMinusInfF            10007bd0 f   rtGetInf.obj
 0001:00006bf0       _rtGetNaN                  10007bf0 f   rtGetNaN.obj
 0001:00006c20       _rtGetNaNF                 10007c20 f   rtGetNaN.obj
 0001:00006c40       ___local_stdio_printf_options 10007c40 f i rt_logging.obj
 0001:00006c50       __vfprintf_l               10007c50 f i rt_logging.obj
 0001:00006c80       __vsnprintf_l              10007c80 f i rt_logging.obj
 0001:00006cc0       __vsprintf_l               10007cc0 f i rt_logging.obj
 0001:00006d00       _fprintf                   10007d00 f i rt_logging.obj
 0001:00007610       _printf                    10008610 f i rt_logging.obj
 0001:00007650       _rt_CreateLogVar           10008650 f   rt_logging.obj
 0001:000076e0       _rt_CreateLogVarWithConvert 100086e0 f   rt_logging.obj
 0001:00008060       _rt_CreateStructLogVar     10009060 f   rt_logging.obj
 0001:00008dc0       _rt_GetMxIdFromDTypeId     10009dc0 f   rt_logging.obj
 0001:00008df0       _rt_GetMxIdFromDTypeIdForRSim 10009df0 f   rt_logging.obj
 0001:0000b6c0       _rt_StartDataLogging       1000c6c0 f   rt_logging.obj
 0001:0000bb80       _rt_StartDataLoggingWithStartTime 1000cb80 f   rt_logging.obj
 0001:0000c4e0       _rt_StopDataLogging        1000d4e0 f   rt_logging.obj
 0001:0000c500       _rt_StopDataLoggingImpl    1000d500 f   rt_logging.obj
 0001:0000c830       _rt_UpdateLogVar           1000d830 f   rt_logging.obj
 0001:0000d950       _rt_UpdateStructLogVar     1000e950 f   rt_logging.obj
 0001:0000d9e0       _rt_UpdateTXXFYLogVars     1000e9e0 f   rt_logging.obj
 0001:0000dd10       _rt_UpdateTXYLogVars       1000ed10 f   rt_logging.obj
 0001:0000df60       _sprintf                   1000ef60 f i rt_logging.obj
 0001:0000dfa0       _rt_CleanUpForStateLogWithMMI 1000efa0 f   rt_logging_mmi.obj
 0001:0000e0b0       _rt_FillStateSigInfoFromMMI 1000f0b0 f   rt_logging_mmi.obj
 0001:0000e450       _rtIsInf                   1000f450 f   rt_nonfinite.obj
 0001:0000e490       _rtIsInfF                  1000f490 f   rt_nonfinite.obj
 0001:0000e4d0       _rtIsNaN                   1000f4d0 f   rt_nonfinite.obj
 0001:0000e4f0       _rtIsNaNF                  1000f4f0 f   rt_nonfinite.obj
 0001:0000e510       _rt_InitInfAndNaN          1000f510 f   rt_nonfinite.obj
 0001:0000e570       _rtwCAPI_CountSysRan       1000f570 f   rtw_modelmap_utils.obj
 0001:0000e610       _rtwCAPI_EncodePath        1000f610 f   rtw_modelmap_utils.obj
 0001:0000e710       _rtwCAPI_FillSysRan        1000f710 f   rtw_modelmap_utils.obj
 0001:0000e800       _rtwCAPI_FreeFullPaths     1000f800 f   rtw_modelmap_utils.obj
 0001:0000e890       _rtwCAPI_GetFullStateBlockPath 1000f890 f   rtw_modelmap_utils.obj
 0001:0000ea40       _rtwCAPI_GetNumContStateRecords 1000fa40 f   rtw_modelmap_utils.obj
 0001:0000eb00       _rtwCAPI_GetNumSigLogRecords 1000fb00 f   rtw_modelmap_utils.obj
 0001:0000eb50       _rtwCAPI_GetNumSigLogRecordsForRTWLogging 1000fb50 f   rtw_modelmap_utils.obj
 0001:0000ebf0       _rtwCAPI_GetNumStateRecords 1000fbf0 f   rtw_modelmap_utils.obj
 0001:0000ec40       _rtwCAPI_GetNumStateRecordsForRTWLogging 1000fc40 f   rtw_modelmap_utils.obj
 0001:0000ece0       _rtwCAPI_GetSigAddrFromMap 1000fce0 f   rtw_modelmap_utils.obj
 0001:0000eda0       _rtwCAPI_GetSigLogRecordInfo 1000fda0 f   rtw_modelmap_utils.obj
 0001:0000f1d0       _rtwCAPI_GetStateRecordInfo 100101d0 f   rtw_modelmap_utils.obj
 0001:0000f680       _rtwCAPI_GetStateWidth     10010680 f   rtw_modelmap_utils.obj
 0001:0000f6e0       _rtwCAPI_HasStates         100106e0 f   rtw_modelmap_utils.obj
 0001:0000f750       _rtwCAPI_UpdateFullPaths   10010750 f   rtw_modelmap_utils.obj
 0001:0000f930       _DllMain@12                10010930 f   xpctarget.obj
 0001:0000f940       _SLRTSetErrorStatus        10010940 f   xpctarget.obj
 0001:0000f960       _a210514_ChangeStepSize    10010960 f   xpctarget.obj
 0001:0000f9b0       _changeStepSize            100109b0 f   xpctarget.obj
 0001:0000fa00       _getDLMVersion             10010a00 f   xpctarget.obj
 0001:0000fa10       _getRefMdlPath             10010a10 f   xpctarget.obj
 0001:0000fa90       _getRefMdlSignalNumber     10010a90 f   xpctarget.obj
 0001:0000fb40       _getrlmdlinfo              10010b40 f   xpctarget.obj
 0001:0000fd20       _updateDiscreteEvents      10010d20 f   xpctarget.obj
 0001:0000fd30       _getNumRef                 10010d30 f   appmappingData.obj
 0001:0000fd40       _vprintf                   10010d40 f i legacy_stdio.obj
 0001:0000fd80       _GetPCIDeviceFull          10010d80 f   xpcruntime:xpcimports.obj
 0001:0000fdc0       _ShowPCIDevice             10010dc0 f   xpcruntime:xpcimports.obj
 0001:00010580       _xpcGetPciConfigAtSlot     10011580 f   xpcruntime:xpcimports.obj
 0001:00010890       _xpcInitProcs              10011890 f   xpcruntime:xpcimports.obj
 0001:000119a0       _xpceuploadevent           100129a0 f   xpcruntime:xpcimports.obj
 0001:000119a1       @__security_check_cookie@4 100129a1 f   LIBCMT:_secchk_.obj
 0001:000119b6       ___raise_securityfailure   100129b6 f   LIBCMT:gs_report.obj
 0001:000119e8       ___report_gsfailure        100129e8 f   LIBCMT:gs_report.obj
 0001:00011b21       ___report_rangecheckfailure 10012b21 f   LIBCMT:gs_report.obj
 0001:00011b30       ___report_securityfailure  10012b30 f   LIBCMT:gs_report.obj
 0001:00011c34       ___report_securityfailureEx 10012c34 f   LIBCMT:gs_report.obj
 0001:00011d90       __ftoui3                   10012d90 f   LIBCMT:_ftol3_.obj
 0001:00011d9f       __ftoul3                   10012d9f f   LIBCMT:_ftol3_.obj
 0001:00011dae       __ftol3                    10012dae f   LIBCMT:_ftol3_.obj
 0001:00011dbb       __ftol3_NaN                10012dbb f   LIBCMT:_ftol3_.obj
 0001:00011dd3       __ftol3_work               10012dd3 f   LIBCMT:_ftol3_.obj
 0001:00011e59       __ftol3_common             10012e59 f   LIBCMT:_ftol3_.obj
 0001:00011f1b       __ftol3_arg_error          10012f1b f   LIBCMT:_ftol3_.obj
 0001:00011f2d       __ftol3_except             10012f2d f   LIBCMT:_ftol3_.obj
 0001:00011f71       __dtoui3                   10012f71 f   LIBCMT:_ftol3_.obj
 0001:00011f80       __dtoul3                   10012f80 f   LIBCMT:_ftol3_.obj
 0001:00011f8f       __dtol3                    10012f8f f   LIBCMT:_ftol3_.obj
 0001:00011f9c       __dtol3_NaN                10012f9c f   LIBCMT:_ftol3_.obj
 0001:00011fb9       __dtol3_work               10012fb9 f   LIBCMT:_ftol3_.obj
 0001:000120a0       __ultod3                   100130a0 f   LIBCMT:_ftol3_.obj
 0001:000120e0       __ltod3                    100130e0 f   LIBCMT:_ftol3_.obj
 0001:000121e4       ___isa_available_init      100131e4 f   LIBCMT:_cpu_disp_.obj
 0001:000127ac       __CRT_INIT@12              100137ac f   LIBCMT:dll_dllmain.obj
 0001:000127b7       __DllMainCRTStartup@12     100137b7 f   LIBCMT:dll_dllmain.obj
 0001:000127e2       ??$__crt_fast_decode_pointer@PAP6AXXZ@@YAPAP6AXXZQAP6AXXZ@Z 100137e2 f i LIBCMT:utility.obj
 0001:000127fb       ??$__crt_fast_encode_pointer@PAP6AXXZ@@YAPAP6AXXZQAP6AXXZ@Z 100137fb f i LIBCMT:utility.obj
 0001:0001281f       ?__crt_rotate_pointer_value@@YAIIH@Z 1001381f f i LIBCMT:utility.obj
 0001:0001282f       ?configure_argv@__scrt_narrow_argv_policy@@SAHXZ 1001382f f i LIBCMT:utility.obj
 0001:000128d3       _NtCurrentTeb              100138d3 f i LIBCMT:utility.obj
 0001:000128da       ___scrt_acquire_startup_lock 100138da f   LIBCMT:utility.obj
 0001:0001291c       ___scrt_dllmain_after_initialize_c 1001391c f   LIBCMT:utility.obj
 0001:00012951       ___scrt_dllmain_before_initialize_c 10013951 f   LIBCMT:utility.obj
 0001:00012962       ___scrt_dllmain_crt_thread_attach 10013962 f   LIBCMT:utility.obj
 0001:00012988       ___scrt_dllmain_crt_thread_detach 10013988 f   LIBCMT:utility.obj
 0001:00012998       ___scrt_dllmain_exception_filter 10013998 f   LIBCMT:utility.obj
 0001:000129d7       ___scrt_dllmain_uninitialize_c 100139d7 f   LIBCMT:utility.obj
 0001:00012a02       ___scrt_dllmain_uninitialize_critical 10013a02 f   LIBCMT:utility.obj
 0001:00012a12       ___scrt_initialize_crt     10013a12 f   LIBCMT:utility.obj
 0001:00012a59       ___scrt_initialize_onexit_tables 10013a59 f   LIBCMT:utility.obj
 0001:00012b15       ___scrt_is_nonwritable_in_current_image 10013b15 f   LIBCMT:utility.obj
 0001:00012bc1       ___scrt_release_startup_lock 10013bc1 f   LIBCMT:utility.obj
 0001:00012be5       ___scrt_uninitialize_crt   10013be5 f   LIBCMT:utility.obj
 0001:00012c17       __onexit                   10013c17 f   LIBCMT:utility.obj
 0001:00012c60       _at_quick_exit             10013c60 f   LIBCMT:utility.obj
 0001:00012c9d       _atexit                    10013c9d f   LIBCMT:utility.obj
 0001:00012cb7       ___security_init_cookie    10013cb7 f   LIBCMT:gs_support.obj
 0001:00012d7a       ?__scrt_initialize_type_info@@YAXXZ 10013d7a f   LIBCMT:tncleanup.obj
 0001:00012d89       ?__scrt_uninitialize_type_info@@YAXXZ 10013d89 f   LIBCMT:tncleanup.obj
 0001:00012d98       ___local_stdio_scanf_options 10013d98 f i LIBCMT:default_local_stdio_options.obj
 0001:00012d9e       ___scrt_initialize_default_local_stdio_options 10013d9e f   LIBCMT:default_local_stdio_options.obj
 0001:00012dc2       ___scrt_get_dyn_tls_init_callback 10013dc2 f   LIBCMT:dyn_tls_init.obj
 0001:00012dc8       ___scrt_fastfail           10013dc8 f   LIBCMT:utility_desktop.obj
 0001:00012f29       ___scrt_get_show_window_mode 10013f29 f   LIBCMT:utility_desktop.obj
 0001:00012f68       ___scrt_initialize_winrt   10013f68 f   LIBCMT:utility_desktop.obj
 0001:00012f6b       ___scrt_is_managed_app     10013f6b f   LIBCMT:utility_desktop.obj
 0001:00012fc0       ___scrt_set_unhandled_exception_filter 10013fc0 f   LIBCMT:utility_desktop.obj
 0001:00012fcf       ___scrt_unhandled_exception_filter@4 10013fcf f   LIBCMT:utility_desktop.obj
 0001:00013020       __crt_debugger_hook        10014020 f   LIBCMT:utility_desktop.obj
 0001:0001302a       __RTC_Initialize           1001402a f   LIBCMT:_initsect_.obj
 0001:0001305f       __RTC_Terminate            1001405f f   LIBCMT:_initsect_.obj
 0001:00013094       @_guard_check_icall@4      10014094 f i LIBCMT:checkcfg.obj
 0001:000130a0       __SEH_prolog4              100140a0 f   LIBCMT:_sehprolg4_.obj
 0001:000130e6       __SEH_epilog4              100140e6 f   LIBCMT:_sehprolg4_.obj
 0001:00013111       __get_startup_argv_mode    10014111 f   LIBCMT:argv_mode.obj
 0001:00013115       ___scrt_is_ucrt_dll_in_use 10014115 f   LIBCMT:ucrt_detection.obj
 0001:00013124       @_guard_check_icall_nop@4  10014124 f i LIBCMT:guard_support.obj
 0001:00013125       __guard_icall_checks_enforced 10014125 f i LIBCMT:guard_support.obj
 0001:0001313c       _GetModuleHandleA@4        1001413c f   kernel32:KERNEL32.dll
 0001:00013142       _GetProcAddress@8          10014142 f   kernel32:KERNEL32.dll
 0001:00013148       _UnhandledExceptionFilter@4 10014148 f   kernel32:KERNEL32.dll
 0001:0001314e       _SetUnhandledExceptionFilter@4 1001414e f   kernel32:KERNEL32.dll
 0001:00013154       _GetCurrentProcess@0       10014154 f   kernel32:KERNEL32.dll
 0001:0001315a       _TerminateProcess@8        1001415a f   kernel32:KERNEL32.dll
 0001:00013160       _IsProcessorFeaturePresent@4 10014160 f   kernel32:KERNEL32.dll
 0001:00013166       _QueryPerformanceCounter@4 10014166 f   kernel32:KERNEL32.dll
 0001:0001316c       _GetCurrentProcessId@0     1001416c f   kernel32:KERNEL32.dll
 0001:00013172       _GetCurrentThreadId@0      10014172 f   kernel32:KERNEL32.dll
 0001:00013178       _GetSystemTimeAsFileTime@4 10014178 f   kernel32:KERNEL32.dll
 0001:0001317e       _InitializeSListHead@4     1001417e f   kernel32:KERNEL32.dll
 0001:00013184       _IsDebuggerPresent@0       10014184 f   kernel32:KERNEL32.dll
 0001:0001318a       _GetStartupInfoW@4         1001418a f   kernel32:KERNEL32.dll
 0001:00013190       _GetModuleHandleW@4        10014190 f   kernel32:KERNEL32.dll
 0001:000131a0       _memcpy                    100141a0 f   libvcruntime:memcpy.obj
 0001:00013880       _memset                    10014880 f   libvcruntime:memset.obj
 0001:00013a30       _memmove                   10014a30 f   libvcruntime:memmove.obj
 0001:00014110       _strchr                    10015110 f   libvcruntime:strchr.obj
 0001:0001417e       ___from_strstr_to_strchr   1001517e     libvcruntime:strchr.obj
 0001:000142d0       __except_handler4          100152d0 f   libvcruntime:_chandler4_.obj
 0001:0001448f       ___vcrt_initialize         1001548f f   libvcruntime:initialization.obj
 0001:000144c2       ___vcrt_thread_attach      100154c2 f   libvcruntime:initialization.obj
 0001:000144cf       ___vcrt_thread_detach      100154cf f   libvcruntime:initialization.obj
 0001:000144dc       ___vcrt_uninitialize       100154dc f   libvcruntime:initialization.obj
 0001:00014502       ___vcrt_uninitialize_critical 10015502 f   libvcruntime:initialization.obj
 0001:0001451d       ??$?RD@__crt_internal_free_policy@@QBEXQBD@Z 1001551d f i libvcruntime:std_type_info.obj
 0001:00014531       ??$?RX@__crt_internal_free_policy@@QBEXQBX@Z 10015531 f i libvcruntime:std_type_info.obj
 0001:00014545       ??$__crt_interlocked_compare_exchange_pointer@$$CBD$$T$$T@@YAPBDPDSBD$$T1@Z 10015545 f i libvcruntime:std_type_info.obj
 0001:0001455b       ??$__crt_interlocked_compare_exchange_pointer@$$CBDPAD$$T@@YAPBDPDSBDQAD$$T@Z 1001555b f i libvcruntime:std_type_info.obj
 0001:00014571       ??$__crt_interlocked_read_pointer@$$CBD@@YAPBDPDSBD@Z 10015571 f i libvcruntime:std_type_info.obj
 0001:00014585       ??0?$__crt_unique_heap_ptr@DU__crt_internal_free_policy@@@@QAE@QAD@Z 10015585 f i libvcruntime:std_type_info.obj
 0001:00014596       ??0?$__crt_unique_heap_ptr@XU__crt_internal_free_policy@@@@QAE@QAX@Z 10015596 f i libvcruntime:std_type_info.obj
 0001:000145a7       ??1?$__crt_unique_heap_ptr@DU__crt_internal_free_policy@@@@QAE@XZ 100155a7 f i libvcruntime:std_type_info.obj
 0001:000145bb       ??1?$__crt_unique_heap_ptr@XU__crt_internal_free_policy@@@@QAE@XZ 100155bb f i libvcruntime:std_type_info.obj
 0001:000145db       ??B?$__crt_unique_heap_ptr@DU__crt_internal_free_policy@@@@QBE_NXZ 100155db f i libvcruntime:std_type_info.obj
 0001:000145e2       ??B?$__crt_unique_heap_ptr@XU__crt_internal_free_policy@@@@QBE_NXZ 100155e2 f i libvcruntime:std_type_info.obj
 0001:00014611       ?detach@?$__crt_unique_heap_ptr@XU__crt_internal_free_policy@@@@QAEPAXXZ 10015611 f i libvcruntime:std_type_info.obj
 0001:00014617       ?get@?$__crt_unique_heap_ptr@DU__crt_internal_free_policy@@@@QBEPADXZ 10015617 f i libvcruntime:std_type_info.obj
 0001:0001461a       ?get@?$__crt_unique_heap_ptr@XU__crt_internal_free_policy@@@@QBEPAXXZ 1001561a f i libvcruntime:std_type_info.obj
 0001:0001461d       ?is_valid@?$__crt_unique_heap_ptr@DU__crt_internal_free_policy@@@@QBE_NXZ 1001561d f i libvcruntime:std_type_info.obj
 0001:00014624       ?is_valid@?$__crt_unique_heap_ptr@XU__crt_internal_free_policy@@@@QBE_NXZ 10015624 f i libvcruntime:std_type_info.obj
 0001:0001462b       ?release@?$__crt_unique_heap_ptr@DU__crt_internal_free_policy@@@@QAEXXZ 1001562b f i libvcruntime:std_type_info.obj
 0001:0001463f       ?release@?$__crt_unique_heap_ptr@XU__crt_internal_free_policy@@@@QAEXXZ 1001563f f i libvcruntime:std_type_info.obj
 0001:00014653       ___std_type_info_compare   10015653 f   libvcruntime:std_type_info.obj
 0001:0001469e       ___std_type_info_destroy_list 1001569e f   libvcruntime:std_type_info.obj
 0001:000146c9       ___std_type_info_hash      100156c9 f   libvcruntime:std_type_info.obj
 0001:000146f8       ___std_type_info_name      100156f8 f   libvcruntime:std_type_info.obj
 0001:00014800       __local_unwind4            10015800 f   libvcruntime:_exsup4_.obj
 0001:000148d6       __seh_longjmp_unwind4@4    100158d6 f   libvcruntime:_exsup4_.obj
 0001:000148fe       @_EH4_CallFilterFunc@8     100158fe f   libvcruntime:_exsup4_.obj
 0001:00014915       @_EH4_TransferToHandler@8  10015915 f   libvcruntime:_exsup4_.obj
 0001:0001492e       @_EH4_GlobalUnwind2@8      1001592e f   libvcruntime:_exsup4_.obj
 0001:00014947       @_EH4_LocalUnwind@16       10015947 f   libvcruntime:_exsup4_.obj
 0001:000149b5       ___except_validate_context_record 100159b5 f   libvcruntime:jbcxrval.obj
 0001:000149b6       ___except_validate_jump_buffer 100159b6 f   libvcruntime:jbcxrval.obj
 0001:000149b7       ??$?RU__vcrt_ptd@@@__crt_internal_free_policy@@QBEXQBU__vcrt_ptd@@@Z 100159b7 f i libvcruntime:per_thread_data.obj
 0001:000149cb       ??0?$__crt_unique_heap_ptr@U__vcrt_ptd@@U__crt_internal_free_policy@@@@QAE@QAU__vcrt_ptd@@@Z 100159cb f i libvcruntime:per_thread_data.obj
 0001:000149ee       ??1?$__crt_unique_heap_ptr@U__vcrt_ptd@@U__crt_internal_free_policy@@@@QAE@XZ 100159ee f i libvcruntime:per_thread_data.obj
 0001:00014a0d       ??B?$__crt_unique_heap_ptr@U__vcrt_ptd@@U__crt_internal_free_policy@@@@QBE_NXZ 10015a0d f i libvcruntime:per_thread_data.obj
 0001:00014a14       ?detach@?$__crt_unique_heap_ptr@U__vcrt_ptd@@U__crt_internal_free_policy@@@@QAEPAU__vcrt_ptd@@XZ 10015a14 f i libvcruntime:per_thread_data.obj
 0001:00014a1a       ?get@?$__crt_unique_heap_ptr@U__vcrt_ptd@@U__crt_internal_free_policy@@@@QBEPAU__vcrt_ptd@@XZ 10015a1a f i libvcruntime:per_thread_data.obj
 0001:00014a1d       ?is_valid@?$__crt_unique_heap_ptr@U__vcrt_ptd@@U__crt_internal_free_policy@@@@QBE_NXZ 10015a1d f i libvcruntime:per_thread_data.obj
 0001:00014a24       ?release@?$__crt_unique_heap_ptr@U__vcrt_ptd@@U__crt_internal_free_policy@@@@QAEXXZ 10015a24 f i libvcruntime:per_thread_data.obj
 0001:00014a58       ___vcrt_freefls@4          10015a58 f   libvcruntime:per_thread_data.obj
 0001:00014a7b       ___vcrt_freeptd            10015a7b f   libvcruntime:per_thread_data.obj
 0001:00014abe       ___vcrt_getptd             10015abe f   libvcruntime:per_thread_data.obj
 0001:00014acf       ___vcrt_getptd_noexit      10015acf f   libvcruntime:per_thread_data.obj
 0001:00014b85       ___vcrt_initialize_ptd     10015b85 f   libvcruntime:per_thread_data.obj
 0001:00014bc4       ___vcrt_uninitialize_ptd   10015bc4 f   libvcruntime:per_thread_data.obj
 0001:00014be5       ___vcrt_initialize_locks   10015be5 f   libvcruntime:locks.obj
 0001:00014c30       ___vcrt_lock               10015c30 f   libvcruntime:locks.obj
 0001:00014c4a       ___vcrt_uninitialize_locks 10015c4a f   libvcruntime:locks.obj
 0001:00014c84       ___vcrt_unlock             10015c84 f   libvcruntime:locks.obj
 0001:00014c9e       ??$?BX@__crt_fast_encoded_nullptr_t@@QBEPAXXZ 10015c9e f i libvcruntime:winapi_downlevel.obj
 0001:00014cbc       ??$__crt_fast_decode_pointer@PAX@@YAPAXQAX@Z 10015cbc f i libvcruntime:winapi_downlevel.obj
 0001:00014cd5       ??$__crt_fast_encode_pointer@PAX@@YAPAXQAX@Z 10015cd5 f i libvcruntime:winapi_downlevel.obj
 0001:00014cf9       ??$__crt_interlocked_compare_exchange_pointer@UHINSTANCE__@@$$T$$T@@YAPAUHINSTANCE__@@PDSAU0@$$T1@Z 10015cf9 f i libvcruntime:winapi_downlevel.obj
 0001:00014d0f       ??$__crt_interlocked_compare_exchange_pointer@X$$T$$T@@YAPAXPDSAX$$T1@Z 10015d0f f i libvcruntime:winapi_downlevel.obj
 0001:00014d25       ??$__crt_interlocked_exchange_pointer@UHINSTANCE__@@PAU1@@@YAPAUHINSTANCE__@@PDSAU0@QAU0@@Z 10015d25 f i libvcruntime:winapi_downlevel.obj
 0001:00014d35       ??$__crt_interlocked_exchange_pointer@UHINSTANCE__@@PAX@@YAPAUHINSTANCE__@@PDSAU0@QAX@Z 10015d35 f i libvcruntime:winapi_downlevel.obj
 0001:00014d45       ??$__crt_interlocked_exchange_pointer@XPAX@@YAPAXPDSAXQAX@Z 10015d45 f i libvcruntime:winapi_downlevel.obj
 0001:00014d55       ??$__crt_interlocked_read_pointer@UHINSTANCE__@@@@YAPAUHINSTANCE__@@PDSAU0@@Z 10015d55 f i libvcruntime:winapi_downlevel.obj
 0001:00014d69       ??$__crt_interlocked_read_pointer@X@@YAPAXPDSAX@Z 10015d69 f i libvcruntime:winapi_downlevel.obj
 0001:00014d7d       ?__crt_fast_encode_pointer@@YA?AU__crt_fast_encoded_nullptr_t@@$$T@Z 10015d7d f i libvcruntime:winapi_downlevel.obj
 0001:000150c1       ___vcrt_EventRegister      100160c1 f   libvcruntime:winapi_downlevel.obj
 0001:00015111       ___vcrt_EventSetInformation 10016111 f   libvcruntime:winapi_downlevel.obj
 0001:00015164       ___vcrt_EventUnregister    10016164 f   libvcruntime:winapi_downlevel.obj
 0001:000151ac       ___vcrt_EventWriteTransfer 100161ac f   libvcruntime:winapi_downlevel.obj
 0001:00015207       ___vcrt_FlsAlloc           10016207 f   libvcruntime:winapi_downlevel.obj
 0001:0001524f       ___vcrt_FlsFree            1001624f f   libvcruntime:winapi_downlevel.obj
 0001:00015297       ___vcrt_FlsGetValue        10016297 f   libvcruntime:winapi_downlevel.obj
 0001:000152df       ___vcrt_FlsSetValue        100162df f   libvcruntime:winapi_downlevel.obj
 0001:0001532b       ___vcrt_InitializeCriticalSectionEx 1001632b f   libvcruntime:winapi_downlevel.obj
 0001:00015382       ___vcrt_initialize_winapi_thunks 10016382 f   libvcruntime:winapi_downlevel.obj
 0001:000153ca       ___vcrt_uninitialize_winapi_thunks 100163ca f   libvcruntime:winapi_downlevel.obj
 0001:00015408       ??$?B$$A6AXXZ@__crt_fast_encoded_nullptr_t@@QBEP6AXXZXZ 10016408 f i libvcruntime:purevirt_data.obj
 0001:00015426       ??$__crt_fast_encode_pointer@P6AXXZ@@YAP6AXXZQ6AXXZ@Z 10016426 f i libvcruntime:purevirt_data.obj
 0001:0001544a       ___vcrt_initialize_pure_virtual_call_handler 1001644a f   libvcruntime:purevirt_data.obj
 0001:0001546e       ??$__vcrt_va_start_verify_argument_type@QBD@@YAXXZ 1001646e f i libvcruntime:undname.obj
 0001:0001546f       ??0Block@_HeapManager@@QAE@XZ 1001646f f i libvcruntime:undname.obj
 0001:00015475       ??0DName@@QAE@AAPBDD@Z     10016475 f   libvcruntime:undname.obj
 0001:0001555c       ??0DName@@QAE@ABV0@@Z      1001655c f i libvcruntime:undname.obj
 0001:00015577       ??0DName@@QAE@D@Z          10016577 f   libvcruntime:undname.obj
 0001:000155ae       ??0DName@@QAE@PAV0@@Z      100165ae f   libvcruntime:undname.obj
 0001:0001560e       ??0DName@@QAE@PBD@Z        1001660e f   libvcruntime:undname.obj
 0001:00015656       ??0DName@@QAE@W4DNameStatus@@@Z 10016656 f   libvcruntime:undname.obj
 0001:000156a9       ??0DName@@QAE@XZ           100166a9 f i libvcruntime:undname.obj
 0001:000156be       ??0DName@@QAE@_J@Z         100166be f   libvcruntime:undname.obj
 0001:00015778       ??0DName@@QAE@_K@Z         10016778 f   libvcruntime:undname.obj
 0001:00015802       ??0DNameNode@@IAE@XZ       10016802 f   libvcruntime:undname.obj
 0001:0001580d       ??0DNameStatusNode@@AAE@W4DNameStatus@@@Z 1001680d f   libvcruntime:undname.obj
 0001:00015838       ??0Replicator@@QAE@XZ      10016838 f i libvcruntime:undname.obj
 0001:0001583e       ??0UnDecorator@@QAE@PADPBDHP6APADJ@ZK@Z 1001683e f i libvcruntime:undname.obj
 0001:000158c1       ??0charNode@@QAE@D@Z       100168c1 f   libvcruntime:undname.obj
 0001:000158db       ??0pDNameNode@@QAE@PAVDName@@@Z 100168db f   libvcruntime:undname.obj
 0001:0001590d       ??0pairNode@@QAE@PAVDNameNode@@0@Z 1001690d f   libvcruntime:undname.obj
 0001:00015933       ??0pcharNode@@QAE@PBDH@Z   10016933 f   libvcruntime:undname.obj
 0001:000159a2       ??2@YAPAXIAAV_HeapManager@@H@Z 100169a2 f i libvcruntime:undname.obj
 0001:000159bc       ??4DName@@QAEAAV0@ABV0@@Z  100169bc f   libvcruntime:undname.obj
 0001:000159d7       ??4DName@@QAEAAV0@D@Z      100169d7 f i libvcruntime:undname.obj
 0001:00015a0e       ??4DName@@QAEAAV0@PAV0@@Z  10016a0e f   libvcruntime:undname.obj
 0001:00015a69       ??4DName@@QAEAAV0@PBD@Z    10016a69 f   libvcruntime:undname.obj
 0001:00015aa7       ??4DName@@QAEAAV0@W4DNameStatus@@@Z 10016aa7 f   libvcruntime:undname.obj
 0001:00015ae9       ??AReplicator@@QBE?AVDName@@H@Z 10016ae9 f   libvcruntime:undname.obj
 0001:00015b34       ??BUnDecorator@@QAEPADXZ   10016b34 f i libvcruntime:undname.obj
 0001:00015d0b       ??H@YA?AVDName@@DABV0@@Z   10016d0b f i libvcruntime:undname.obj
 0001:00015d38       ??H@YA?AVDName@@PBDABV0@@Z 10016d38 f i libvcruntime:undname.obj
 0001:00015d65       ??H@YA?AVDName@@W4DNameStatus@@ABV0@@Z 10016d65 f i libvcruntime:undname.obj
 0001:00015d92       ??HDName@@QBE?AV0@ABV0@@Z  10016d92 f   libvcruntime:undname.obj
 0001:00015dbc       ??HDName@@QBE?AV0@D@Z      10016dbc f   libvcruntime:undname.obj
 0001:00015de6       ??HDName@@QBE?AV0@PAV0@@Z  10016de6 f   libvcruntime:undname.obj
 0001:00015e10       ??HDName@@QBE?AV0@PBD@Z    10016e10 f   libvcruntime:undname.obj
 0001:00015e3a       ??HDName@@QBE?AV0@W4DNameStatus@@@Z 10016e3a f   libvcruntime:undname.obj
 0001:00015e64       ??YDName@@QAEAAV0@ABV0@@Z  10016e64 f   libvcruntime:undname.obj
 0001:00015eb7       ??YDName@@QAEAAV0@D@Z      10016eb7 f   libvcruntime:undname.obj
 0001:00015f1b       ??YDName@@QAEAAV0@PAV0@@Z  10016f1b f   libvcruntime:undname.obj
 0001:00015f99       ??YDName@@QAEAAV0@PBD@Z    10016f99 f   libvcruntime:undname.obj
 0001:00016012       ??YDName@@QAEAAV0@W4DNameStatus@@@Z 10017012 f   libvcruntime:undname.obj
 0001:00016062       ??YReplicator@@QAEAAV0@ABVDName@@@Z 10017062 f   libvcruntime:undname.obj
 0001:000160be       ??_5DName@@QAEAAV0@ABV0@@Z 100170be f   libvcruntime:undname.obj
 0001:000160e1       ?Constructor@_HeapManager@@QAEXP6APAXI@ZP6AXPAX@Z@Z 100170e1 f i libvcruntime:undname.obj
 0001:00016105       ?Destructor@_HeapManager@@QAEXXZ 10017105 f i libvcruntime:undname.obj
 0001:0001614c       ?UScore@UnDecorator@@SAPBDW4Tokens@@@Z 1001714c f   libvcruntime:undname.obj
 0001:00016170       ?append@DName@@AAEXPAVDNameNode@@@Z 10017170 f   libvcruntime:undname.obj
 0001:000161c7       ?composeDeclaration@UnDecorator@@CA?AVDName@@ABV2@@Z 100171c7 f i libvcruntime:undname.obj
 0001:00017202       ?doAccessSpecifiers@UnDecorator@@SAHXZ 10018202 f i libvcruntime:undname.obj
 0001:00017213       ?doAllocationLanguage@UnDecorator@@SAHXZ 10018213 f i libvcruntime:undname.obj
 0001:00017224       ?doAllocationModel@UnDecorator@@SAHXZ 10018224 f i libvcruntime:undname.obj
 0001:00017235       ?doEcsu@UnDecorator@@SAHXZ 10018235 f i libvcruntime:undname.obj
 0001:00017246       ?doEllipsis@UnDecorator@@SAHXZ 10018246 f i libvcruntime:undname.obj
 0001:00017257       ?doFunctionReturns@UnDecorator@@SAHXZ 10018257 f i libvcruntime:undname.obj
 0001:00017268       ?doMSKeywords@UnDecorator@@SAHXZ 10018268 f i libvcruntime:undname.obj
 0001:00017278       ?doMemberTypes@UnDecorator@@SAHXZ 10018278 f i libvcruntime:undname.obj
 0001:00017289       ?doNameOnly@UnDecorator@@SAHXZ 10018289 f i libvcruntime:undname.obj
 0001:00017296       ?doNoIdentCharCheck@UnDecorator@@SAHXZ 10018296 f i libvcruntime:undname.obj
 0001:000172a3       ?doPchar@DName@@AAEXPBDH@Z 100182a3 f   libvcruntime:undname.obj
 0001:0001734f       ?doPtr64@UnDecorator@@SAHXZ 1001834f f i libvcruntime:undname.obj
 0001:00017360       ?doRestrictionSpec@UnDecorator@@SAHXZ 10018360 f i libvcruntime:undname.obj
 0001:00017371       ?doThisTypes@UnDecorator@@SAHXZ 10018371 f i libvcruntime:undname.obj
 0001:00017387       ?doThrowTypes@UnDecorator@@SAHXZ 10018387 f i libvcruntime:undname.obj
 0001:00017398       ?doTypeOnly@UnDecorator@@SAHXZ 10018398 f i libvcruntime:undname.obj
 0001:000173a5       ?doUnderScore@UnDecorator@@SAHXZ 100183a5 f i libvcruntime:undname.obj
 0001:000173b2       ?getArgumentList@UnDecorator@@CA?AVDName@@XZ 100183b2 f   libvcruntime:undname.obj
 0001:00017501       ?getArgumentTypes@UnDecorator@@CA?AVDName@@XZ 10018501 f   libvcruntime:undname.obj
 0001:00017619       ?getArrayType@UnDecorator@@CA?AVDName@@ABV2@@Z 10018619 f i libvcruntime:undname.obj
 0001:0001789b       ?getBasedType@UnDecorator@@CA?AVDName@@XZ 1001889b f   libvcruntime:undname.obj
 0001:0001795a       ?getBasicDataType@UnDecorator@@CA?AVDName@@ABV2@@Z 1001895a f   libvcruntime:undname.obj
 0001:00017e44       ?getCallIndex@UnDecorator@@CA?AVDName@@XZ 10018e44 f i libvcruntime:undname.obj
 0001:00017e5d       ?getCallingConvention@UnDecorator@@CA?AVDName@@XZ 10018e5d f   libvcruntime:undname.obj
 0001:00017f4b       ?getDataIndirectType@UnDecorator@@CA?AVDName@@ABV2@PBD0H@Z 10018f4b f   libvcruntime:undname.obj
 0001:000186f6       ?getDataIndirectType@UnDecorator@@CA?AVDName@@XZ 100196f6 f i libvcruntime:undname.obj
 0001:0001873d       ?getDataType@UnDecorator@@CA?AVDName@@PAV2@@Z 1001973d f   libvcruntime:undname.obj
 0001:00018843       ?getDecoratedName@UnDecorator@@CA?AVDName@@XZ 10019843 f   libvcruntime:undname.obj
 0001:00018b22       ?getDimension@UnDecorator@@CA?AVDName@@_N@Z 10019b22 f   libvcruntime:undname.obj
 0001:00018ca6       ?getDispatchTarget@UnDecorator@@CA?AVDName@@XZ 10019ca6 f   libvcruntime:undname.obj
 0001:00018d17       ?getDisplacement@UnDecorator@@CA?AVDName@@XZ 10019d17 f i libvcruntime:undname.obj
 0001:00018d30       ?getECSUDataType@UnDecorator@@CA?AVDName@@XZ 10019d30 f   libvcruntime:undname.obj
 0001:00018e94       ?getECSUName@UnDecorator@@CA?AVDName@@XZ 10019e94 f i libvcruntime:undname.obj
 0001:00018ea9       ?getEnumType@UnDecorator@@CA?AVDName@@XZ 10019ea9 f i libvcruntime:undname.obj
 0001:00018fd0       ?getExtendedDataIndirectType@UnDecorator@@CA?AVDName@@AAPBDAA_NH@Z 10019fd0 f   libvcruntime:undname.obj
 0001:000191e3       ?getExternalDataType@UnDecorator@@CA?AVDName@@ABV2@@Z 1001a1e3 f i libvcruntime:undname.obj
 0001:0001927a       ?getFunctionIndirectType@UnDecorator@@CA?AVDName@@ABV2@@Z 1001a27a f   libvcruntime:undname.obj
 0001:00019785       ?getGuardNumber@UnDecorator@@CA?AVDName@@XZ 1001a785 f i libvcruntime:undname.obj
 0001:0001979e       ?getLastChar@DName@@QBEDXZ 1001a79e f i libvcruntime:undname.obj
 0001:000197c4       ?getLastChar@DNameStatusNode@@UBEDXZ 1001a7c4 f i libvcruntime:undname.obj
 0001:000197d3       ?getLastChar@charNode@@UBEDXZ 1001a7d3 f i libvcruntime:undname.obj
 0001:000197d7       ?getLastChar@pDNameNode@@UBEDXZ 1001a7d7 f i libvcruntime:undname.obj
 0001:000197e8       ?getLastChar@pairNode@@UBEDXZ 1001a7e8 f i libvcruntime:undname.obj
 0001:00019827       ?getLastChar@pcharNode@@UBEDXZ 1001a827 f i libvcruntime:undname.obj
 0001:0001983d       ?getLexicalFrame@UnDecorator@@CA?AVDName@@XZ 1001a83d f i libvcruntime:undname.obj
 0001:00019889       ?getMemory@_HeapManager@@QAEPAXIH@Z 1001a889 f   libvcruntime:undname.obj
 0001:0001993a       ?getNumberOfDimensions@UnDecorator@@CAHXZ 1001a93a f   libvcruntime:undname.obj
 0001:000199b3       ?getOperatorName@UnDecorator@@CA?AVDName@@_NPA_N@Z 1001a9b3 f i libvcruntime:undname.obj
 0001:0001a163       ?getPointerType@UnDecorator@@CA?AVDName@@ABV2@0@Z 1001b163 f i libvcruntime:undname.obj
 0001:0001a188       ?getPointerTypeArray@UnDecorator@@CA?AVDName@@ABV2@0@Z 1001b188 f i libvcruntime:undname.obj
 0001:0001a1ad       ?getPrimaryDataType@UnDecorator@@CA?AVDName@@ABV2@@Z 1001b1ad f   libvcruntime:undname.obj
 0001:0001a41e       ?getPtrRefDataType@UnDecorator@@CA?AVDName@@ABV2@H@Z 1001b41e f   libvcruntime:undname.obj
 0001:0001a560       ?getPtrRefType@UnDecorator@@CA?AVDName@@ABV2@0PBD@Z 1001b560 f   libvcruntime:undname.obj
 0001:0001a69b       ?getReferenceType@UnDecorator@@CA?AVDName@@ABV2@0PBD@Z 1001b69b f i libvcruntime:undname.obj
 0001:0001a6be       ?getRestrictionSpec@UnDecorator@@CA?AVDName@@XZ 1001b6be f   libvcruntime:undname.obj
 0001:0001a7ec       ?getReturnType@UnDecorator@@CA?AVDName@@PAV2@@Z 1001b7ec f   libvcruntime:undname.obj
 0001:0001a826       ?getScope@UnDecorator@@CA?AVDName@@XZ 1001b826 f   libvcruntime:undname.obj
 0001:0001acfb       ?getScopedName@UnDecorator@@CA?AVDName@@XZ 1001bcfb f   libvcruntime:undname.obj
 0001:0001ae34       ?getSignedDimension@UnDecorator@@CA?AVDName@@XZ 1001be34 f   libvcruntime:undname.obj
 0001:0001ae9b       ?getStorageConvention@UnDecorator@@CA?AVDName@@XZ 1001be9b f i libvcruntime:undname.obj
 0001:0001aeb0       ?getString@DName@@QBEPADPAD0@Z 1001beb0 f i libvcruntime:undname.obj
 0001:0001aee7       ?getString@DName@@QBEPADPADH@Z 1001bee7 f i libvcruntime:undname.obj
 0001:0001af52       ?getString@DNameStatusNode@@UBEPADPAD0@Z 1001bf52 f i libvcruntime:undname.obj
 0001:0001af82       ?getString@charNode@@UBEPADPAD0@Z 1001bf82 f i libvcruntime:undname.obj
 0001:0001af9c       ?getString@pDNameNode@@UBEPADPAD0@Z 1001bf9c f i libvcruntime:undname.obj
 0001:0001afb8       ?getString@pairNode@@UBEPADPAD0@Z 1001bfb8 f i libvcruntime:undname.obj
 0001:0001b00d       ?getString@pcharNode@@UBEPADPAD0@Z 1001c00d f i libvcruntime:undname.obj
 0001:0001b02e       ?getStringEncoding@UnDecorator@@CA?AVDName@@PADH@Z 1001c02e f   libvcruntime:undname.obj
 0001:0001b0f9       ?getStringHelper@@YAPADPAD00H@Z 1001c0f9 f i libvcruntime:undname.obj
 0001:0001b13d       ?getSymbolName@UnDecorator@@CA?AVDName@@XZ 1001c13d f i libvcruntime:undname.obj
 0001:0001b197       ?getTemplateArgumentList@UnDecorator@@CA?AVDName@@XZ 1001c197 f   libvcruntime:undname.obj
 0001:0001b4e4       ?getTemplateConstant@UnDecorator@@CA?AVDName@@XZ 1001c4e4 f   libvcruntime:undname.obj
 0001:0001b8f9       ?getTemplateName@UnDecorator@@CA?AVDName@@_N@Z 1001c8f9 f   libvcruntime:undname.obj
 0001:0001baa4       ?getThisType@UnDecorator@@CA?AVDName@@XZ 1001caa4 f i libvcruntime:undname.obj
 0001:0001baec       ?getThrowTypes@UnDecorator@@CA?AVDName@@XZ 1001caec f   libvcruntime:undname.obj
 0001:0001bb98       ?getTypeEncoding@UnDecorator@@CAHXZ 1001cb98 f i libvcruntime:undname.obj
 0001:0001bf94       ?getVCallThunkType@UnDecorator@@CA?AVDName@@XZ 1001cf94 f i libvcruntime:undname.obj
 0001:0001bfdd       ?getVbTableType@UnDecorator@@CA?AVDName@@ABV2@@Z 1001cfdd f i libvcruntime:undname.obj
 0001:0001bff7       ?getVdispMapType@UnDecorator@@CA?AVDName@@ABV2@@Z 1001cff7 f i libvcruntime:undname.obj
 0001:0001c062       ?getVfTableType@UnDecorator@@CA?AVDName@@ABV2@@Z 1001d062 f i libvcruntime:undname.obj
 0001:0001c220       ?getZName@UnDecorator@@CA?AVDName@@_N0@Z 1001d220 f   libvcruntime:undname.obj
 0001:0001c4f0       ?haveTemplateParameters@UnDecorator@@SAHXZ 1001d4f0 f i libvcruntime:undname.obj
 0001:0001c4fd       ?isArray@DName@@QBEHXZ     1001d4fd f i libvcruntime:undname.obj
 0001:0001c509       ?isComArray@DName@@QBEHXZ  1001d509 f i libvcruntime:undname.obj
 0001:0001c515       ?isEmpty@DName@@QBEHXZ     1001d515 f i libvcruntime:undname.obj
 0001:0001c51f       ?isFull@Replicator@@QBEHXZ 1001d51f f i libvcruntime:undname.obj
 0001:0001c52a       ?isNoTE@DName@@QBEHXZ      1001d52a f i libvcruntime:undname.obj
 0001:0001c536       ?isPinPtr@DName@@QBEHXZ    1001d536 f i libvcruntime:undname.obj
 0001:0001c542       ?isPtrRef@DName@@QBEHXZ    1001d542 f i libvcruntime:undname.obj
 0001:0001c54e       ?isUDC@DName@@QBEHXZ       1001d54e f i libvcruntime:undname.obj
 0001:0001c563       ?isUDTThunk@DName@@QBEHXZ  1001d563 f i libvcruntime:undname.obj
 0001:0001c578       ?isVCallThunk@DName@@QBEHXZ 1001d578 f i libvcruntime:undname.obj
 0001:0001c584       ?isValid@DName@@QBEHXZ     1001d584 f i libvcruntime:undname.obj
 0001:0001c590       ?length@DName@@QBEHXZ      1001d590 f i libvcruntime:undname.obj
 0001:0001c5b5       ?length@DNameStatusNode@@UBEHXZ 1001d5b5 f i libvcruntime:undname.obj
 0001:0001c5b9       ?length@charNode@@UBEHXZ   1001d5b9 f i libvcruntime:undname.obj
 0001:0001c5bd       ?length@pDNameNode@@UBEHXZ 1001d5bd f i libvcruntime:undname.obj
 0001:0001c5ce       ?length@pairNode@@UBEHXZ   1001d5ce f i libvcruntime:undname.obj
 0001:0001c62a       ?length@pcharNode@@UBEHXZ  1001d62a f i libvcruntime:undname.obj
 0001:0001c62e       ?make@DNameStatusNode@@SAPAV1@W4DNameStatus@@@Z 1001d62e f i libvcruntime:undname.obj
 0001:0001c6d5       ?setIsArray@DName@@QAEXXZ  1001d6d5 f i libvcruntime:undname.obj
 0001:0001c6df       ?setIsComArray@DName@@QAEXXZ 1001d6df f i libvcruntime:undname.obj
 0001:0001c6e9       ?setIsNoTE@DName@@QAEXXZ   1001d6e9 f i libvcruntime:undname.obj
 0001:0001c6f3       ?setIsPinPtr@DName@@QAEXXZ 1001d6f3 f i libvcruntime:undname.obj
 0001:0001c6fd       ?setIsUDC@DName@@QAEXXZ    1001d6fd f i libvcruntime:undname.obj
 0001:0001c70d       ?setIsVCallThunk@DName@@QAEXXZ 1001d70d f i libvcruntime:undname.obj
 0001:0001c717       ?setPtrRef@DName@@QAEAAV1@XZ 1001d717 f i libvcruntime:undname.obj
 0001:0001c723       ?status@DName@@QBE?AW4DNameStatus@@XZ 1001d723 f i libvcruntime:undname.obj
 0001:0001c7a8       ___unDName                 1001d7a8 f   libvcruntime:undname.obj
 0001:0001c862       ___unDNameEx               1001d862 f   libvcruntime:undname.obj
 0001:0001c91c       __vsprintf_s_l             1001d91c f i libvcruntime:undname.obj
 0001:0001c954       _sprintf_s                 1001d954 f i libvcruntime:undname.obj
 0001:0001c980       __global_unwind2           1001d980 f   libvcruntime:_exsup_.obj
 0001:0001c9e5       __local_unwind2            1001d9e5 f   libvcruntime:_exsup_.obj
 0001:0001ca69       __abnormal_termination     1001da69 f   libvcruntime:_exsup_.obj
 0001:0001ca8c       __NLG_Notify1              1001da8c f   libvcruntime:_exsup_.obj
 0001:0001ca95       __NLG_Notify               1001da95 f   libvcruntime:_exsup_.obj
 0001:0001caac       __NLG_Dispatch2            1001daac     libvcruntime:_exsup_.obj
 0001:0001caac       __NLG_Dispatch             1001daac     libvcruntime:_exsup_.obj
 0001:0001cab4       __NLG_Call                 1001dab4 f   libvcruntime:_exsup_.obj
 0001:0001cab6       __NLG_Return2              1001dab6     libvcruntime:_exsup_.obj
 0001:0001cb04       ??$__crt_fast_decode_pointer@P6AXXZ@@YAP6AXXZQ6AXXZ@Z 1001db04 f i libvcruntime:purevirt.obj
 0001:0001cb1d       ??$__crt_interlocked_compare_exchange_pointer@$$A6AXXZ$$T$$T@@YAP6AXXZPDS6AXXZ$$T1@Z 1001db1d f i libvcruntime:purevirt.obj
 0001:0001cb33       ??$__crt_interlocked_exchange_pointer@$$A6AXXZP6AXXZ@@YAP6AXXZPDS6AXXZQ6AXXZ@Z 1001db33 f i libvcruntime:purevirt.obj
 0001:0001cb43       ??$__crt_interlocked_read_pointer@$$A6AXXZ@@YAP6AXXZPDS6AXXZ@Z 1001db43 f i libvcruntime:purevirt.obj
 0001:0001cb57       __get_purecall_handler     1001db57 f   libvcruntime:purevirt.obj
 0001:0001cb7d       __purecall                 1001db7d f   libvcruntime:purevirt.obj
 0001:0001cb9e       __set_purecall_handler     1001db9e f   libvcruntime:purevirt.obj
 0001:0001cbcc       _malloc                    1001dbcc f   libucrt:malloc.obj
 0001:0001cbe0       _fmod                      1001dbe0 f   libucrt:87fmod.obj
 0001:0001cbea       __CIfmod                   1001dbea f   libucrt:87fmod.obj
 0001:0001cc0a       _calloc                    1001dc0a f   libucrt:calloc.obj
 0001:0001cc17       _free                      1001dc17 f   libucrt:free.obj
 0001:0001cc1c       _realloc                   1001dc1c f   libucrt:realloc.obj
 0001:0001cc29       ??$?B$$A6GXPAXK0@Z@__crt_fast_encoded_nullptr_t@@QBEP6GXPAXK0@ZXZ 1001dc29 f i libucrt:exit.obj
 0001:0001cc47       ??$__crt_fast_decode_pointer@P6GXPAXK0@Z@@YAP6GXPAXK0@ZQ6GX0K0@Z@Z 1001dc47 f i libucrt:exit.obj
 0001:0001cc62       ??$__crt_fast_encode_pointer@P6GXPAXK0@Z@@YAP6GXPAXK0@ZQ6GX0K0@Z@Z 1001dc62 f i libucrt:exit.obj
 0001:0001cc88       ??$__crt_get_proc_address@P6GXI@Z@@YAP6GXI@ZQAUHINSTANCE__@@QBD@Z 1001dc88 f i libucrt:exit.obj
 0001:0001cc9f       ??$__crt_interlocked_read@J@@YAJPDJ@Z 1001dc9f f i libucrt:exit.obj
 0001:0001ccae       ??0?$__crt_unique_handle_t@U__crt_hmodule_traits@@@@QAE@QAUHINSTANCE__@@@Z 1001dcae f i libucrt:exit.obj
 0001:0001ccc2       ??1?$__crt_unique_handle_t@U__crt_hmodule_traits@@@@QAE@XZ 1001dcc2 f i libucrt:exit.obj
 0001:0001ccde       ?__crt_interlocked_read_32@@YAHPDH@Z 1001dcde f i libucrt:exit.obj
 0001:0001cd04       ?close@?$__crt_unique_handle_t@U__crt_hmodule_traits@@@@QAEXXZ 1001dd04 f i libucrt:exit.obj
 0001:0001cd20       ?close@__crt_hmodule_traits@@SA_NPAUHINSTANCE__@@@Z 1001dd20 f i libucrt:exit.obj
 0001:0001ceeb       ?get@?$__crt_unique_handle_t@U__crt_hmodule_traits@@@@QBEPAUHINSTANCE__@@XZ 1001deeb f i libucrt:exit.obj
 0001:0001ceee       ?get_address_of@?$__crt_unique_handle_t@U__crt_hmodule_traits@@@@QAEPAPAUHINSTANCE__@@XZ 1001deee f i libucrt:exit.obj
 0001:0001cef1       ?get_invalid_value@__crt_hmodule_traits@@SAPAUHINSTANCE__@@XZ 1001def1 f i libucrt:exit.obj
 0001:0001cfee       __Exit                     1001dfee f   libucrt:exit.obj
 0001:0001d009       ___acrt_initialize_thread_local_exit_callback 1001e009 f   libucrt:exit.obj
 0001:0001d01b       __c_exit                   1001e01b f   libucrt:exit.obj
 0001:0001d02d       __cexit                    1001e02d f   libucrt:exit.obj
 0001:0001d03f       __exit                     1001e03f f   libucrt:exit.obj
 0001:0001d05a       __is_c_termination_complete 1001e05a f   libucrt:exit.obj
 0001:0001d060       __register_thread_local_exe_atexit_callback 1001e060 f   libucrt:exit.obj
 0001:0001d0a6       _exit                      1001e0a6 f   libucrt:exit.obj
 0001:0001d0c1       _quick_exit                1001e0c1 f   libucrt:exit.obj
 0001:0001d0e0       _strncat                   1001e0e0 f   libucrt:strncat.obj
 0001:0001d270       _strncpy                   1001e270 f   libucrt:strncpy.obj
 0001:0001d3dd       ??$?RPAU__crt_stdio_stream_data@@@__crt_internal_free_policy@@QBEXQBQAU__crt_stdio_stream_data@@@Z 1001e3dd f i libucrt:_file.obj
 0001:0001d3f3       ??0?$__crt_unique_heap_ptr@PAU__crt_stdio_stream_data@@U__crt_internal_free_policy@@@@QAE@QAPAU__crt_stdio_stream_data@@@Z 1001e3f3 f i libucrt:_file.obj
 0001:0001d407       ??0__crt_stdio_stream@@QAE@QAU_iobuf@@@Z 1001e407 f i libucrt:_file.obj
 0001:0001d41b       ??1?$__crt_unique_heap_ptr@PAU__crt_stdio_stream_data@@U__crt_internal_free_policy@@@@QAE@XZ 1001e41b f i libucrt:_file.obj
 0001:0001d431       ??C__crt_stdio_stream@@QBEPAU__crt_stdio_stream_data@@XZ 1001e431 f i libucrt:_file.obj
 0001:0001d434       ?detach@?$__crt_unique_heap_ptr@PAU__crt_stdio_stream_data@@U__crt_internal_free_policy@@@@QAEPAPAU__crt_stdio_stream_data@@XZ 1001e434 f i libucrt:_file.obj
 0001:0001d43a       ?release@?$__crt_unique_heap_ptr@PAU__crt_stdio_stream_data@@U__crt_internal_free_policy@@@@QAEXXZ 1001e43a f i libucrt:_file.obj
 0001:0001d450       ___acrt_initialize_stdio   1001e450 f   libucrt:_file.obj
 0001:0001d54a       ___acrt_iob_func           1001e54a f   libucrt:_file.obj
 0001:0001d55e       ___acrt_uninitialize_stdio 1001e55e f   libucrt:_file.obj
 0001:0001d5bd       __get_stream_buffer_pointers 1001e5bd f   libucrt:_file.obj
 0001:0001d614       __lock_file                1001e614 f   libucrt:_file.obj
 0001:0001d62d       __unlock_file              1001e62d f   libucrt:_file.obj
 0001:0001d646       ?get_flags@__crt_stdio_stream@@QBEJXZ 1001e646 f i libucrt:fclose.obj
 0001:0001d64c       ?is_in_use@__crt_stdio_stream@@QBE_NXZ 1001e64c f i libucrt:fclose.obj
 0001:0001d65b       ?is_string_backed@__crt_stdio_stream@@QBE_NXZ 1001e65b f i libucrt:fclose.obj
 0001:0001d66a       ?public_stream@__crt_stdio_stream@@QBEPAU_iobuf@@XZ 1001e66a f i libucrt:fclose.obj
 0001:0001d66d       ?valid@__crt_stdio_stream@@QBE_NXZ 1001e66d f i libucrt:fclose.obj
 0001:0001d677       __fclose_nolock            1001e677 f   libucrt:fclose.obj
 0001:0001d70a       _fclose                    1001e70a f   libucrt:fclose.obj
 0001:0001da3c       ??$open_file@ABQBDABQBDABHPAU_iobuf@@@?$__crt_char_traits@D@@SAPAU_iobuf@@ABQBD0ABH$$QAPAU1@@Z 1001ea3c f i libucrt:fopen.obj
 0001:0001da67       ??$open_file@ABQB_WABQB_WABHPAU_iobuf@@@?$__crt_char_traits@_W@@SAPAU_iobuf@@ABQB_W0ABH$$QAPAU1@@Z 1001ea67 f i libucrt:fopen.obj
 0001:0001da92       ?unlock@__crt_stdio_stream@@QBEXXZ 1001ea92 f i libucrt:fopen.obj
 0001:0001da9d       __fsopen                   1001ea9d f   libucrt:fopen.obj
 0001:0001daaa       __wfopen                   1001eaaa f   libucrt:fopen.obj
 0001:0001dac6       __wfopen_s                 1001eac6 f   libucrt:fopen.obj
 0001:0001db1e       __wfsopen                  1001eb1e f   libucrt:fopen.obj
 0001:0001db2b       _fopen                     1001eb2b f   libucrt:fopen.obj
 0001:0001db47       _fopen_s                   1001eb47 f   libucrt:fopen.obj
 0001:0001db9f       ?has_any_buffer@__crt_stdio_stream@@QBE_NXZ 1001eb9f f i libucrt:fread.obj
 0001:0001dbb4       ?has_any_of@__crt_stdio_stream@@QBE_NJ@Z 1001ebb4 f i libucrt:fread.obj
 0001:0001dbd0       ?set_flags@__crt_stdio_stream@@QBE_NJ@Z 1001ebd0 f i libucrt:fread.obj
 0001:0001dc00       __fread_nolock             1001ec00 f   libucrt:fread.obj
 0001:0001dc24       __fread_nolock_s           1001ec24 f   libucrt:fread.obj
 0001:0001de63       _fread                     1001ee63 f   libucrt:fread.obj
 0001:0001de87       _fread_s                   1001ee87 f   libucrt:fread.obj
 0001:0001dfdf       ??$?RV<lambda_11b4f7b0d3157825a5656a18eba1ae27>@@AAV<lambda_b51c0495177f500e782686251704ae76>@@V<lambda_cf89b47920b5017557bfe891e78aca36>@@@?$__crt_seh_guarded_call@I@@QAEI$$QAV<lambda_11b4f7b0d3157825a5656a18eba1ae27>@@AAV<lambda_b51c0495177f500e782686251704ae76>@@$$QAV<lambda_cf89b47920b5017557bfe891e78aca36>@@@Z 1001efdf f i libucrt:fwrite.obj
 0001:0001e044       ??$__acrt_lock_stream_and_call@V<lambda_b51c0495177f500e782686251704ae76>@@@@YAIQAU_iobuf@@$$QAV<lambda_b51c0495177f500e782686251704ae76>@@@Z 1001f044 f i libucrt:fwrite.obj
 0001:0001e0cc       ??0__acrt_stdio_temporary_buffering_guard@@QAE@QAU_iobuf@@@Z 1001f0cc f i libucrt:fwrite.obj
 0001:0001e0f1       ??1__acrt_stdio_temporary_buffering_guard@@QAE@XZ 1001f0f1 f i libucrt:fwrite.obj
 0001:0001e170       ?has_big_buffer@__crt_stdio_stream@@QBE_NXZ 1001f170 f i libucrt:fwrite.obj
 0001:0001e181       __fwrite_nolock            1001f181 f   libucrt:fwrite.obj
 0001:0001e358       _fwrite                    1001f358 f   libucrt:fwrite.obj
 0001:0001e3c6       ??$?R_W@__crt_internal_free_policy@@QBEXQB_W@Z 1001f3c6 f i libucrt:unlink.obj
 0001:0001e3dc       ??0?$__crt_unique_heap_ptr@_WU__crt_internal_free_policy@@@@QAE@QA_W@Z 1001f3dc f i libucrt:unlink.obj
 0001:0001e3f0       ??1?$__crt_unique_heap_ptr@_WU__crt_internal_free_policy@@@@QAE@XZ 1001f3f0 f i libucrt:unlink.obj
 0001:0001e406       ?get@?$__crt_unique_heap_ptr@_WU__crt_internal_free_policy@@@@QBEPA_WXZ 1001f406 f i libucrt:unlink.obj
 0001:0001e409       ?get_address_of@?$__crt_unique_heap_ptr@_WU__crt_internal_free_policy@@@@QAEPAPA_WXZ 1001f409 f i libucrt:unlink.obj
 0001:0001e40c       ?release@?$__crt_unique_heap_ptr@_WU__crt_internal_free_policy@@@@QAEXXZ 1001f40c f i libucrt:unlink.obj
 0001:0001e422       __unlink                   1001f422 f   libucrt:unlink.obj
 0001:0001e42f       _remove                    1001f42f f   libucrt:unlink.obj
 0001:0001e48f       ?__acrt_stdio_reset_buffer@@YAXV__crt_stdio_stream@@@Z 1001f48f f i libucrt:rewind.obj
 0001:0001e4aa       ?has_all_of@__crt_stdio_stream@@QBE_NJ@Z 1001f4aa f i libucrt:rewind.obj
 0001:0001e4c9       ?unset_flags@__crt_stdio_stream@@QBE_NJ@Z 1001f4c9 f i libucrt:rewind.obj
 0001:0001e4fd       _rewind                    1001f4fd f   libucrt:rewind.obj
 0001:0001e5fe       ??$?0ABV?$stream_output_adapter@D@__crt_stdio_output@@AB_KABQBDABQAU__crt_locale_pointers@@ABQAD@?$format_validation_base@DV?$stream_output_adapter@D@__crt_stdio_output@@@__crt_stdio_output@@IAE@ABV?$stream_output_adapter@D@1@AB_KABQBDABQAU__crt_locale_pointers@@ABQAD@Z 1001f5fe f i libucrt:output.obj
 0001:0001e629       ??$?0ABV?$stream_output_adapter@D@__crt_stdio_output@@AB_KABQBDABQAU__crt_locale_pointers@@ABQAD@?$positional_parameter_base@DV?$stream_output_adapter@D@__crt_stdio_output@@@__crt_stdio_output@@IAE@ABV?$stream_output_adapter@D@1@AB_KABQBDABQAU__crt_locale_pointers@@ABQAD@Z 1001f629 f i libucrt:output.obj
 0001:0001e683       ??$?0ABV?$stream_output_adapter@D@__crt_stdio_output@@AB_KABQBDABQAU__crt_locale_pointers@@ABQAD@?$standard_base@DV?$stream_output_adapter@D@__crt_stdio_output@@@__crt_stdio_output@@IAE@ABV?$stream_output_adapter@D@1@AB_KABQBDABQAU__crt_locale_pointers@@ABQAD@Z 1001f683 f i libucrt:output.obj
 0001:0001e6c5       ??$?0ABV?$stream_output_adapter@_W@__crt_stdio_output@@AB_KABQB_WABQAU__crt_locale_pointers@@ABQAD@?$format_validation_base@_WV?$stream_output_adapter@_W@__crt_stdio_output@@@__crt_stdio_output@@IAE@ABV?$stream_output_adapter@_W@1@AB_KABQB_WABQAU__crt_locale_pointers@@ABQAD@Z 1001f6c5 f i libucrt:output.obj
 0001:0001e6f0       ??$?0ABV?$stream_output_adapter@_W@__crt_stdio_output@@AB_KABQB_WABQAU__crt_locale_pointers@@ABQAD@?$positional_parameter_base@_WV?$stream_output_adapter@_W@__crt_stdio_output@@@__crt_stdio_output@@IAE@ABV?$stream_output_adapter@_W@1@AB_KABQB_WABQAU__crt_locale_pointers@@ABQAD@Z 1001f6f0 f i libucrt:output.obj
 0001:0001e74a       ??$?0ABV?$stream_output_adapter@_W@__crt_stdio_output@@AB_KABQB_WABQAU__crt_locale_pointers@@ABQAD@?$standard_base@_WV?$stream_output_adapter@_W@__crt_stdio_output@@@__crt_stdio_output@@IAE@ABV?$stream_output_adapter@_W@1@AB_KABQB_WABQAU__crt_locale_pointers@@ABQAD@Z 1001f74a f i libucrt:output.obj
 0001:0001e78c       ??$?0ABV?$string_output_adapter@D@__crt_stdio_output@@AB_KABQBDABQAU__crt_locale_pointers@@ABQAD@?$format_validation_base@DV?$string_output_adapter@D@__crt_stdio_output@@@__crt_stdio_output@@IAE@ABV?$string_output_adapter@D@1@AB_KABQBDABQAU__crt_locale_pointers@@ABQAD@Z 1001f78c f i libucrt:output.obj
 0001:0001e7b7       ??$?0ABV?$string_output_adapter@D@__crt_stdio_output@@AB_KABQBDABQAU__crt_locale_pointers@@ABQAD@?$positional_parameter_base@DV?$string_output_adapter@D@__crt_stdio_output@@@__crt_stdio_output@@IAE@ABV?$string_output_adapter@D@1@AB_KABQBDABQAU__crt_locale_pointers@@ABQAD@Z 1001f7b7 f i libucrt:output.obj
 0001:0001e811       ??$?0ABV?$string_output_adapter@D@__crt_stdio_output@@AB_KABQBDABQAU__crt_locale_pointers@@ABQAD@?$standard_base@DV?$string_output_adapter@D@__crt_stdio_output@@@__crt_stdio_output@@IAE@ABV?$string_output_adapter@D@1@AB_KABQBDABQAU__crt_locale_pointers@@ABQAD@Z 1001f811 f i libucrt:output.obj
 0001:0001e853       ??$?0ABV?$string_output_adapter@_W@__crt_stdio_output@@AB_KABQB_WABQAU__crt_locale_pointers@@ABQAD@?$format_validation_base@_WV?$string_output_adapter@_W@__crt_stdio_output@@@__crt_stdio_output@@IAE@ABV?$string_output_adapter@_W@1@AB_KABQB_WABQAU__crt_locale_pointers@@ABQAD@Z 1001f853 f i libucrt:output.obj
 0001:0001e87e       ??$?0ABV?$string_output_adapter@_W@__crt_stdio_output@@AB_KABQB_WABQAU__crt_locale_pointers@@ABQAD@?$positional_parameter_base@_WV?$string_output_adapter@_W@__crt_stdio_output@@@__crt_stdio_output@@IAE@ABV?$string_output_adapter@_W@1@AB_KABQB_WABQAU__crt_locale_pointers@@ABQAD@Z 1001f87e f i libucrt:output.obj
 0001:0001e8d8       ??$?0ABV?$string_output_adapter@_W@__crt_stdio_output@@AB_KABQB_WABQAU__crt_locale_pointers@@ABQAD@?$standard_base@_WV?$string_output_adapter@_W@__crt_stdio_output@@@__crt_stdio_output@@IAE@ABV?$string_output_adapter@_W@1@AB_KABQB_WABQAU__crt_locale_pointers@@ABQAD@Z 1001f8d8 f i libucrt:output.obj
 0001:0001e91a       ??$?RV<lambda_2293f24e3ce1ad6fe22ccfb9dec07671>@@AAV<lambda_2565fc715a641e539f44ad02d6823606>@@V<lambda_d3217f279b832965d9ca670dc2993570>@@@?$__crt_seh_guarded_call@H@@QAEH$$QAV<lambda_2293f24e3ce1ad6fe22ccfb9dec07671>@@AAV<lambda_2565fc715a641e539f44ad02d6823606>@@$$QAV<lambda_d3217f279b832965d9ca670dc2993570>@@@Z 1001f91a f i libucrt:output.obj
 0001:0001e97f       ??$?RV<lambda_4d4ac866be0fa3c441830420fabdd2cb>@@AAV<lambda_63a10c2dc8dbb9e4dd1890be52af7c93>@@V<lambda_002af9fa0f8fe472b648c51882d4fc32>@@@?$__crt_seh_guarded_call@H@@QAEH$$QAV<lambda_4d4ac866be0fa3c441830420fabdd2cb>@@AAV<lambda_63a10c2dc8dbb9e4dd1890be52af7c93>@@$$QAV<lambda_002af9fa0f8fe472b648c51882d4fc32>@@@Z 1001f97f f i libucrt:output.obj
 0001:0001e9e4       ??$?RV<lambda_5be909dfbae0a631386585770cd7b676>@@AAV<lambda_e516058a9c289d98c8ca9fea99247804>@@V<lambda_afe2e0cdc5e0ecf6f0d6f5e2f8985e38>@@@?$__crt_seh_guarded_call@H@@QAEH$$QAV<lambda_5be909dfbae0a631386585770cd7b676>@@AAV<lambda_e516058a9c289d98c8ca9fea99247804>@@$$QAV<lambda_afe2e0cdc5e0ecf6f0d6f5e2f8985e38>@@@Z 1001f9e4 f i libucrt:output.obj
 0001:0001ea49       ??$?RV<lambda_823d65812123d985753d53e2a8c25d20>@@AAV<lambda_0a97c9e57da7be065955385c79108ff2>@@V<lambda_4d2973f3ad2d226f00468307185dca1b>@@@?$__crt_seh_guarded_call@H@@QAEH$$QAV<lambda_823d65812123d985753d53e2a8c25d20>@@AAV<lambda_0a97c9e57da7be065955385c79108ff2>@@$$QAV<lambda_4d2973f3ad2d226f00468307185dca1b>@@@Z 1001fa49 f i libucrt:output.obj
 0001:0001eaae       ??$?RV<lambda_ab9923ffb5d694ec0d78876dd103e44f>@@AAV<lambda_481dd5778c961fbcd3b60b650e9b9dc4>@@V<lambda_7923d86c9e3f319b415918ec4b39749c>@@@?$__crt_seh_guarded_call@H@@QAEH$$QAV<lambda_ab9923ffb5d694ec0d78876dd103e44f>@@AAV<lambda_481dd5778c961fbcd3b60b650e9b9dc4>@@$$QAV<lambda_7923d86c9e3f319b415918ec4b39749c>@@@Z 1001faae f i libucrt:output.obj
 0001:0001eb13       ??$?RV<lambda_db08b09ef7aa9d4f8620ce68402612bc>@@AAV<lambda_4f2c1eaeead2a5fc776db5b62ea0fb9b>@@V<lambda_3ae262bc35d4ba6a3825c4f6bcaaf95c>@@@?$__crt_seh_guarded_call@H@@QAEH$$QAV<lambda_db08b09ef7aa9d4f8620ce68402612bc>@@AAV<lambda_4f2c1eaeead2a5fc776db5b62ea0fb9b>@@$$QAV<lambda_3ae262bc35d4ba6a3825c4f6bcaaf95c>@@@Z 1001fb13 f i libucrt:output.obj
 0001:0001eb78       ??$__acrt_lock_stream_and_call@V<lambda_0a97c9e57da7be065955385c79108ff2>@@@@YAHQAU_iobuf@@$$QAV<lambda_0a97c9e57da7be065955385c79108ff2>@@@Z 1001fb78 f i libucrt:output.obj
 0001:0001ebaa       ??$__acrt_lock_stream_and_call@V<lambda_2565fc715a641e539f44ad02d6823606>@@@@YAHQAU_iobuf@@$$QAV<lambda_2565fc715a641e539f44ad02d6823606>@@@Z 1001fbaa f i libucrt:output.obj
 0001:0001ebdc       ??$__acrt_lock_stream_and_call@V<lambda_481dd5778c961fbcd3b60b650e9b9dc4>@@@@YAHQAU_iobuf@@$$QAV<lambda_481dd5778c961fbcd3b60b650e9b9dc4>@@@Z 1001fbdc f i libucrt:output.obj
 0001:0001ec0e       ??$__acrt_lock_stream_and_call@V<lambda_4f2c1eaeead2a5fc776db5b62ea0fb9b>@@@@YAHQAU_iobuf@@$$QAV<lambda_4f2c1eaeead2a5fc776db5b62ea0fb9b>@@@Z 1001fc0e f i libucrt:output.obj
 0001:0001ec40       ??$__acrt_lock_stream_and_call@V<lambda_63a10c2dc8dbb9e4dd1890be52af7c93>@@@@YAHQAU_iobuf@@$$QAV<lambda_63a10c2dc8dbb9e4dd1890be52af7c93>@@@Z 1001fc40 f i libucrt:output.obj
 0001:0001ec72       ??$__acrt_lock_stream_and_call@V<lambda_e516058a9c289d98c8ca9fea99247804>@@@@YAHQAU_iobuf@@$$QAV<lambda_e516058a9c289d98c8ca9fea99247804>@@@Z 1001fc72 f i libucrt:output.obj
 0001:0001fee0       ??$count@D@formatting_buffer@__crt_stdio_output@@QBEIXZ 10020ee0 f i libucrt:output.obj
 0001:0001fefe       ??$data@D@formatting_buffer@__crt_stdio_output@@QAEPADXZ 10020efe f i libucrt:output.obj
 0001:0001ff0e       ??$data@_W@formatting_buffer@__crt_stdio_output@@QAEPA_WXZ 10020f0e f i libucrt:output.obj
 0001:0001ff1e       ??$ensure_buffer_is_big_enough@D@formatting_buffer@__crt_stdio_output@@QAE_NI@Z 10020f1e f i libucrt:output.obj
 0001:0001ffc5       ??$extract_argument_from_va_list@C_J@?$positional_parameter_base@DV?$stream_output_adapter@D@__crt_stdio_output@@@__crt_stdio_output@@IAE_NAA_J@Z 10020fc5 f i libucrt:output.obj
 0001:00020063       ??$extract_argument_from_va_list@C_J@?$positional_parameter_base@DV?$string_output_adapter@D@__crt_stdio_output@@@__crt_stdio_output@@IAE_NAA_J@Z 10021063 f i libucrt:output.obj
 0001:00020101       ??$extract_argument_from_va_list@C_J@?$positional_parameter_base@_WV?$stream_output_adapter@_W@__crt_stdio_output@@@__crt_stdio_output@@IAE_NAA_J@Z 10021101 f i libucrt:output.obj
 0001:0002019f       ??$extract_argument_from_va_list@C_J@?$positional_parameter_base@_WV?$string_output_adapter@_W@__crt_stdio_output@@@__crt_stdio_output@@IAE_NAA_J@Z 1002119f f i libucrt:output.obj
 0001:0002023d       ??$extract_argument_from_va_list@C_J@?$standard_base@DV?$stream_output_adapter@D@__crt_stdio_output@@@__crt_stdio_output@@IAE_NAA_J@Z 1002123d f i libucrt:output.obj
 0001:00020263       ??$extract_argument_from_va_list@C_J@?$standard_base@DV?$string_output_adapter@D@__crt_stdio_output@@@__crt_stdio_output@@IAE_NAA_J@Z 10021263 f i libucrt:output.obj
 0001:00020289       ??$extract_argument_from_va_list@C_J@?$standard_base@_WV?$stream_output_adapter@_W@__crt_stdio_output@@@__crt_stdio_output@@IAE_NAA_J@Z 10021289 f i libucrt:output.obj
 0001:000202af       ??$extract_argument_from_va_list@C_J@?$standard_base@_WV?$string_output_adapter@_W@__crt_stdio_output@@@__crt_stdio_output@@IAE_NAA_J@Z 100212af f i libucrt:output.obj
 0001:000202d5       ??$extract_argument_from_va_list@E_J@?$positional_parameter_base@DV?$stream_output_adapter@D@__crt_stdio_output@@@__crt_stdio_output@@IAE_NAA_J@Z 100212d5 f i libucrt:output.obj
 0001:00020373       ??$extract_argument_from_va_list@E_J@?$positional_parameter_base@DV?$string_output_adapter@D@__crt_stdio_output@@@__crt_stdio_output@@IAE_NAA_J@Z 10021373 f i libucrt:output.obj
 0001:00020411       ??$extract_argument_from_va_list@E_J@?$positional_parameter_base@_WV?$stream_output_adapter@_W@__crt_stdio_output@@@__crt_stdio_output@@IAE_NAA_J@Z 10021411 f i libucrt:output.obj
 0001:000204af       ??$extract_argument_from_va_list@E_J@?$positional_parameter_base@_WV?$string_output_adapter@_W@__crt_stdio_output@@@__crt_stdio_output@@IAE_NAA_J@Z 100214af f i libucrt:output.obj
 0001:0002054d       ??$extract_argument_from_va_list@E_J@?$standard_base@DV?$stream_output_adapter@D@__crt_stdio_output@@@__crt_stdio_output@@IAE_NAA_J@Z 1002154d f i libucrt:output.obj
 0001:00020573       ??$extract_argument_from_va_list@E_J@?$standard_base@DV?$string_output_adapter@D@__crt_stdio_output@@@__crt_stdio_output@@IAE_NAA_J@Z 10021573 f i libucrt:output.obj
 0001:00020599       ??$extract_argument_from_va_list@E_J@?$standard_base@_WV?$stream_output_adapter@_W@__crt_stdio_output@@@__crt_stdio_output@@IAE_NAA_J@Z 10021599 f i libucrt:output.obj
 0001:000205bf       ??$extract_argument_from_va_list@E_J@?$standard_base@_WV?$string_output_adapter@_W@__crt_stdio_output@@@__crt_stdio_output@@IAE_NAA_J@Z 100215bf f i libucrt:output.obj
 0001:000205e5       ??$extract_argument_from_va_list@F_J@?$positional_parameter_base@DV?$stream_output_adapter@D@__crt_stdio_output@@@__crt_stdio_output@@IAE_NAA_J@Z 100215e5 f i libucrt:output.obj
 0001:00020683       ??$extract_argument_from_va_list@F_J@?$positional_parameter_base@DV?$string_output_adapter@D@__crt_stdio_output@@@__crt_stdio_output@@IAE_NAA_J@Z 10021683 f i libucrt:output.obj
 0001:00020721       ??$extract_argument_from_va_list@F_J@?$positional_parameter_base@_WV?$stream_output_adapter@_W@__crt_stdio_output@@@__crt_stdio_output@@IAE_NAA_J@Z 10021721 f i libucrt:output.obj
 0001:000207bf       ??$extract_argument_from_va_list@F_J@?$positional_parameter_base@_WV?$string_output_adapter@_W@__crt_stdio_output@@@__crt_stdio_output@@IAE_NAA_J@Z 100217bf f i libucrt:output.obj
 0001:0002085d       ??$extract_argument_from_va_list@F_J@?$standard_base@DV?$stream_output_adapter@D@__crt_stdio_output@@@__crt_stdio_output@@IAE_NAA_J@Z 1002185d f i libucrt:output.obj
 0001:00020883       ??$extract_argument_from_va_list@F_J@?$standard_base@DV?$string_output_adapter@D@__crt_stdio_output@@@__crt_stdio_output@@IAE_NAA_J@Z 10021883 f i libucrt:output.obj
 0001:000208a9       ??$extract_argument_from_va_list@F_J@?$standard_base@_WV?$stream_output_adapter@_W@__crt_stdio_output@@@__crt_stdio_output@@IAE_NAA_J@Z 100218a9 f i libucrt:output.obj
 0001:000208cf       ??$extract_argument_from_va_list@F_J@?$standard_base@_WV?$string_output_adapter@_W@__crt_stdio_output@@@__crt_stdio_output@@IAE_NAA_J@Z 100218cf f i libucrt:output.obj
 0001:000208f5       ??$extract_argument_from_va_list@GD@?$positional_parameter_base@DV?$stream_output_adapter@D@__crt_stdio_output@@@__crt_stdio_output@@IAE_NAAD@Z 100218f5 f i libucrt:output.obj
 0001:00020992       ??$extract_argument_from_va_list@GD@?$positional_parameter_base@DV?$string_output_adapter@D@__crt_stdio_output@@@__crt_stdio_output@@IAE_NAAD@Z 10021992 f i libucrt:output.obj
 0001:00020a2f       ??$extract_argument_from_va_list@GD@?$standard_base@DV?$stream_output_adapter@D@__crt_stdio_output@@@__crt_stdio_output@@IAE_NAAD@Z 10021a2f f i libucrt:output.obj
 0001:00020a4f       ??$extract_argument_from_va_list@GD@?$standard_base@DV?$string_output_adapter@D@__crt_stdio_output@@@__crt_stdio_output@@IAE_NAAD@Z 10021a4f f i libucrt:output.obj
 0001:00020a6f       ??$extract_argument_from_va_list@G_J@?$positional_parameter_base@DV?$stream_output_adapter@D@__crt_stdio_output@@@__crt_stdio_output@@IAE_NAA_J@Z 10021a6f f i libucrt:output.obj
 0001:00020b0d       ??$extract_argument_from_va_list@G_J@?$positional_parameter_base@DV?$string_output_adapter@D@__crt_stdio_output@@@__crt_stdio_output@@IAE_NAA_J@Z 10021b0d f i libucrt:output.obj
 0001:00020bab       ??$extract_argument_from_va_list@G_J@?$positional_parameter_base@_WV?$stream_output_adapter@_W@__crt_stdio_output@@@__crt_stdio_output@@IAE_NAA_J@Z 10021bab f i libucrt:output.obj
 0001:00020c49       ??$extract_argument_from_va_list@G_J@?$positional_parameter_base@_WV?$string_output_adapter@_W@__crt_stdio_output@@@__crt_stdio_output@@IAE_NAA_J@Z 10021c49 f i libucrt:output.obj
 0001:00020ce7       ??$extract_argument_from_va_list@G_J@?$standard_base@DV?$stream_output_adapter@D@__crt_stdio_output@@@__crt_stdio_output@@IAE_NAA_J@Z 10021ce7 f i libucrt:output.obj
 0001:00020d0d       ??$extract_argument_from_va_list@G_J@?$standard_base@DV?$string_output_adapter@D@__crt_stdio_output@@@__crt_stdio_output@@IAE_NAA_J@Z 10021d0d f i libucrt:output.obj
 0001:00020d33       ??$extract_argument_from_va_list@G_J@?$standard_base@_WV?$stream_output_adapter@_W@__crt_stdio_output@@@__crt_stdio_output@@IAE_NAA_J@Z 10021d33 f i libucrt:output.obj
 0001:00020d59       ??$extract_argument_from_va_list@G_J@?$standard_base@_WV?$string_output_adapter@_W@__crt_stdio_output@@@__crt_stdio_output@@IAE_NAA_J@Z 10021d59 f i libucrt:output.obj
 0001:00020d7f       ??$extract_argument_from_va_list@H_J@?$positional_parameter_base@DV?$stream_output_adapter@D@__crt_stdio_output@@@__crt_stdio_output@@IAE_NAA_J@Z 10021d7f f i libucrt:output.obj
 0001:00020e1b       ??$extract_argument_from_va_list@H_J@?$positional_parameter_base@DV?$string_output_adapter@D@__crt_stdio_output@@@__crt_stdio_output@@IAE_NAA_J@Z 10021e1b f i libucrt:output.obj
 0001:00020eb7       ??$extract_argument_from_va_list@H_J@?$positional_parameter_base@_WV?$stream_output_adapter@_W@__crt_stdio_output@@@__crt_stdio_output@@IAE_NAA_J@Z 10021eb7 f i libucrt:output.obj
 0001:00020f53       ??$extract_argument_from_va_list@H_J@?$positional_parameter_base@_WV?$string_output_adapter@_W@__crt_stdio_output@@@__crt_stdio_output@@IAE_NAA_J@Z 10021f53 f i libucrt:output.obj
 0001:00020fef       ??$extract_argument_from_va_list@H_J@?$standard_base@DV?$stream_output_adapter@D@__crt_stdio_output@@@__crt_stdio_output@@IAE_NAA_J@Z 10021fef f i libucrt:output.obj
 0001:00021014       ??$extract_argument_from_va_list@H_J@?$standard_base@DV?$string_output_adapter@D@__crt_stdio_output@@@__crt_stdio_output@@IAE_NAA_J@Z 10022014 f i libucrt:output.obj
 0001:00021039       ??$extract_argument_from_va_list@H_J@?$standard_base@_WV?$stream_output_adapter@_W@__crt_stdio_output@@@__crt_stdio_output@@IAE_NAA_J@Z 10022039 f i libucrt:output.obj
 0001:0002105e       ??$extract_argument_from_va_list@H_J@?$standard_base@_WV?$string_output_adapter@_W@__crt_stdio_output@@@__crt_stdio_output@@IAE_NAA_J@Z 1002205e f i libucrt:output.obj
 0001:00021083       ??$extract_argument_from_va_list@I_J@?$positional_parameter_base@DV?$stream_output_adapter@D@__crt_stdio_output@@@__crt_stdio_output@@IAE_NAA_J@Z 10022083 f i libucrt:output.obj
 0001:0002112a       ??$extract_argument_from_va_list@I_J@?$positional_parameter_base@DV?$string_output_adapter@D@__crt_stdio_output@@@__crt_stdio_output@@IAE_NAA_J@Z 1002212a f i libucrt:output.obj
 0001:000211d1       ??$extract_argument_from_va_list@I_J@?$positional_parameter_base@_WV?$stream_output_adapter@_W@__crt_stdio_output@@@__crt_stdio_output@@IAE_NAA_J@Z 100221d1 f i libucrt:output.obj
 0001:00021278       ??$extract_argument_from_va_list@I_J@?$positional_parameter_base@_WV?$string_output_adapter@_W@__crt_stdio_output@@@__crt_stdio_output@@IAE_NAA_J@Z 10022278 f i libucrt:output.obj
 0001:0002131f       ??$extract_argument_from_va_list@I_J@?$standard_base@DV?$stream_output_adapter@D@__crt_stdio_output@@@__crt_stdio_output@@IAE_NAA_J@Z 1002231f f i libucrt:output.obj
 0001:00021344       ??$extract_argument_from_va_list@I_J@?$standard_base@DV?$string_output_adapter@D@__crt_stdio_output@@@__crt_stdio_output@@IAE_NAA_J@Z 10022344 f i libucrt:output.obj
 0001:00021369       ??$extract_argument_from_va_list@I_J@?$standard_base@_WV?$stream_output_adapter@_W@__crt_stdio_output@@@__crt_stdio_output@@IAE_NAA_J@Z 10022369 f i libucrt:output.obj
 0001:0002138e       ??$extract_argument_from_va_list@I_J@?$standard_base@_WV?$string_output_adapter@_W@__crt_stdio_output@@@__crt_stdio_output@@IAE_NAA_J@Z 1002238e f i libucrt:output.obj
 0001:000213b3       ??$extract_argument_from_va_list@PADPAD@?$positional_parameter_base@DV?$stream_output_adapter@D@__crt_stdio_output@@@__crt_stdio_output@@IAE_NAAPAD@Z 100223b3 f i libucrt:output.obj
 0001:00021450       ??$extract_argument_from_va_list@PADPAD@?$positional_parameter_base@DV?$string_output_adapter@D@__crt_stdio_output@@@__crt_stdio_output@@IAE_NAAPAD@Z 10022450 f i libucrt:output.obj
 0001:000214ed       ??$extract_argument_from_va_list@PADPAD@?$positional_parameter_base@_WV?$stream_output_adapter@_W@__crt_stdio_output@@@__crt_stdio_output@@IAE_NAAPAD@Z 100224ed f i libucrt:output.obj
 0001:0002158a       ??$extract_argument_from_va_list@PADPAD@?$positional_parameter_base@_WV?$string_output_adapter@_W@__crt_stdio_output@@@__crt_stdio_output@@IAE_NAAPAD@Z 1002258a f i libucrt:output.obj
 0001:00021627       ??$extract_argument_from_va_list@PADPAD@?$standard_base@DV?$stream_output_adapter@D@__crt_stdio_output@@@__crt_stdio_output@@IAE_NAAPAD@Z 10022627 f i libucrt:output.obj
 0001:00021647       ??$extract_argument_from_va_list@PADPAD@?$standard_base@DV?$string_output_adapter@D@__crt_stdio_output@@@__crt_stdio_output@@IAE_NAAPAD@Z 10022647 f i libucrt:output.obj
 0001:00021667       ??$extract_argument_from_va_list@PADPAD@?$standard_base@_WV?$stream_output_adapter@_W@__crt_stdio_output@@@__crt_stdio_output@@IAE_NAAPAD@Z 10022667 f i libucrt:output.obj
 0001:00021687       ??$extract_argument_from_va_list@PADPAD@?$standard_base@_WV?$string_output_adapter@_W@__crt_stdio_output@@@__crt_stdio_output@@IAE_NAAPAD@Z 10022687 f i libucrt:output.obj
 0001:000216a7       ??$extract_argument_from_va_list@PAUansi_string@?1??type_case_Z@?$output_processor@DV?$stream_output_adapter@D@__crt_stdio_output@@V?$format_validation_base@DV?$stream_output_adapter@D@__crt_stdio_output@@@2@@__crt_stdio_output@@AAE_NXZ@PAU1?1??234@AAE_NXZ@@?$standard_base@DV?$stream_output_adapter@D@__crt_stdio_output@@@__crt_stdio_output@@IAE_NAAPAUansi_string@?1??type_case_Z@?$output_processor@DV?$stream_output_adapter@D@__crt_stdio_output@@V?$format_validation_base@DV?$stream_output_adapter@D@__crt_stdio_output@@@2@@1@AAE_NXZ@@Z 100226a7 f i libucrt:output.obj
 0001:000216c7       ??$extract_argument_from_va_list@PAUansi_string@?1??type_case_Z@?$output_processor@DV?$stream_output_adapter@D@__crt_stdio_output@@V?$positional_parameter_base@DV?$stream_output_adapter@D@__crt_stdio_output@@@2@@__crt_stdio_output@@AAE_NXZ@PAU1?1??234@AAE_NXZ@@?$positional_parameter_base@DV?$stream_output_adapter@D@__crt_stdio_output@@@__crt_stdio_output@@IAE_NAAPAUansi_string@?1??type_case_Z@?$output_processor@DV?$stream_output_adapter@D@__crt_stdio_output@@V?$positional_parameter_base@DV?$stream_output_adapter@D@__crt_stdio_output@@@2@@1@AAE_NXZ@@Z 100226c7 f i libucrt:output.obj
 0001:00021764       ??$extract_argument_from_va_list@PAUansi_string@?1??type_case_Z@?$output_processor@DV?$stream_output_adapter@D@__crt_stdio_output@@V?$positional_parameter_base@DV?$stream_output_adapter@D@__crt_stdio_output@@@2@@__crt_stdio_output@@AAE_NXZ@PAU1?1??234@AAE_NXZ@@?$standard_base@DV?$stream_output_adapter@D@__crt_stdio_output@@@__crt_stdio_output@@IAE_NAAPAUansi_string@?1??type_case_Z@?$output_processor@DV?$stream_output_adapter@D@__crt_stdio_output@@V?$positional_parameter_base@DV?$stream_output_adapter@D@__crt_stdio_output@@@2@@1@AAE_NXZ@@Z 10022764 f i libucrt:output.obj
 0001:00021784       ??$extract_argument_from_va_list@PAUansi_string@?1??type_case_Z@?$output_processor@DV?$stream_output_adapter@D@__crt_stdio_output@@V?$standard_base@DV?$stream_output_adapter@D@__crt_stdio_output@@@2@@__crt_stdio_output@@AAE_NXZ@PAU1?1??234@AAE_NXZ@@?$standard_base@DV?$stream_output_adapter@D@__crt_stdio_output@@@__crt_stdio_output@@IAE_NAAPAUansi_string@?1??type_case_Z@?$output_processor@DV?$stream_output_adapter@D@__crt_stdio_output@@V?$standard_base@DV?$stream_output_adapter@D@__crt_stdio_output@@@2@@1@AAE_NXZ@@Z 10022784 f i libucrt:output.obj
 0001:000217a4       ??$extract_argument_from_va_list@PAUansi_string@?1??type_case_Z@?$output_processor@DV?$string_output_adapter@D@__crt_stdio_output@@V?$format_validation_base@DV?$string_output_adapter@D@__crt_stdio_output@@@2@@__crt_stdio_output@@AAE_NXZ@PAU1?1??234@AAE_NXZ@@?$standard_base@DV?$string_output_adapter@D@__crt_stdio_output@@@__crt_stdio_output@@IAE_NAAPAUansi_string@?1??type_case_Z@?$output_processor@DV?$string_output_adapter@D@__crt_stdio_output@@V?$format_validation_base@DV?$string_output_adapter@D@__crt_stdio_output@@@2@@1@AAE_NXZ@@Z 100227a4 f i libucrt:output.obj
 0001:000217c4       ??$extract_argument_from_va_list@PAUansi_string@?1??type_case_Z@?$output_processor@DV?$string_output_adapter@D@__crt_stdio_output@@V?$positional_parameter_base@DV?$string_output_adapter@D@__crt_stdio_output@@@2@@__crt_stdio_output@@AAE_NXZ@PAU1?1??234@AAE_NXZ@@?$positional_parameter_base@DV?$string_output_adapter@D@__crt_stdio_output@@@__crt_stdio_output@@IAE_NAAPAUansi_string@?1??type_case_Z@?$output_processor@DV?$string_output_adapter@D@__crt_stdio_output@@V?$positional_parameter_base@DV?$string_output_adapter@D@__crt_stdio_output@@@2@@1@AAE_NXZ@@Z 100227c4 f i libucrt:output.obj
 0001:00021861       ??$extract_argument_from_va_list@PAUansi_string@?1??type_case_Z@?$output_processor@DV?$string_output_adapter@D@__crt_stdio_output@@V?$positional_parameter_base@DV?$string_output_adapter@D@__crt_stdio_output@@@2@@__crt_stdio_output@@AAE_NXZ@PAU1?1??234@AAE_NXZ@@?$standard_base@DV?$string_output_adapter@D@__crt_stdio_output@@@__crt_stdio_output@@IAE_NAAPAUansi_string@?1??type_case_Z@?$output_processor@DV?$string_output_adapter@D@__crt_stdio_output@@V?$positional_parameter_base@DV?$string_output_adapter@D@__crt_stdio_output@@@2@@1@AAE_NXZ@@Z 10022861 f i libucrt:output.obj
 0001:00021881       ??$extract_argument_from_va_list@PAUansi_string@?1??type_case_Z@?$output_processor@DV?$string_output_adapter@D@__crt_stdio_output@@V?$standard_base@DV?$string_output_adapter@D@__crt_stdio_output@@@2@@__crt_stdio_output@@AAE_NXZ@PAU1?1??234@AAE_NXZ@@?$standard_base@DV?$string_output_adapter@D@__crt_stdio_output@@@__crt_stdio_output@@IAE_NAAPAUansi_string@?1??type_case_Z@?$output_processor@DV?$string_output_adapter@D@__crt_stdio_output@@V?$standard_base@DV?$string_output_adapter@D@__crt_stdio_output@@@2@@1@AAE_NXZ@@Z 10022881 f i libucrt:output.obj
 0001:000218a1       ??$extract_argument_from_va_list@PAUansi_string@?1??type_case_Z@?$output_processor@_WV?$stream_output_adapter@_W@__crt_stdio_output@@V?$format_validation_base@_WV?$stream_output_adapter@_W@__crt_stdio_output@@@2@@__crt_stdio_output@@AAE_NXZ@PAU1?1??234@AAE_NXZ@@?$standard_base@_WV?$stream_output_adapter@_W@__crt_stdio_output@@@__crt_stdio_output@@IAE_NAAPAUansi_string@?1??type_case_Z@?$output_processor@_WV?$stream_output_adapter@_W@__crt_stdio_output@@V?$format_validation_base@_WV?$stream_output_adapter@_W@__crt_stdio_output@@@2@@1@AAE_NXZ@@Z 100228a1 f i libucrt:output.obj
 0001:000218c1       ??$extract_argument_from_va_list@PAUansi_string@?1??type_case_Z@?$output_processor@_WV?$stream_output_adapter@_W@__crt_stdio_output@@V?$positional_parameter_base@_WV?$stream_output_adapter@_W@__crt_stdio_output@@@2@@__crt_stdio_output@@AAE_NXZ@PAU1?1??234@AAE_NXZ@@?$positional_parameter_base@_WV?$stream_output_adapter@_W@__crt_stdio_output@@@__crt_stdio_output@@IAE_NAAPAUansi_string@?1??type_case_Z@?$output_processor@_WV?$stream_output_adapter@_W@__crt_stdio_output@@V?$positional_parameter_base@_WV?$stream_output_adapter@_W@__crt_stdio_output@@@2@@1@AAE_NXZ@@Z 100228c1 f i libucrt:output.obj
 0001:0002195e       ??$extract_argument_from_va_list@PAUansi_string@?1??type_case_Z@?$output_processor@_WV?$stream_output_adapter@_W@__crt_stdio_output@@V?$positional_parameter_base@_WV?$stream_output_adapter@_W@__crt_stdio_output@@@2@@__crt_stdio_output@@AAE_NXZ@PAU1?1??234@AAE_NXZ@@?$standard_base@_WV?$stream_output_adapter@_W@__crt_stdio_output@@@__crt_stdio_output@@IAE_NAAPAUansi_string@?1??type_case_Z@?$output_processor@_WV?$stream_output_adapter@_W@__crt_stdio_output@@V?$positional_parameter_base@_WV?$stream_output_adapter@_W@__crt_stdio_output@@@2@@1@AAE_NXZ@@Z 1002295e f i libucrt:output.obj
 0001:0002197e       ??$extract_argument_from_va_list@PAUansi_string@?1??type_case_Z@?$output_processor@_WV?$stream_output_adapter@_W@__crt_stdio_output@@V?$standard_base@_WV?$stream_output_adapter@_W@__crt_stdio_output@@@2@@__crt_stdio_output@@AAE_NXZ@PAU1?1??234@AAE_NXZ@@?$standard_base@_WV?$stream_output_adapter@_W@__crt_stdio_output@@@__crt_stdio_output@@IAE_NAAPAUansi_string@?1??type_case_Z@?$output_processor@_WV?$stream_output_adapter@_W@__crt_stdio_output@@V?$standard_base@_WV?$stream_output_adapter@_W@__crt_stdio_output@@@2@@1@AAE_NXZ@@Z 1002297e f i libucrt:output.obj
 0001:0002199e       ??$extract_argument_from_va_list@PAUansi_string@?1??type_case_Z@?$output_processor@_WV?$string_output_adapter@_W@__crt_stdio_output@@V?$format_validation_base@_WV?$string_output_adapter@_W@__crt_stdio_output@@@2@@__crt_stdio_output@@AAE_NXZ@PAU1?1??234@AAE_NXZ@@?$standard_base@_WV?$string_output_adapter@_W@__crt_stdio_output@@@__crt_stdio_output@@IAE_NAAPAUansi_string@?1??type_case_Z@?$output_processor@_WV?$string_output_adapter@_W@__crt_stdio_output@@V?$format_validation_base@_WV?$string_output_adapter@_W@__crt_stdio_output@@@2@@1@AAE_NXZ@@Z 1002299e f i libucrt:output.obj
 0001:000219be       ??$extract_argument_from_va_list@PAUansi_string@?1??type_case_Z@?$output_processor@_WV?$string_output_adapter@_W@__crt_stdio_output@@V?$positional_parameter_base@_WV?$string_output_adapter@_W@__crt_stdio_output@@@2@@__crt_stdio_output@@AAE_NXZ@PAU1?1??234@AAE_NXZ@@?$positional_parameter_base@_WV?$string_output_adapter@_W@__crt_stdio_output@@@__crt_stdio_output@@IAE_NAAPAUansi_string@?1??type_case_Z@?$output_processor@_WV?$string_output_adapter@_W@__crt_stdio_output@@V?$positional_parameter_base@_WV?$string_output_adapter@_W@__crt_stdio_output@@@2@@1@AAE_NXZ@@Z 100229be f i libucrt:output.obj
 0001:00021a5b       ??$extract_argument_from_va_list@PAUansi_string@?1??type_case_Z@?$output_processor@_WV?$string_output_adapter@_W@__crt_stdio_output@@V?$positional_parameter_base@_WV?$string_output_adapter@_W@__crt_stdio_output@@@2@@__crt_stdio_output@@AAE_NXZ@PAU1?1??234@AAE_NXZ@@?$standard_base@_WV?$string_output_adapter@_W@__crt_stdio_output@@@__crt_stdio_output@@IAE_NAAPAUansi_string@?1??type_case_Z@?$output_processor@_WV?$string_output_adapter@_W@__crt_stdio_output@@V?$positional_parameter_base@_WV?$string_output_adapter@_W@__crt_stdio_output@@@2@@1@AAE_NXZ@@Z 10022a5b f i libucrt:output.obj
 0001:00021a7b       ??$extract_argument_from_va_list@PAUansi_string@?1??type_case_Z@?$output_processor@_WV?$string_output_adapter@_W@__crt_stdio_output@@V?$standard_base@_WV?$string_output_adapter@_W@__crt_stdio_output@@@2@@__crt_stdio_output@@AAE_NXZ@PAU1?1??234@AAE_NXZ@@?$standard_base@_WV?$string_output_adapter@_W@__crt_stdio_output@@@__crt_stdio_output@@IAE_NAAPAUansi_string@?1??type_case_Z@?$output_processor@_WV?$string_output_adapter@_W@__crt_stdio_output@@V?$standard_base@_WV?$string_output_adapter@_W@__crt_stdio_output@@@2@@1@AAE_NXZ@@Z 10022a7b f i libucrt:output.obj
 0001:00021a9b       ??$extract_argument_from_va_list@PAXPAX@?$positional_parameter_base@DV?$stream_output_adapter@D@__crt_stdio_output@@@__crt_stdio_output@@IAE_NAAPAX@Z 10022a9b f i libucrt:output.obj
[...]
 0003:000026c8       __commode                  100736c8     libucrt:ncommode.obj
 0003:000026cc       ___acrt_lconv_static_null  100736cc     libucrt:localeconv.obj
 0003:000026d0       ___acrt_lconv_static_W_null 100736d0     libucrt:localeconv.obj
 0003:000026d4       __umaskval                 100736d4     libucrt:umask.obj
 0003:000026d8       __fmode                    100736d8     libucrt:txtmode.obj
 0003:000026e0       _CANAC2_2_receiveindex_mb3 100736e0     <common>
 0003:000057b4       _CANAC2_2_receivemaxindex_mb3 100767b4     <common>
 0003:000057c0       _CANAC2_2_sendindex_mb3    100767c0     <common>
 0003:00005ae0       _CANAC2_2_sendmaxindex_mb3 10076ae0     <common>
 0003:00005b00       _CANAC2_1_receiveindex_mb3 10076b00     <common>
 0003:00005e20       _CANAC2_1_receivemaxindex_mb3 10076e20     <common>
 0003:00005e40       _CANAC2_1_sendindex_mb3    10076e40     <common>
 0003:00006160       _CANAC2_1_sendmaxindex_mb3 10077160     <common>
 0003:00006180       _CANAC2_2_receive_mb3      10077180     <common>
 0003:000064a0       _CANAC2_2_send_mb3         100774a0     <common>
 0003:000067c0       _CANAC2_1_receive_mb3      100777c0     <common>
 0003:00006ae0       _CANAC2_1_send_mb3         10077ae0     <common>
 0003:00006e00       _CANAC2_2_receiveindex_mb2 10077e00     <common>
 0003:00007120       _CANAC2_2_receivemaxindex_mb2 10078120     <common>
 0003:00007140       _CANAC2_2_sendindex_mb2    10078140     <common>
 0003:00007460       _CANAC2_2_sendmaxindex_mb2 10078460     <common>
 0003:00007480       _CANAC2_1_receiveindex_mb2 10078480     <common>
 0003:000077a0       _CANAC2_1_receivemaxindex_mb2 100787a0     <common>
 0003:000077c0       _CANAC2_1_sendindex_mb2    100787c0     <common>
 0003:00007ae0       _CANAC2_1_sendmaxindex_mb2 10078ae0     <common>
 0003:00007b00       _CANAC2_2_receive_mb2      10078b00     <common>
 0003:00007e20       _CANAC2_2_send_mb2         10078e20     <common>
 0003:00008140       _CANAC2_1_receive_mb2      10079140     <common>
 0003:00008460       _CANAC2_1_send_mb2         10079460     <common>
 0003:00008780       _CANAC2_2_receiveindex_mb1 10079780     <common>
 0003:00008aa0       _CANAC2_2_receivemaxindex_mb1 10079aa0     <common>
 0003:00008ac0       _CANAC2_2_sendindex_mb1    10079ac0     <common>
 0003:00008de0       _CANAC2_2_sendmaxindex_mb1 10079de0     <common>
 0003:00008e00       _CANAC2_1_receiveindex_mb1 10079e00     <common>
 0003:00009120       _CANAC2_1_receivemaxindex_mb1 1007a120     <common>
 0003:00009140       _CANAC2_1_sendindex_mb1    1007a140     <common>
 0003:00009460       _CANAC2_1_sendmaxindex_mb1 1007a460     <common>
 0003:00009480       _CANAC2_2_receive_mb1      1007a480     <common>
 0003:000097a0       _CANAC2_2_send_mb1         1007a7a0     <common>
 0003:00009ac0       _CANAC2_1_receive_mb1      1007aac0     <common>
 0003:00009de0       _CANAC2_1_send_mb1         1007ade0     <common>
 0003:0000a100       _CANAC2_2_receiveindex     1007b100     <common>
 0003:0000a420       _CANAC2_2_receivemaxindex  1007b420     <common>
 0003:0000a440       _CANAC2_2_sendindex        1007b440     <common>
 0003:0000a760       _CANAC2_2_sendmaxindex     1007b760     <common>
 0003:0000a780       _CANAC2_1_receiveindex     1007b780     <common>
 0003:0000aaa0       _CANAC2_1_receivemaxindex  1007baa0     <common>
 0003:0000aac0       _CANAC2_1_sendindex        1007bac0     <common>
 0003:0000ade0       _CANAC2_1_sendmaxindex     1007bde0     <common>
 0003:0000ae00       _CANAC2_2_receive          1007be00     <common>
 0003:0000b120       _CANAC2_2_send             1007c120     <common>
 0003:0000b440       _CANAC2_1_receive          1007c440     <common>
 0003:0000b760       _CANAC2_1_send             1007c760     <common>
 0003:0000ba80       _siepowercan_can_object_buffer_port2 1007ca80     <common>
 0003:0000faa0       _siepowercan_can_object_buffer_port1 10080aa0     <common>
 0003:00013aa0       _rtNaNF                    10084aa0     <common>
 0003:00013ab4       _rtMinusInfF               10084ab4     <common>
 0003:00013ab8       _rtInfF                    10084ab8     <common>
 0003:00013ac0       _rtNaN                     10084ac0     <common>
 0003:00013ac8       _rtMinusInf                10084ac8     <common>
 0003:00013ad0       _rtInf                     10084ad0     <common>
 0003:00013ad8       ?_OptionsStorage@?1??__local_stdio_printf_options@@9@9 10084ad8     <common>
 0003:00013b00       _a210514_M_                10084b00     <common>
 0003:00013e00       _a210514_B                 10084e00     <common>
 0003:00013e40       _socket                    10084e40     <common>
 0003:00013ea0       _inet_addr                 10084ea0     <common>
 0003:00013ea4       _sendto                    10084ea4     <common>
 0003:00013ea8       _recvfrom                  10084ea8     <common>
 0003:00013eac       _listen                    10084eac     <common>
 0003:00013eb0       _ioctlsocket               10084eb0     <common>
 0003:00013eb4       _connect                   10084eb4     <common>
 0003:00013eb8       _closesocket               10084eb8     <common>
 0003:00013ebc       _setsockopt                10084ebc     <common>
 0003:00013ec0       _bind                      10084ec0     <common>
 0003:00013ec4       _accept                    10084ec4     <common>
 0003:00013ec8       _GetHostTarIPAdd           10084ec8     <common>
 0003:00013ecc       _GetDCUUsage               10084ecc     <common>
 0003:00013ed0       _DeleteRoute               10084ed0     <common>
 0003:00013ed4       _AddGatewayRoute           10084ed4     <common>
 0003:00013ed8       _SetIP                     10084ed8     <common>
 0003:00013edc       _CloseInterface            10084edc     <common>
 0003:00013ee0       _OpenInterface             10084ee0     <common>
 0003:00013ee4       _SetIPTASKPriority         10084ee4     <common>
 0003:00013ee8       _isUsedByRTIP              10084ee8     <common>
 0003:00013eec       _getlasterror              10084eec     <common>
 0003:00013ef0       _slrtfsGetFileStatus       10084ef0     <common>
 0003:00013ef4       _slrtfsOpenFileAsync       10084ef4     <common>
 0003:00013ef8       _slrtfsCloseFileAsync      10084ef8     <common>
 0003:00013efc       _slrtfsGetFileErrorMessage 10084efc     <common>
 0003:00013f00       _slrtfsGetFileError        10084f00     <common>
 0003:00013f04       _slrtfsWriteToFile         10084f04     <common>
 0003:00013f08       _slrtfsCloseFile           10084f08     <common>
 0003:00013f0c       _slrtfsOpenFile            10084f0c     <common>
 0003:00013f10       _slrtGetSgCRBSpace         10084f10     <common>
 0003:00013f14       _slrtGetCRBScratchSpace    10084f14     <common>
 0003:00013f18       _slrteSetupMSI             10084f18     <common>
 0003:00013f1c       _slTestRegAssessment       10084f1c     <common>
 0003:00013f20       _slTestTerminate           10084f20     <common>
 0003:00013f24       _slTestEvalOnFail          10084f24     <common>
 0003:00013f28       _slTestLogAssessments      10084f28     <common>
 0003:00013f2c       _slTestInitialize          10084f2c     <common>
 0003:00013f30       _unRegisterPTPTimeRead     10084f30     <common>
 0003:00013f34       _registerPTPTimeRead       10084f34     <common>
 0003:00013f38       _slrteGetCurrentStepSize   10084f38     <common>
 0003:00013f3c       _slrteSetStepSizeDelta     10084f3c     <common>
 0003:00013f40       _xpceGetIntTimerGranularityNS 10084f40     <common>
 0003:00013f44       _sendToAsyncQueueTgtAppSvc 10084f44     <common>
 0003:00013f48       _terminateToAsyncQueueTgtAppSvc 10084f48     <common>
 0003:00013f4c       _startToAsyncQueueTgtAppSvc 10084f4c     <common>
 0003:00013f50       _getStatusFlags            10084f50     <common>
 0003:00013f54       _getCommService            10084f54     <common>
 0003:00013f58       _getMemoryService          10084f58     <common>
 0003:00013f5c       _StreamVideo               10084f5c     <common>
 0003:00013f60       _StopVideoDisplay          10084f60     <common>
 0003:00013f64       _StartVideoDisplay         10084f64     <common>
 0003:00013f68       _DestroyVideoDisplay       10084f68     <common>
 0003:00013f6c       _CreateVideoDisplay        10084f6c     <common>
 0003:00013f70       _ConvertUImage             10084f70     <common>
 0003:00013f74       _StopVideo                 10084f74     <common>
 0003:00013f78       _ReadFrameBuffer           10084f78     <common>
 0003:00013f7c       _StartVideo                10084f7c     <common>
 0003:00013f80       _GetVideoConfigs           10084f80     <common>
 0003:00013f84       _FindUsbVideoDevice        10084f84     <common>
 0003:00013f88       _xpceDeleteSemaphore       10084f88     <common>
 0003:00013f8c       _xpceSignalSemaphore       10084f8c     <common>
 0003:00013f90       _xpceWaitSemaphore         10084f90     <common>
 0003:00013f94       _xpceCreateSemaphore       10084f94     <common>
 0003:00013f98       _TBGiveSpinFast            10084f98     <common>
 0003:00013f9c       _TBTakeSpinFast            10084f9c     <common>
 0003:00013fa0       _TBDeleteSpin              10084fa0     <common>
 0003:00013fa4       _TBCreateSpin              10084fa4     <common>
 0003:00013fa8       _xpceScopeAcqOK            10084fa8     <common>
 0003:00013fac       _rl32eRestartAcquisition   10084fac     <common>
 0003:00013fb0       _rl32eSetTargetScopeSigFt  10084fb0     <common>
 0003:00013fb4       _rl32eSetTargetScope       10084fb4     <common>
 0003:00013fb8       _xpceFSScopeSet            10084fb8     <common>
 0003:00013fbc       _rl32eSetScope             10084fbc     <common>
 0003:00013fc0       _rl32eAddSignal            10084fc0     <common>
 0003:00013fc4       _rl32eGetSignalNo          10084fc4     <common>
 0003:00013fc8       _rl32eDefScope             10084fc8     <common>
 0003:00013fcc       _rl32eScopeExists          10084fcc     <common>
 0003:00013fd0       _xpceGetParamDims          10084fd0     <common>
 0003:00013fd4       _xpceGetParameter          10084fd4     <common>
 0003:00013fd8       _xpceSetParameter          10084fd8     <common>
 0003:00013fdc       _xpceGetSignalValue        10084fdc     <common>
 0003:00013fe0       _xpceAssignPCIInterrupt    10084fe0     <common>
 0003:00013fe4       _rl32eGetPCIInfoAtSlot     10084fe4     <common>
 0003:00013fe8       _rl32eGetPCIInfo           10084fe8     <common>
 0003:00013fec       _rl32eShowPCIInfo          10084fec     <common>
 0003:00013ff0       _rl32eShowPCIDev           10084ff0     <common>
 0003:00013ff4       _xpceGetTET                10084ff4     <common>
 0003:00013ff8       _xpceaddEvent              10084ff8     <common>
 0003:00013ffc       _xpceDeRegisterISR         10084ffc     <common>
 0003:00014000       _xpceRegisterISR           10085000     <common>
 0003:00014004       _xpcIsModelInit            10085004     <common>
 0003:00014008       _xpcGetElapsedTime         10085008     <common>
 0003:0001400c       _xpcBusyWait               1008500c     <common>
 0003:00014010       _xpcFreePhysicalMemory     10085010     <common>
 0003:00014014       _xpcAllocPhysicalMemory    10085014     <common>
 0003:00014018       _xpcReserveMemoryRegion    10085018     <common>
 0003:0001401c       _xpcOutpB                  1008501c     <common>
 0003:00014020       _xpcOutpW                  10085020     <common>
 0003:00014024       _xpcOutpDW                 10085024     <common>
 0003:00014028       _xpcInpB                   10085028     <common>
 0003:0001402c       _xpcInpW                   1008502c     <common>
 0003:00014030       _xpcInpDW                  10085030     <common>
 0003:00014034       ___scrt_ucrt_dll_is_in_use 10085034     <common>
 0003:00014040       ___dyn_tls_init_callback   10085040     <common>
 0003:0001404c       __pDestructExceptionObject 1008504c     <common>
 0003:00014058       __pmatherr                 10085058     <common>
 0003:00014064       ___use_sse2_mathfcns       10085064     <common>
 0004:00000000       __imp__GetModuleHandleA@4  10086000     kernel32:KERNEL32.dll
 0004:00000004       __imp__GetProcAddress@8    10086004     kernel32:KERNEL32.dll
 0004:00000008       __imp__UnhandledExceptionFilter@4 10086008     kernel32:KERNEL32.dll
 0004:0000000c       __imp__SetUnhandledExceptionFilter@4 1008600c     kernel32:KERNEL32.dll
 0004:00000010       __imp__GetCurrentProcess@0 10086010     kernel32:KERNEL32.dll
 0004:00000014       __imp__TerminateProcess@8  10086014     kernel32:KERNEL32.dll
 0004:00000018       __imp__IsProcessorFeaturePresent@4 10086018     kernel32:KERNEL32.dll
 0004:0000001c       __imp__QueryPerformanceCounter@4 1008601c     kernel32:KERNEL32.dll
 0004:00000020       __imp__GetCurrentProcessId@0 10086020     kernel32:KERNEL32.dll
 0004:00000024       __imp__GetCurrentThreadId@0 10086024     kernel32:KERNEL32.dll
 0004:00000028       __imp__GetSystemTimeAsFileTime@4 10086028     kernel32:KERNEL32.dll
 0004:0000002c       __imp__InitializeSListHead@4 1008602c     kernel32:KERNEL32.dll
 0004:00000030       __imp__IsDebuggerPresent@0 10086030     kernel32:KERNEL32.dll
 0004:00000034       __imp__GetStartupInfoW@4   10086034     kernel32:KERNEL32.dll
 0004:00000038       __imp__GetModuleHandleW@4  10086038     kernel32:KERNEL32.dll
 0004:0000003c       __imp__InterlockedPushEntrySList@8 1008603c     kernel32:KERNEL32.dll
 0004:00000040       __imp__InterlockedFlushSList@4 10086040     kernel32:KERNEL32.dll
 0004:00000044       __imp__RtlUnwind@16        10086044     kernel32:KERNEL32.dll
 0004:00000048       __imp__GetLastError@0      10086048     kernel32:KERNEL32.dll
 0004:0000004c       __imp__SetLastError@4      1008604c     kernel32:KERNEL32.dll
 0004:00000050       __imp__EnterCriticalSection@4 10086050     kernel32:KERNEL32.dll
 0004:00000054       __imp__LeaveCriticalSection@4 10086054     kernel32:KERNEL32.dll
 0004:00000058       __imp__DeleteCriticalSection@4 10086058     kernel32:KERNEL32.dll
 0004:0000005c       __imp__InitializeCriticalSectionAndSpinCount@8 1008605c     kernel32:KERNEL32.dll
 0004:00000060       __imp__TlsAlloc@0          10086060     kernel32:KERNEL32.dll
 0004:00000064       __imp__TlsGetValue@4       10086064     kernel32:KERNEL32.dll
 0004:00000068       __imp__TlsSetValue@8       10086068     kernel32:KERNEL32.dll
 0004:0000006c       __imp__TlsFree@4           1008606c     kernel32:KERNEL32.dll
 0004:00000070       __imp__FreeLibrary@4       10086070     kernel32:KERNEL32.dll
 0004:00000074       __imp__LoadLibraryExW@12   10086074     kernel32:KERNEL32.dll
 0004:00000078       __imp__ExitProcess@4       10086078     kernel32:KERNEL32.dll
 0004:0000007c       __imp__GetModuleHandleExW@12 1008607c     kernel32:KERNEL32.dll
 0004:00000080       __imp__GetStdHandle@4      10086080     kernel32:KERNEL32.dll
 0004:00000084       __imp__GetFileType@4       10086084     kernel32:KERNEL32.dll
 0004:00000088       __imp__GetModuleFileNameA@12 10086088     kernel32:KERNEL32.dll
 0004:0000008c       __imp__GetModuleFileNameW@12 1008608c     kernel32:KERNEL32.dll
 0004:00000090       __imp__WriteConsoleW@20    10086090     kernel32:KERNEL32.dll
 0004:00000094       __imp__RaiseException@16   10086094     kernel32:KERNEL32.dll
 0004:00000098       __imp__MultiByteToWideChar@24 10086098     kernel32:KERNEL32.dll
 0004:0000009c       __imp__WideCharToMultiByte@32 1008609c     kernel32:KERNEL32.dll
 0004:000000a0       __imp__HeapFree@12         100860a0     kernel32:KERNEL32.dll
 0004:000000a4       __imp__HeapAlloc@12        100860a4     kernel32:KERNEL32.dll
 0004:000000a8       __imp__HeapReAlloc@16      100860a8     kernel32:KERNEL32.dll
 0004:000000ac       __imp__GetDateFormatW@24   100860ac     kernel32:KERNEL32.dll
 0004:000000b0       __imp__GetTimeFormatW@24   100860b0     kernel32:KERNEL32.dll
 0004:000000b4       __imp__CompareStringW@24   100860b4     kernel32:KERNEL32.dll
 0004:000000b8       __imp__LCMapStringW@24     100860b8     kernel32:KERNEL32.dll
 0004:000000bc       __imp__GetLocaleInfoW@16   100860bc     kernel32:KERNEL32.dll
 0004:000000c0       __imp__IsValidLocale@8     100860c0     kernel32:KERNEL32.dll
 0004:000000c4       __imp__GetUserDefaultLCID@0 100860c4     kernel32:KERNEL32.dll
 0004:000000c8       __imp__EnumSystemLocalesW@8 100860c8     kernel32:KERNEL32.dll
 0004:000000cc       __imp__CloseHandle@4       100860cc     kernel32:KERNEL32.dll
 0004:000000d0       __imp__ReadFile@20         100860d0     kernel32:KERNEL32.dll
 0004:000000d4       __imp__GetConsoleMode@8    100860d4     kernel32:KERNEL32.dll
 0004:000000d8       __imp__ReadConsoleW@20     100860d8     kernel32:KERNEL32.dll
 0004:000000dc       __imp__WriteFile@20        100860dc     kernel32:KERNEL32.dll
 0004:000000e0       __imp__GetConsoleCP@0      100860e0     kernel32:KERNEL32.dll
 0004:000000e4       __imp__DeleteFileW@4       100860e4     kernel32:KERNEL32.dll
 0004:000000e8       __imp__SetFilePointerEx@20 100860e8     kernel32:KERNEL32.dll
 0004:000000ec       __imp__GetCurrentThread@0  100860ec     kernel32:KERNEL32.dll
 0004:000000f0       __imp__GetACP@0            100860f0     kernel32:KERNEL32.dll
 0004:000000f4       __imp__OutputDebugStringA@4 100860f4     kernel32:KERNEL32.dll
 0004:000000f8       __imp__OutputDebugStringW@4 100860f8     kernel32:KERNEL32.dll
 0004:000000fc       __imp__WaitForSingleObjectEx@12 100860fc     kernel32:KERNEL32.dll
 0004:00000100       __imp__CreateThread@24     10086100     kernel32:KERNEL32.dll
 0004:00000104       __imp__SetConsoleCtrlHandler@8 10086104     kernel32:KERNEL32.dll
 0004:00000108       __imp__FindClose@4         10086108     kernel32:KERNEL32.dll
 0004:0000010c       __imp__FindFirstFileExA@24 1008610c     kernel32:KERNEL32.dll
 0004:00000110       __imp__FindFirstFileExW@24 10086110     kernel32:KERNEL32.dll
 0004:00000114       __imp__FindNextFileA@8     10086114     kernel32:KERNEL32.dll
 0004:00000118       __imp__FindNextFileW@8     10086118     kernel32:KERNEL32.dll
 0004:0000011c       __imp__IsValidCodePage@4   1008611c     kernel32:KERNEL32.dll
 0004:00000120       __imp__GetOEMCP@0          10086120     kernel32:KERNEL32.dll
 0004:00000124       __imp__GetCPInfo@8         10086124     kernel32:KERNEL32.dll
 0004:00000128       __imp__GetCommandLineA@0   10086128     kernel32:KERNEL32.dll
 0004:0000012c       __imp__GetCommandLineW@0   1008612c     kernel32:KERNEL32.dll
 0004:00000130       __imp__GetEnvironmentStringsW@0 10086130     kernel32:KERNEL32.dll
 0004:00000134       __imp__FreeEnvironmentStringsW@4 10086134     kernel32:KERNEL32.dll
 0004:00000138       __imp__SetEnvironmentVariableA@8 10086138     kernel32:KERNEL32.dll
 0004:0000013c       __imp__SetEnvironmentVariableW@8 1008613c     kernel32:KERNEL32.dll
 0004:00000140       __imp__GetProcessHeap@0    10086140     kernel32:KERNEL32.dll
 0004:00000144       __imp__GetStringTypeW@16   10086144     kernel32:KERNEL32.dll
 0004:00000148       __imp__FlushFileBuffers@4  10086148     kernel32:KERNEL32.dll
 0004:0000014c       __imp__SetStdHandle@8      1008614c     kernel32:KERNEL32.dll
 0004:00000150       __imp__CreateFileW@28      10086150     kernel32:KERNEL32.dll
 0004:00000154       __imp__HeapSize@12         10086154     kernel32:KERNEL32.dll
 0004:00000158       __imp__SetEndOfFile@4      10086158     kernel32:KERNEL32.dll
 0004:0000015c       __imp__EncodePointer@4     1008615c     kernel32:KERNEL32.dll
 0004:00000160       __imp__DecodePointer@4     10086160     kernel32:KERNEL32.dll
 0004:00000164       \177KERNEL32_NULL_THUNK_DATA 10086164     kernel32:KERNEL32.dll
 0004:000001d4       __IMPORT_DESCRIPTOR_KERNEL32 100861d4     kernel32:KERNEL32.dll
 0004:000001e8       __NULL_IMPORT_DESCRIPTOR   100861e8     kernel32:KERNEL32.dll
 0006:00000000       ___guard_check_icall_fptr  10088000     LIBCMT:guard_support.obj
