 pci1756_xpc

 Timestamp is 60ec2b49 (Mon Jul 12 19:45:13 2021)

 Preferred load address is 10000000

 Start         Length     Name                   Class
 0001:00000000 00036cd2H .text                   CODE
 0002:00000000 00000104H .CRT$XCA                DATA
 0002:00000104 00000104H .CRT$XCZ                DATA
 0002:00000208 00000104H .CRT$XIA                DATA
 0002:0000030c 00000113H .CRT$XIC                DATA
 0002:00000420 00000104H .CRT$XIZ                DATA
 0002:00000524 00000104H .CRT$XPA                DATA
 0002:00000628 00000109H .CRT$XPX                DATA
 0002:00000734 00000104H .CRT$XPXA               DATA
 0002:00000838 00000104H .CRT$XPZ                DATA
 0002:0000093c 00000104H .CRT$XTA                DATA
 0002:00000a40 00000104H .CRT$XTZ                DATA
 0002:00000b50 00007346H .rdata                  DATA
 0002:00007e98 000001a3H .rdata$debug            DATA
 0002:00008040 0000010eH .rdata$sxdata           DATA
 0002:00008150 00000104H .rtc$IAA                DATA
 0002:00008254 00000104H .rtc$IZZ                DATA
 0002:00008358 00000104H .rtc$TAA                DATA
 0002:0000845c 00000104H .rtc$TZZ                DATA
 0002:00008560 00000991H .xdata$x                DATA
 0002:00008f00 000001dfH .edata                  DATA
 0003:00000000 00001b7eH .data                   DATA
 0003:00001b80 000144c0H .bss                    DATA
 0004:00000000 00000014H .idata$2                DATA
 0004:00000014 00000014H .idata$3                DATA
 0004:00000028 000001bcH .idata$4                DATA
 0004:000001e4 000001bcH .idata$5                DATA
 0004:000003a0 000007c3H .idata$6                DATA

  Address         Publics by Value              Rva+Base       Lib:Object

 0000:00000000       __except_list              00000000     <absolute>
 0000:00000003       ___safe_se_handler_count   00000003     <absolute>
 0000:00000000       ___ImageBase               10000000     <linker-defined>
 0001:000002e0       _MdlInitialize             100012e0 f   pci1756.obj
 0001:000002f0       _MdlInitializeSampleTimes  100012f0 f   pci1756.obj
 0001:00000300       _MdlInitializeSizes        10001300 f   pci1756.obj
 0001:00000310       _MdlOutputs                10001310 f   pci1756.obj
 0001:00000320       _MdlStart                  10001320 f   pci1756.obj
 0001:00000330       _MdlTerminate              10001330 f   pci1756.obj
 0001:00000350       _MdlUpdate                 10001350 f   pci1756.obj
 0001:000003e0       _pci1756                   100013e0 f   pci1756.obj
 0001:00000f30       _pci1756_GetCAPIStaticMap  10001f30 f   pci1756_capi.obj
 0001:00000f40       _pci1756_InitializeDataMapInfo 10001f40 f   pci1756_capi.obj
 0001:00000fd0       _rtGetInf                  10001fd0 f   rtGetInf.obj
 0001:00001000       _rtGetInfF                 10002000 f   rtGetInf.obj
 0001:00001020       _rtGetMinusInf             10002020 f   rtGetInf.obj
 0001:00001050       _rtGetMinusInfF            10002050 f   rtGetInf.obj
 0001:00001070       _rtGetNaN                  10002070 f   rtGetNaN.obj
 0001:000010a0       _rtGetNaNF                 100020a0 f   rtGetNaN.obj
 0001:00001980       _rt_CreateLogVar           10002980 f   rt_logging.obj
 0001:00001a10       _rt_CreateLogVarWithConvert 10002a10 f   rt_logging.obj
 0001:000023e0       _rt_CreateStructLogVar     100033e0 f   rt_logging.obj
 0001:000031f0       _rt_GetMxIdFromDTypeId     100041f0 f   rt_logging.obj
 0001:00003220       _rt_GetMxIdFromDTypeIdForRSim 10004220 f   rt_logging.obj
 0001:00005b10       _rt_StartDataLogging       10006b10 f   rt_logging.obj
 0001:00005fd0       _rt_StartDataLoggingWithStartTime 10006fd0 f   rt_logging.obj
 0001:00006950       _rt_StopDataLogging        10007950 f   rt_logging.obj
 0001:00006970       _rt_StopDataLoggingImpl    10007970 f   rt_logging.obj
 0001:00006c90       _rt_UpdateLogVar           10007c90 f   rt_logging.obj
 0001:00008090       _rt_UpdateStructLogVar     10009090 f   rt_logging.obj
 0001:00008120       _rt_UpdateTXXFYLogVars     10009120 f   rt_logging.obj
 0001:00008460       _rt_UpdateTXYLogVars       10009460 f   rt_logging.obj
 0001:000086c0       _rt_CleanUpForStateLogWithMMI 100096c0 f   rt_logging_mmi.obj
 0001:000087d0       _rt_FillStateSigInfoFromMMI 100097d0 f   rt_logging_mmi.obj
 0001:00008b80       _rt_mxCreateCharMatrixFromStrings 10009b80 f   rt_matrx.obj
 0001:00008cd0       _rt_mxCreateDoubleMatrix   10009cd0 f   rt_matrx.obj
 0001:00008d30       _rt_mxCreateNumericArray   10009d30 f   rt_matrx.obj
 0001:00008db0       _rt_mxCreateString         10009db0 f   rt_matrx.obj
 0001:00008e40       _rt_mxDuplicateArray       10009e40 f   rt_matrx.obj
 0001:00008ed0       _rt_mxGetDimensions        10009ed0 f   rt_matrx.obj
 0001:00008f40       _rt_mxGetEps               10009f40 f   rt_matrx.obj
 0001:00008f50       _rt_mxGetString            10009f50 f   rt_matrx.obj
 0001:00009010       _rtIsInf                   1000a010 f   rt_nonfinite.obj
 0001:00009050       _rtIsInfF                  1000a050 f   rt_nonfinite.obj
 0001:00009090       _rtIsNaN                   1000a090 f   rt_nonfinite.obj
 0001:000090b0       _rtIsNaNF                  1000a0b0 f   rt_nonfinite.obj
 0001:000090d0       _rt_InitInfAndNaN          1000a0d0 f   rt_nonfinite.obj
 0001:00009130       _rtPrintfNoOp              1000a130 f   rt_printf.obj
 0001:00009140       _rtwCAPI_CountSysRan       1000a140 f   rtw_modelmap_utils.obj
 0001:000091e0       _rtwCAPI_EncodePath        1000a1e0 f   rtw_modelmap_utils.obj
 0001:000092d0       _rtwCAPI_FillSysRan        1000a2d0 f   rtw_modelmap_utils.obj
 0001:000093c0       _rtwCAPI_FreeFullPaths     1000a3c0 f   rtw_modelmap_utils.obj
 0001:00009450       _rtwCAPI_GetFullStateBlockPath 1000a450 f   rtw_modelmap_utils.obj
 0001:00009600       _rtwCAPI_GetNumContStateRecords 1000a600 f   rtw_modelmap_utils.obj
 0001:000096c0       _rtwCAPI_GetNumSigLogRecords 1000a6c0 f   rtw_modelmap_utils.obj
 0001:00009710       _rtwCAPI_GetNumSigLogRecordsForRTWLogging 1000a710 f   rtw_modelmap_utils.obj
 0001:000097a0       _rtwCAPI_GetNumStateRecords 1000a7a0 f   rtw_modelmap_utils.obj
 0001:000097f0       _rtwCAPI_GetNumStateRecordsForRTWLogging 1000a7f0 f   rtw_modelmap_utils.obj
 0001:00009880       _rtwCAPI_GetSigAddrFromMap 1000a880 f   rtw_modelmap_utils.obj
 0001:00009940       _rtwCAPI_GetSigLogRecordInfo 1000a940 f   rtw_modelmap_utils.obj
 0001:00009d70       _rtwCAPI_GetStateRecordInfo 1000ad70 f   rtw_modelmap_utils.obj
 0001:0000a220       _rtwCAPI_GetStateWidth     1000b220 f   rtw_modelmap_utils.obj
 0001:0000a280       _rtwCAPI_HasStates         1000b280 f   rtw_modelmap_utils.obj
 0001:0000a2f0       _rtwCAPI_UpdateFullPaths   1000b2f0 f   rtw_modelmap_utils.obj
 0001:0000a4d0       _DllMain@12                1000b4d0 f   xpctarget.obj
 0001:0000a4e0       _SLRTSetErrorStatus        1000b4e0 f   xpctarget.obj
 0001:0000a500       _changeStepSize            1000b500 f   xpctarget.obj
 0001:0000a550       _getDLMVersion             1000b550 f   xpctarget.obj
 0001:0000a560       _getRefMdlPath             1000b560 f   xpctarget.obj
 0001:0000a5e0       _getRefMdlSignalNumber     1000b5e0 f   xpctarget.obj
 0001:0000a690       _getrlmdlinfo              1000b690 f   xpctarget.obj
 0001:0000a870       _pci1756_ChangeStepSize    1000b870 f   xpctarget.obj
 0001:0000a8c0       _updateDiscreteEvents      1000b8c0 f   xpctarget.obj
 0001:0000a8d0       _getNumRef                 1000b8d0 f   appmappingData.obj
 0001:0000ae90       _pci1756DIO                1000be90 f   pci1756DIO.obj
 0001:0000aef0       _GetPCIDeviceFull          1000bef0 f   xpcruntime:xpcimports.obj
 0001:0000af20       _ShowPCIDevice             1000bf20 f   xpcruntime:xpcimports.obj
 0001:0000b590       _xpcGetPciConfigAtSlot     1000c590 f   xpcruntime:xpcimports.obj
 0001:0000b820       _xpcInitProcs              1000c820 f   xpcruntime:xpcimports.obj
 0001:0000c5c0       _xpceuploadevent           1000d5c0 f   xpcruntime:xpcimports.obj
 0001:0000c5c1       __heap_alloc               1000d5c1 f i LIBCMT:malloc.obj
 0001:0000c5fe       _malloc                    1000d5fe f   LIBCMT:malloc.obj
 0001:0000c690       _memset                    1000d690 f   LIBCMT:memset.obj
 0001:0000c720       __fpmath                   1000d720 f   LIBCMT:fpinit.obj
 0001:0000c737       ___setfflag                1000d737 f   LIBCMT:fpinit.obj
 0001:0000c74a       __cfltcvt_init             1000d74a f   LIBCMT:fpinit.obj
 0001:0000c7aa       ___raise_securityfailure   1000d7aa f   LIBCMT:gs_report.obj
 0001:0000c7e7       ___report_gsfailure        1000d7e7 f   LIBCMT:gs_report.obj
 0001:0000c8e0       ___report_rangecheckfailure 1000d8e0 f   LIBCMT:gs_report.obj
 0001:0000c8ec       ___report_securityfailure  1000d8ec f   LIBCMT:gs_report.obj
 0001:0000c9ba       ___report_securityfailureEx 1000d9ba f   LIBCMT:gs_report.obj
 0001:0000cace       ___copy_path_to_wide_string 1000dace f   LIBCMT:crt0dat.obj
 0001:0000cb7e       ___crtCorExitProcess       1000db7e f   LIBCMT:crt0dat.obj
 0001:0000cbb0       ___crtExitProcess          1000dbb0 f   LIBCMT:crt0dat.obj
 0001:0000cbc6       ___freeCrtMemory           1000dbc6 f   LIBCMT:crt0dat.obj
 0001:0000cccd       __amsg_exit                1000dccd f   LIBCMT:crt0dat.obj
 0001:0000cce9       __c_exit                   1000dce9 f   LIBCMT:crt0dat.obj
 0001:0000ccf8       __cexit                    1000dcf8 f   LIBCMT:crt0dat.obj
 0001:0000cd07       __cinit                    1000dd07 f   LIBCMT:crt0dat.obj
 0001:0000cd98       __exit                     1000dd98 f   LIBCMT:crt0dat.obj
 0001:0000cdac       __get_pgmptr               1000ddac f   LIBCMT:crt0dat.obj
 0001:0000cddb       __get_wpgmptr              1000dddb f   LIBCMT:crt0dat.obj
 0001:0000ce0a       __init_pointers            1000de0a f   LIBCMT:crt0dat.obj
 0001:0000ce5a       __initterm_e               1000de5a f   LIBCMT:crt0dat.obj
 0001:0000ce7c       __lockexit                 1000de7c f   LIBCMT:crt0dat.obj
 0001:0000ce85       __unlockexit               1000de85 f   LIBCMT:crt0dat.obj
 0001:0000cfbd       _exit                      1000dfbd f   LIBCMT:crt0dat.obj
 0001:0000cfd1       _calloc                    1000dfd1 f   LIBCMT:calloc.obj
 0001:0000d00f       _free                      1000e00f f   LIBCMT:free.obj
 0001:0000d047       _realloc                   1000e047 f   LIBCMT:realloc.obj
 0001:0000d100       _memmove                   1000e100 f   LIBCMT:memmove.obj
 0001:0000d750       _strchr                    1000e750 f   LIBCMT:strchr.obj
 0001:0000d7be       ___from_strstr_to_strchr   1000e7be     LIBCMT:strchr.obj
 0001:0000d880       _strncat                   1000e880 f   LIBCMT:strncat.obj
 0001:0000d9c0       _strncpy                   1000e9c0 f   LIBCMT:strncpy.obj
 0001:0000dae4       ___initstdio               1000eae4 f   LIBCMT:_file.obj
 0001:0000db57       ___endstdio                1000eb57 f   LIBCMT:_file.obj
 0001:0000db7e       ___iob_func                1000eb7e f   LIBCMT:_file.obj
 0001:0000db84       __lock_file                1000eb84 f   LIBCMT:_file.obj
 0001:0000dbc3       __lock_file2               1000ebc3 f   LIBCMT:_file.obj
 0001:0000dbf3       __unlock_file              1000ebf3 f   LIBCMT:_file.obj
 0001:0000dc2d       __unlock_file2             1000ec2d f   LIBCMT:_file.obj
 0001:0000dc5a       __fclose_nolock            1000ec5a f   LIBCMT:fclose.obj
 0001:0000dcc6       _fclose                    1000ecc6 f   LIBCMT:fclose.obj
 0001:0000dd3d       __fsopen                   1000ed3d f   LIBCMT:fopen.obj
 0001:0000de01       _fopen                     1000ee01 f   LIBCMT:fopen.obj
 0001:0000de16       _fopen_s                   1000ee16 f   LIBCMT:fopen.obj
 0001:0000de5b       __fprintf_l                1000ee5b f   LIBCMT:fprintf.obj
 0001:0000de75       __fprintf_p                1000ee75 f   LIBCMT:fprintf.obj
 0001:0000de8e       __fprintf_p_l              1000ee8e f   LIBCMT:fprintf.obj
 0001:0000dea8       __fprintf_s_l              1000eea8 f   LIBCMT:fprintf.obj
 0001:0000dec2       _fprintf                   1000eec2 f   LIBCMT:fprintf.obj
 0001:0000dfdd       _fprintf_s                 1000efdd f   LIBCMT:fprintf.obj
 0001:0000dff6       __fread_nolock             1000eff6 f   LIBCMT:fread.obj
 0001:0000e011       __fread_nolock_s           1000f011 f   LIBCMT:fread.obj
 0001:0000e1d4       _fread                     1000f1d4 f   LIBCMT:fread.obj
 0001:0000e1ef       _fread_s                   1000f1ef f   LIBCMT:fread.obj
 0001:0000e280       __fwrite_nolock            1000f280 f   LIBCMT:fwrite.obj
 0001:0000e3d7       _fwrite                    1000f3d7 f   LIBCMT:fwrite.obj
 0001:0000e455       __get_printf_count_output  1000f455 f   LIBCMT:printf.obj
 0001:0000e46a       __printf_l                 1000f46a f   LIBCMT:printf.obj
 0001:0000e481       __printf_p                 1000f481 f   LIBCMT:printf.obj
 0001:0000e497       __printf_p_l               1000f497 f   LIBCMT:printf.obj
 0001:0000e4ae       __printf_s_l               1000f4ae f   LIBCMT:printf.obj
 0001:0000e4c5       __set_printf_count_output  1000f4c5 f   LIBCMT:printf.obj
 0001:0000e4ed       _printf                    1000f4ed f   LIBCMT:printf.obj
 0001:0000e599       _printf_s                  1000f599 f   LIBCMT:printf.obj
 0001:0000e5af       __unlink                   1000f5af f   LIBCMT:unlink.obj
 0001:0000e5b8       _remove                    1000f5b8 f   LIBCMT:unlink.obj
 0001:0000e5f8       _rewind                    1000f5f8 f   LIBCMT:rewind.obj
 0001:0000e6c0       __scprintf                 1000f6c0 f   LIBCMT:sprintf.obj
 0001:0000e6d3       __scprintf_l               1000f6d3 f   LIBCMT:sprintf.obj
 0001:0000e6ea       __scprintf_p               1000f6ea f   LIBCMT:sprintf.obj
 0001:0000e6fd       __scprintf_p_l             1000f6fd f   LIBCMT:sprintf.obj
 0001:0000e714       __snprintf_s               1000f714 f   LIBCMT:sprintf.obj
 0001:0000e733       __snprintf_s_l             1000f733 f   LIBCMT:sprintf.obj
 0001:0000e753       __sprintf_l                1000f753 f   LIBCMT:sprintf.obj
 0001:0000e76d       __sprintf_p                1000f76d f   LIBCMT:sprintf.obj
 0001:0000e789       __sprintf_p_l              1000f789 f   LIBCMT:sprintf.obj
 0001:0000e7a6       __sprintf_s_l              1000f7a6 f   LIBCMT:sprintf.obj
 0001:0000e7c3       _sprintf                   1000f7c3 f   LIBCMT:sprintf.obj
 0001:0000e845       _sprintf_s                 1000f845 f   LIBCMT:sprintf.obj
 0001:0000e861       _ldexp                     1000f861 f   LIBCMT:ldexp.obj
 0001:0000ea49       @__security_check_cookie@4 1000fa49 f   LIBCMT:secchk.obj
 0001:0000ea60       _memcpy                    1000fa60 f   LIBCMT:memcpy.obj
 0001:0000f0a4       ___isa_available_init      100100a4 f   LIBCMT:cpu_disp.obj
 0001:0000f1dd       __invoke_watson_if_error   100101dd f i LIBCMT:wassert.obj
 0001:0000f1fd       __wassert                  100101fd f   LIBCMT:wassert.obj
 0001:0000f89f       __CRT_INIT@12              1001089f f   LIBCMT:dllcrt0.obj
 0001:0000fa0b       __DllMainCRTStartup@12     10010a0b f   LIBCMT:dllcrt0.obj
 0001:0000fb3c       ___DllXcptFilter           10010b3c f   LIBCMT:dllcrt0.obj
 0001:0000fb61       ?_query_new_handler@@YAP6AHI@ZXZ 10010b61 f   LIBCMT:handler.obj
 0001:0000fb6e       ?_set_new_handler@@YAP6AHI@ZH@Z 10010b6e f   LIBCMT:handler.obj
 0001:0000fb77       ?_set_new_handler@@YAP6AHI@ZP6AHI@Z@Z 10010b77 f   LIBCMT:handler.obj
 0001:0000fbac       __callnewh                 10010bac f   LIBCMT:handler.obj
 0001:0000fbd2       __initp_heap_handler       10010bd2 f   LIBCMT:handler.obj
 0001:0000fbdf       __FF_MSGBANNER             10010bdf f   LIBCMT:crt0msg.obj
 0001:0000fc18       __GET_RTERRMSG             10010c18 f   LIBCMT:crt0msg.obj
 0001:0000fc3c       __NMSG_WRITE               10010c3c f   LIBCMT:crt0msg.obj
 0001:0000fdf7       ___doserrno                10010df7 f   LIBCMT:dosmap.obj
 0001:0000fe0a       __dosmaperr                10010e0a f   LIBCMT:dosmap.obj
 0001:0000fe2b       __errno                    10010e2b f   LIBCMT:dosmap.obj
 0001:0000fe3e       __get_doserrno             10010e3e f   LIBCMT:dosmap.obj
 0001:0000fe61       __get_errno                10010e61 f   LIBCMT:dosmap.obj
 0001:0000fe84       __get_errno_from_oserr     10010e84 f   LIBCMT:dosmap.obj
 0001:0000fec5       __set_doserrno             10010ec5 f   LIBCMT:dosmap.obj
 0001:0000fee4       __set_errno                10010ee4 f   LIBCMT:dosmap.obj
 0001:0000ff03       __get_heap_handle          10010f03 f   LIBCMT:heapinit.obj
 0001:0000ff09       __heap_init                10010f09 f   LIBCMT:heapinit.obj
 0001:0000ff1e       __heap_term                10010f1e f   LIBCMT:heapinit.obj
 0001:0000ff26       __VEC_memset               10010f26 f   LIBCMT:p4_memset.obj
 0001:0000ffee       ??0_LocaleUpdate@@QAE@PAUlocaleinfo_struct@@@Z 10010fee f i LIBCMT:cvt.obj
 0001:00010076       ??1_LocaleUpdate@@QAE@XZ   10011076 f i LIBCMT:cvt.obj
 0001:00010084       ?GetLocaleT@_LocaleUpdate@@QAEPAUlocaleinfo_struct@@XZ 10011084 f i LIBCMT:cvt.obj
 0001:00010087       ?strrchr@@YAPADPADH@Z      10011087 f i LIBCMT:cvt.obj
 0001:00010090       __cfltcvt                  10011090 f   LIBCMT:cvt.obj
 0001:000100b1       __cfltcvt_l                100110b1 f   LIBCMT:cvt.obj
 0001:00010137       __cftoa                    10011137 f   LIBCMT:cvt.obj
 0001:00010155       __cftoa_l                  10011155 f   LIBCMT:cvt.obj
 0001:000104af       __cftoe                    100114af f   LIBCMT:cvt.obj
 0001:0001061c       __cftoe_l                  1001161c f   LIBCMT:cvt.obj
 0001:000106e8       __cftof                    100116e8 f   LIBCMT:cvt.obj
 0001:000107ed       __cftof_l                  100117ed f   LIBCMT:cvt.obj
 0001:000108ac       __cftog                    100118ac f   LIBCMT:cvt.obj
 0001:000108ca       __cftog_l                  100118ca f   LIBCMT:cvt.obj
 0001:000109c7       __cropzeros                100119c7 f   LIBCMT:cvt.obj
 0001:000109d8       __cropzeros_l              100119d8 f   LIBCMT:cvt.obj
 0001:00010a56       __fassign                  10011a56 f   LIBCMT:cvt.obj
 0001:00010a6e       __fassign_l                10011a6e f   LIBCMT:cvt.obj
 0001:00010aae       __forcdecpt                10011aae f   LIBCMT:cvt.obj
 0001:00010abf       __forcdecpt_l              10011abf f   LIBCMT:cvt.obj
 0001:00010b31       __positive                 10011b31 f   LIBCMT:cvt.obj
 0001:00010b73       __setdefaultprecision      10011b73 f   LIBCMT:fp8.obj
 0001:00010b9a       __initp_misc_cfltcvt_tab   10011b9a f   LIBCMT:cmiscdat.obj
 0001:00010bb9       __crt_debugger_hook        10011bb9 f   LIBCMT:dbghook.obj
 0001:00010bfa       ___crtFlsAlloc             10011bfa f   LIBCMT:winapisupp.obj
 0001:00010c08       ___crtFlsFree              10011c08 f   LIBCMT:winapisupp.obj
 0001:00010c16       ___crtFlsGetValue          10011c16 f   LIBCMT:winapisupp.obj
 0001:00010c24       ___crtFlsSetValue          10011c24 f   LIBCMT:winapisupp.obj
 0001:00010c35       ___crtGetShowWindowMode    10011c35 f   LIBCMT:winapisupp.obj
 0001:00010c56       ___crtIsPackagedApp        10011c56 f   LIBCMT:winapisupp.obj
 0001:00010ca2       ___crtSetUnhandledExceptionFilter 10011ca2 f   LIBCMT:winapisupp.obj
 0001:00010cb0       ___crtTerminateProcess     10011cb0 f   LIBCMT:winapisupp.obj
 0001:00010cc5       ___crtUnhandledException   10011cc5 f   LIBCMT:winapisupp.obj
 0001:00010cdb       ?_invalid_parameter@@YAXPBG00II@Z 10011cdb f   LIBCMT:invarg.obj
 0001:00010ce0       ?_invoke_watson@@YAXPBG00II@Z 10011ce0 f   LIBCMT:invarg.obj
 0001:00010cf8       __call_reportfault         10011cf8 f   LIBCMT:invarg.obj
 0001:00010e1b       __get_invalid_parameter_handler 10011e1b f   LIBCMT:invarg.obj
 0001:00010e28       __initp_misc_invarg        10011e28 f   LIBCMT:invarg.obj
 0001:00010e35       __invalid_parameter        10011e35 f   LIBCMT:invarg.obj
 0001:00010e60       __invalid_parameter_noinfo 10011e60 f   LIBCMT:invarg.obj
 0001:00010e70       __invalid_parameter_noinfo_noreturn 10011e70 f   LIBCMT:invarg.obj
 0001:00010e8b       __invoke_watson            10011e8b f   LIBCMT:invarg.obj
 0001:00010eb6       __set_invalid_parameter_handler 10011eb6 f   LIBCMT:invarg.obj
 0001:00010edb       __RTC_Initialize           10011edb f   LIBCMT:initsect.obj
 0001:00010efb       __RTC_Terminate            10011efb f   LIBCMT:initsect.obj
 0001:00010f1b       __lock                     10011f1b f   LIBCMT:mlock.obj
 0001:00010f4f       __lockerr_exit             10011f4f f   LIBCMT:mlock.obj
 0001:00010f6f       __mtdeletelocks            10011f6f f   LIBCMT:mlock.obj
 0001:00010fc3       __mtinitlocknum            10011fc3 f   LIBCMT:mlock.obj
 0001:0001106a       __mtinitlocks              1001206a f   LIBCMT:mlock.obj
 0001:0001109f       __unlock                   1001209f f   LIBCMT:mlock.obj
 0001:000110c0       __FindPESection            100120c0 f   LIBCMT:pesect.obj
 0001:00011110       __IsNonwritableInCurrentImage 10012110 f   LIBCMT:pesect.obj
 0001:000111d0       __ValidateImageBase        100121d0 f   LIBCMT:pesect.obj
 0001:00011201       ___onexitinit              10012201 f   LIBCMT:onexit.obj
 0001:00011230       __onexit                   10012230 f   LIBCMT:onexit.obj
 0001:00011326       _atexit                    10012326 f   LIBCMT:onexit.obj
 0001:0001133b       __calloc_crt               1001233b f   LIBCMT:crtheap.obj
 0001:00011385       __malloc_crt               10012385 f   LIBCMT:crtheap.obj
 0001:000113ce       __realloc_crt              100123ce f   LIBCMT:crtheap.obj
 0001:0001141a       __recalloc_crt             1001241a f   LIBCMT:crtheap.obj
 0001:0001146a       __set_malloc_crt_max_wait  1001246a f   LIBCMT:crtheap.obj
 0001:0001147d       _wait_a_bit                1001247d f i LIBCMT:crtheap.obj
 0001:000114a1       ?_inconsistency@@YAXXZ     100124a1 f   LIBCMT:hooks.obj
 0001:000114d9       ?terminate@@YAXXZ          100124d9 f   LIBCMT:hooks.obj
 0001:0001150d       ?unexpected@@YAXXZ         1001250d f   LIBCMT:hooks.obj
 0001:00011520       __initp_eh_hooks           10012520 f   LIBCMT:hooks.obj
 0001:00011531       ___getlocaleinfo           10012531 f   LIBCMT:inithelp.obj
 0001:00011708       __initp_misc_purevirt      10012708 f   LIBCMT:inithelp.obj
 0001:00011715       __initp_misc_rand_s        10012715 f   LIBCMT:rand_s.obj
 0001:00011722       _rand_s                    10012722 f   LIBCMT:rand_s.obj
 0001:00011830       ___fpecode                 10012830 f   LIBCMT:winsig.obj
 0001:00011839       ___get_sigabrt             10012839 f   LIBCMT:winsig.obj
 0001:00011846       ___pxcptinfoptrs           10012846 f   LIBCMT:winsig.obj
 0001:0001184f       __initp_misc_winsig        1001284f f   LIBCMT:winsig.obj
 0001:00011904       _raise                     10012904 f   LIBCMT:winsig.obj
 0001:00011af5       _signal                    10012af5 f   LIBCMT:winsig.obj
 0001:00011d50       __SEH_prolog4              10012d50 f   LIBCMT:sehprolg4.obj
 0001:00011d95       __SEH_epilog4              10012d95 f   LIBCMT:sehprolg4.obj
 0001:00011df0       __except_handler4          10012df0 f   LIBCMT:chandler4.obj
 0001:00011f85       ___initmbctable            10012f85 f   LIBCMT:mbctype.obj
 0001:00012240       ___updatetmbcinfo          10013240 f   LIBCMT:mbctype.obj
 0001:000122e5       __getmbcp                  100132e5 f   LIBCMT:mbctype.obj
 0001:00012314       __setmbcp                  10013314 f   LIBCMT:mbctype.obj
 0001:000124c2       __setmbcp_nolock           100134c2 f   LIBCMT:mbctype.obj
 0001:000126b7       __ftbuf                    100136b7 f   LIBCMT:_sftbuf.obj
 0001:000126e8       __stbuf                    100136e8 f   LIBCMT:_sftbuf.obj
 0001:0001278e       __calloc_impl              1001378e f   LIBCMT:calloc_impl.obj
 0001:00012808       __fcloseall                10013808 f   LIBCMT:closeall.obj
 0001:000128a5       __fflush_nolock            100138a5 f   LIBCMT:fflush.obj
 0001:000128eb       __flush                    100138eb f   LIBCMT:fflush.obj
 0001:0001294f       __flushall                 1001394f f   LIBCMT:fflush.obj
 0001:00012958       _fflush                    10013958 f   LIBCMT:fflush.obj
 0001:00012a91       __fileno                   10013a91 f   LIBCMT:fileno.obj
 0001:00012ab5       __close                    10013ab5 f   LIBCMT:close.obj
 0001:00012b8c       __close_nolock             10013b8c f   LIBCMT:close.obj
 0001:00012c34       __freebuf                  10013c34 f   LIBCMT:_freebuf.obj
 0001:00012c64       __getstream                10013c64 f   LIBCMT:stream.obj
 0001:00012d7c       __openfile                 10013d7c f   LIBCMT:_open.obj
 0001:00013000       __local_unwind4            10014000 f   LIBCMT:exsup4.obj
 0001:000130d6       __seh_longjmp_unwind4@4    100140d6 f   LIBCMT:exsup4.obj
 0001:000130f2       @_EH4_CallFilterFunc@8     100140f2 f   LIBCMT:exsup4.obj
 0001:00013109       @_EH4_TransferToHandler@8  10014109 f   LIBCMT:exsup4.obj
 0001:00013122       @_EH4_GlobalUnwind2@8      10014122 f   LIBCMT:exsup4.obj
 0001:0001313b       @_EH4_LocalUnwind@16       1001413b f   LIBCMT:exsup4.obj
 0001:00013152       __vfprintf_l               10014152 f   LIBCMT:vfprintf.obj
 0001:00013170       __vfprintf_p               10014170 f   LIBCMT:vfprintf.obj
 0001:0001318d       __vfprintf_p_l             1001418d f   LIBCMT:vfprintf.obj
 0001:000131ab       __vfprintf_s_l             100141ab f   LIBCMT:vfprintf.obj
 0001:000131c9       _vfprintf                  100141c9 f   LIBCMT:vfprintf.obj
 0001:000131e6       _vfprintf_helper           100141e6 f   LIBCMT:vfprintf.obj
 0001:00013300       _vfprintf_s                10014300 f   LIBCMT:vfprintf.obj
 0001:0001331d       __output_l                 1001431d f   LIBCMT:output.obj
 0001:00013ec1       _get_int64_arg             10014ec1 f i LIBCMT:output.obj
 0001:00013ed4       _get_int_arg               10014ed4 f i LIBCMT:output.obj
 0001:00013ee4       _get_short_arg             10014ee4 f i LIBCMT:output.obj
 0001:00013fdf       __ioinit                   10014fdf f   LIBCMT:ioinit.obj
 0001:00013ffb       __ioinit0                  10014ffb f   LIBCMT:ioinit.obj
 0001:0001401a       __ioinitCallback@12        1001501a f   LIBCMT:ioinit.obj
 0001:000142e7       __ioterm                   100152e7 f   LIBCMT:ioinit.obj
 0001:00014339       __filbuf                   10015339 f   LIBCMT:_filbuf.obj
 0001:00014467       _memcpy_s                  10015467 f   LIBCMT:memcpy_s.obj
 0001:000144e6       __read                     100154e6 f   LIBCMT:read.obj
 0001:000145fb       __read_nolock              100155fb f   LIBCMT:read.obj
 0001:00014d95       __flsbuf                   10015d95 f   LIBCMT:_flsbuf.obj
 0001:00014ef1       __write                    10015ef1 f   LIBCMT:write.obj
 0001:00014fe0       __write_nolock             10015fe0 f   LIBCMT:write.obj
 0001:0001585c       __vprintf_l                1001685c f   LIBCMT:vprintf.obj
 0001:00015877       __vprintf_p                10016877 f   LIBCMT:vprintf.obj
 0001:00015891       __vprintf_p_l              10016891 f   LIBCMT:vprintf.obj
 0001:000158ac       __vprintf_s_l              100168ac f   LIBCMT:vprintf.obj
 0001:000158c7       _vprintf                   100168c7 f   LIBCMT:vprintf.obj
 0001:000158e1       _vprintf_helper            100168e1 f   LIBCMT:vprintf.obj
 0001:0001596a       _vprintf_s                 1001696a f   LIBCMT:vprintf.obj
 0001:00015984       __wremove                  10016984 f   LIBCMT:wunlink.obj
 0001:000159b2       __wunlink                  100169b2 f   LIBCMT:wunlink.obj
 0001:000159bb       __lseek                    100169bb f   LIBCMT:lseek.obj
 0001:00015aaa       __lseek_nolock             10016aaa f   LIBCMT:lseek.obj
 0001:00015b1c       __vscprintf                10016b1c f   LIBCMT:vsprintf.obj
 0001:00015b36       __vscprintf_helper         10016b36 f   LIBCMT:vsprintf.obj
 0001:00015b90       __vscprintf_l              10016b90 f   LIBCMT:vsprintf.obj
 0001:00015bab       __vscprintf_p              10016bab f   LIBCMT:vsprintf.obj
 0001:00015bc5       __vscprintf_p_l            10016bc5 f   LIBCMT:vsprintf.obj
 0001:00015be0       __vsprintf_l               10016be0 f   LIBCMT:vsprintf.obj
 0001:00015c62       _vsprintf                  10016c62 f   LIBCMT:vsprintf.obj
 0001:00015c7a       __vsnprintf_c              10016c7a f   LIBCMT:vsnprnc.obj
 0001:00015ca1       __vsnprintf_c_l            10016ca1 f   LIBCMT:vsnprnc.obj
 0001:00015cc9       __vsnprintf_helper         10016cc9 f   LIBCMT:vsnprnc.obj
 0001:00015d91       __vsnprintf_s              10016d91 f   LIBCMT:vsnprnc.obj
 0001:00015daf       __vsnprintf_s_l            10016daf f   LIBCMT:vsnprnc.obj
 0001:00015eaa       __vsprintf_p               10016eaa f   LIBCMT:vsnprnc.obj
 0001:00015ed1       __vsprintf_p_l             10016ed1 f   LIBCMT:vsnprnc.obj
 0001:00015ef9       __vsprintf_s_l             10016ef9 f   LIBCMT:vsnprnc.obj
 0001:00015f6e       _vsprintf_s                10016f6e f   LIBCMT:vsnprnc.obj
 0001:00015f89       __chgsign                  10016f89 f   LIBCMT:ieeemisc.obj
 0001:00015fb4       __copysign                 10016fb4 f   LIBCMT:ieeemisc.obj
 0001:00015fda       __finite                   10016fda f   LIBCMT:ieeemisc.obj
 0001:00015ff2       __fpclass                  10016ff2 f   LIBCMT:ieeemisc.obj
 0001:0001608e       __isnan                    1001708e f   LIBCMT:ieeemisc.obj
 0001:000160c2       __logb                     100170c2 f   LIBCMT:ieeemisc.obj
 0001:0001619f       __nextafter                1001719f f   LIBCMT:ieeemisc.obj
 0001:0001643d       __scalb                    1001743d f   LIBCMT:ieeemisc.obj
 0001:00016455       __add_exp                  10017455 f   LIBCMT:util.obj
 0001:00016482       __decomp                   10017482 f   LIBCMT:util.obj
 0001:00016554       __get_exp                  10017554 f   LIBCMT:util.obj
 0001:0001656b       __set_bexp                 1001756b f   LIBCMT:util.obj
 0001:00016590       __set_exp                  10017590 f   LIBCMT:util.obj
 0001:000165bb       __sptype                   100175bb f   LIBCMT:util.obj
 0001:00016617       __errcode                  10017617 f   LIBCMT:fpexcept.obj
 0001:00016649       __except1                  10017649 f   LIBCMT:fpexcept.obj
 0001:00016711       __except2                  10017711 f   LIBCMT:fpexcept.obj
 0001:00016811       __handle_exc               10017811 f   LIBCMT:fpexcept.obj
 0001:000169ed       __handle_qnan1             100179ed f   LIBCMT:fpexcept.obj
 0001:00016a3d       __handle_qnan2             10017a3d f   LIBCMT:fpexcept.obj
 0001:00016a9d       __raise_exc                10017a9d f   LIBCMT:fpexcept.obj
 0001:00016abe       __raise_exc_ex             10017abe f   LIBCMT:fpexcept.obj
 0001:00016da3       __raise_excf               10017da3 f   LIBCMT:fpexcept.obj
 0001:00016dc4       __set_errno_from_matherr   10017dc4 f   LIBCMT:fpexcept.obj
 0001:00016df1       __umatherr                 10017df1 f   LIBCMT:fpexcept.obj
 0001:00016e8f       ___clrfp_sse2              10017e8f f   LIBCMT:fpctrl.obj
 0001:00016eb0       ___ctrlfp_sse2             10017eb0 f   LIBCMT:fpctrl.obj
 0001:00016ee9       ___fclrf_sse2              10017ee9 f   LIBCMT:fpctrl.obj
 0001:00016f04       ___get_fpsr_sse2           10017f04 f   LIBCMT:fpctrl.obj
 0001:00016f1e       ___set_fpsr_sse2           10017f1e f   LIBCMT:fpctrl.obj
 0001:00016f94       ___set_statfp_sse2         10017f94 f   LIBCMT:fpctrl.obj
 0001:00016fad       ___statfp_sse2             10017fad f   LIBCMT:fpctrl.obj
 0001:00016fc2       __clrfp                    10017fc2 f   LIBCMT:fpctrl.obj
 0001:00016fd1       __ctrlfp                   10017fd1 f   LIBCMT:fpctrl.obj
 0001:00016ffa       __set_statfp               10017ffa f   LIBCMT:fpctrl.obj
 0001:00017050       __statfp                   10018050 f   LIBCMT:fpctrl.obj
 0001:0001705e       _wcscat_s                  1001805e f   LIBCMT:wcscat_s.obj
 0001:000170ca       _wcscpy_s                  100180ca f   LIBCMT:wcscpy_s.obj
 0001:00017126       _wcslen                    10018126 f   LIBCMT:wcslen.obj
 0001:0001713f       _wcsncat_s                 1001813f f   LIBCMT:wcsncat_s.obj
 0001:0001720d       __set_abort_behavior       1001820d f   LIBCMT:abort.obj
 0001:0001722c       _abort                     1001822c f   LIBCMT:abort.obj
 0001:0001726f       ___set_app_type            1001826f f   LIBCMT:errmode.obj
 0001:0001727c       __set_error_mode           1001827c f   LIBCMT:errmode.obj
 0001:000173d6       __i64tow_s                 100183d6 f   LIBCMT:xtows.obj
 0001:00017407       __itow_s                   10018407 f   LIBCMT:xtows.obj
 0001:00017430       __ltow_s                   10018430 f   LIBCMT:xtows.obj
 0001:0001745a       __ui64tow_s                1001845a f   LIBCMT:xtows.obj
 0001:00017475       __ultow_s                  10018475 f   LIBCMT:xtows.obj
 0001:00017580       _setvbuf                   10018580 f   LIBCMT:setvbuf.obj
 0001:00017686       __fwprintf_l               10018686 f   LIBCMT:fwprintf.obj
 0001:000176a0       __fwprintf_p               100186a0 f   LIBCMT:fwprintf.obj
 0001:000176b9       __fwprintf_p_l             100186b9 f   LIBCMT:fwprintf.obj
 0001:000176d3       __fwprintf_s_l             100186d3 f   LIBCMT:fwprintf.obj
 0001:000176ed       _fwprintf                  100186ed f   LIBCMT:fwprintf.obj
 0001:0001777e       _fwprintf_s                1001877e f   LIBCMT:fwprintf.obj
 0001:00017797       __vsnwprintf_s             10018797 f   LIBCMT:vswprnc.obj
 0001:000177b5       __vsnwprintf_s_l           100187b5 f   LIBCMT:vswprnc.obj
 0001:000178b4       __vswprintf_c              100188b4 f   LIBCMT:vswprnc.obj
 0001:000178db       __vswprintf_c_l            100188db f   LIBCMT:vswprnc.obj
 0001:00017903       __vswprintf_helper         10018903 f   LIBCMT:vswprnc.obj
 0001:000179fc       __vswprintf_p              100189fc f   LIBCMT:vswprnc.obj
 0001:00017a23       __vswprintf_p_l            10018a23 f   LIBCMT:vswprnc.obj
 0001:00017a4b       __vswprintf_s_l            10018a4b f   LIBCMT:vswprnc.obj
 0001:00017ac2       _vswprintf_s               10018ac2 f   LIBCMT:vswprnc.obj
 0001:00017add       ___crtMessageBoxW          10018add f   LIBCMT:crtmboxw.obj
 0001:00017cbf       ___crtMessageBoxWaitThreadW@4 10018cbf f   LIBCMT:crtmboxw.obj
 0001:00017cdd       __XcptFilter               10018cdd f   LIBCMT:winxfltr.obj
 0001:00017e38       ___CppXcptFilter           10018e38 f   LIBCMT:winxfltr.obj
 0001:00017e8a       ___get_flsindex            10018e8a f   LIBCMT:tidtable.obj
 0001:00017e90       ___threadhandle            10018e90 f   LIBCMT:tidtable.obj
 0001:00017e96       ___threadid                10018e96 f   LIBCMT:tidtable.obj
 0001:00017e9c       __freefls@4                10018e9c f   LIBCMT:tidtable.obj
 0001:00017fd3       __freeptd                  10018fd3 f   LIBCMT:tidtable.obj
 0001:00018009       __getptd                   10019009 f   LIBCMT:tidtable.obj
 0001:00018021       __getptd_noexit            10019021 f   LIBCMT:tidtable.obj
 0001:00018090       __initptd                  10019090 f   LIBCMT:tidtable.obj
 0001:0001813c       __mtinit                   1001913c f   LIBCMT:tidtable.obj
 0001:000181b2       __mtterm                   100191b2 f   LIBCMT:tidtable.obj
 0001:000181cf       __set_pgmptr               100191cf f i LIBCMT:stdargv.obj
 0001:000181dc       __setargv                  100191dc f   LIBCMT:stdargv.obj
 0001:00018409       __setenvp                  10019409 f   LIBCMT:stdenvp.obj
 0001:000184ea       ___security_init_cookie    100194ea f   LIBCMT:gs_support.obj
 0001:00018584       ___crtGetEnvironmentStringsA 10019584 f   LIBCMT:a_env.obj
 0001:00018610       _strlen                    10019610 f   LIBCMT:strlen.obj
 0001:0001869b       _wcsncpy_s                 1001969b f   LIBCMT:wcsncpy_s.obj
 0001:00018759       ___addlocaleref            10019759 f   LIBCMT:localref.obj
 0001:000187e9       ___freetlocinfo            100197e9 f   LIBCMT:localref.obj
 0001:00018943       ___removelocaleref         10019943 f   LIBCMT:localref.obj
 0001:000189de       ___updatetlocinfo          100199de f   LIBCMT:localref.obj
 0001:00018a5a       __updatetlocinfoEx_nolock  10019a5a f   LIBCMT:localref.obj
 0001:00018aa5       ___isascii                 10019aa5 f i LIBCMT:_ctype.obj
 0001:00018ab5       ___iscsym                  10019ab5 f i LIBCMT:_ctype.obj
 0001:00018ad5       ___iscsymf                 10019ad5 f i LIBCMT:_ctype.obj
 0001:00018af2       ___toascii                 10019af2 f i LIBCMT:_ctype.obj
 0001:00018afd       __isalnum_l                10019afd f i LIBCMT:_ctype.obj
 0001:00018b53       __isalpha_l                10019b53 f i LIBCMT:_ctype.obj
 0001:00018ba9       __iscntrl_l                10019ba9 f i LIBCMT:_ctype.obj
 0001:00018bf9       __iscsym_l                 10019bf9 f i LIBCMT:_ctype.obj
 0001:00018c1a       __iscsymf_l                10019c1a f i LIBCMT:_ctype.obj
 0001:00018c3b       __isdigit_l                10019c3b f i LIBCMT:_ctype.obj
 0001:00018c8b       __isgraph_l                10019c8b f i LIBCMT:_ctype.obj
 0001:00018ce1       __islower_l                10019ce1 f i LIBCMT:_ctype.obj
 0001:00018d31       __isprint_l                10019d31 f i LIBCMT:_ctype.obj
 0001:00018d87       __ispunct_l                10019d87 f i LIBCMT:_ctype.obj
 0001:00018dd7       __isspace_l                10019dd7 f i LIBCMT:_ctype.obj
 0001:00018e27       __isupper_l                10019e27 f i LIBCMT:_ctype.obj
 0001:00018e77       __isxdigit_l               10019e77 f i LIBCMT:_ctype.obj
 0001:00018ecd       _isalnum                   10019ecd f i LIBCMT:_ctype.obj
 0001:00018efa       _isalpha                   10019efa f i LIBCMT:_ctype.obj
 0001:00018f27       _iscntrl                   10019f27 f i LIBCMT:_ctype.obj
 0001:00018f52       _isdigit                   10019f52 f i LIBCMT:_ctype.obj
 0001:00018f7d       _isgraph                   10019f7d f i LIBCMT:_ctype.obj
 0001:00018faa       _islower                   10019faa f i LIBCMT:_ctype.obj
 0001:00018fd5       _isprint                   10019fd5 f i LIBCMT:_ctype.obj
 0001:00019002       _ispunct                   1001a002 f i LIBCMT:_ctype.obj
 0001:0001902d       _isspace                   1001a02d f i LIBCMT:_ctype.obj
 0001:00019058       _isupper                   1001a058 f i LIBCMT:_ctype.obj
 0001:00019083       _isxdigit                  1001a083 f i LIBCMT:_ctype.obj
 0001:000190b0       __tolower                  1001a0b0 f   LIBCMT:tolower.obj
 0001:000190bb       __tolower_l                1001a0bb f   LIBCMT:tolower.obj
 0001:000191fc       _tolower                   1001a1fc f   LIBCMT:tolower.obj
 0001:00019228       _strcpy_s                  1001a228 f   LIBCMT:strcpy_s.obj
 0001:00019280       _strrchr                   1001a280 f   LIBCMT:strrchr.obj
 0001:000193b7       __fptostr                  1001a3b7 f   LIBCMT:_fptostr.obj
 0001:00019467       __atodbl                   1001a467 f   LIBCMT:atodbl.obj
 0001:0001947c       __atodbl_l                 1001a47c f   LIBCMT:atodbl.obj
 0001:00019508       __atoflt                   1001a508 f   LIBCMT:atodbl.obj
 0001:0001951d       __atoflt_l                 1001a51d f   LIBCMT:atodbl.obj
 0001:000195a9       __atoldbl                  1001a5a9 f   LIBCMT:atodbl.obj
 0001:000195be       __atoldbl_l                1001a5be f   LIBCMT:atodbl.obj
 0001:0001964b       ___dtold                   1001a64b f   LIBCMT:cfout.obj
 0001:00019711       __fltout2                  1001a711 f   LIBCMT:cfout.obj
 0001:000197a0       __alldvrm                  1001a7a0 f   LIBCMT:lldvrm.obj
 0001:00019880       __aullshr                  1001a880 f   LIBCMT:ullshr.obj
 0001:0001989f       __get_output_format        1001a89f f   LIBCMT:outputformat.obj
 0001:000198a5       __set_output_format        1001a8a5 f   LIBCMT:outputformat.obj
 0001:000198d7       __controlfp_s              1001a8d7 f   LIBCMT:contrlfp.obj
 0001:00019934       __fptrap                   1001a934 f   LIBCMT:crt0fp.obj
 0001:0001993d       __msize                    1001a93d f   LIBCMT:msize.obj
 0001:0001996e       __recalloc                 1001a96e f   LIBCMT:recalloc.obj
 0001:000199d7       _strncpy_s                 1001a9d7 f   LIBCMT:strncpy_s.obj
 0001:00019b53       __MarkAllocaS              1001ab53 f i LIBCMT:a_loc.obj
 0001:00019b67       ___crtGetLocaleInfoA       1001ab67 f   LIBCMT:a_loc.obj
 0001:00019b9f       __freea                    1001ab9f f i LIBCMT:a_loc.obj
 0001:00019bbd       ___crtCompareStringEx      1001abbd f   LIBCMT:winapinls.obj
 0001:00019bdf       ___crtEnumSystemLocalesEx  1001abdf f   LIBCMT:winapinls.obj
 0001:00019bf5       ___crtGetDateFormatEx      1001abf5 f   LIBCMT:winapinls.obj
 0001:00019c14       ___crtGetLocaleInfoEx      1001ac14 f   LIBCMT:winapinls.obj
 0001:00019c2b       ___crtGetTimeFormatEx      1001ac2b f   LIBCMT:winapinls.obj
 0001:00019c48       ___crtGetUserDefaultLocaleName 1001ac48 f   LIBCMT:winapinls.obj
 0001:00019c59       ___crtIsValidLocaleName    1001ac59 f   LIBCMT:winapinls.obj
 0001:00019c67       ___crtLCMapStringEx        1001ac67 f   LIBCMT:winapinls.obj
 0001:00019e92       ___crtLCMapStringA         1001ae92 f   LIBCMT:a_map.obj
 0001:00019fc2       ___crtGetStringTypeA       1001afc2 f   LIBCMT:a_str.obj
 0001:0001a000       __isatty                   1001b000 f   LIBCMT:isatty.obj
 0001:0001a064       __commit                   1001b064 f   LIBCMT:commit.obj
 0001:0001a15b       ___lock_fhandle            1001b15b f   LIBCMT:osfinfo.obj
 0001:0001a1e7       __alloc_osfhnd             1001b1e7 f   LIBCMT:osfinfo.obj
 0001:0001a396       __free_osfhnd              1001b396 f   LIBCMT:osfinfo.obj
 0001:0001a41c       __get_osfhandle            1001b41c f   LIBCMT:osfinfo.obj
 0001:0001a48e       __open_osfhandle           1001b48e f   LIBCMT:osfinfo.obj
 0001:0001a5a4       __set_osfhnd               1001b5a4 f   LIBCMT:osfinfo.obj
 0001:0001a626       __unlock_fhandle           1001b626 f   LIBCMT:osfinfo.obj
 0001:0001a64c       __open                     1001b64c f   LIBCMT:open.obj
 0001:0001a6f9       __sopen                    1001b6f9 f   LIBCMT:open.obj
 0001:0001a72a       __sopen_helper             1001b72a f   LIBCMT:open.obj
 0001:0001a7f1       __sopen_nolock             1001b7f1 f   LIBCMT:open.obj
 0001:0001a83d       __sopen_s                  1001b83d f   LIBCMT:open.obj
 0001:0001a85b       __mbsnbcmp                 1001b85b f   LIBCMT:mbsnbcmp.obj
 0001:0001a873       __mbsnbcmp_l               1001b873 f   LIBCMT:mbsnbcmp.obj
 0001:0001a988       __mbsnbicmp                1001b988 f   LIBCMT:mbsnbicm.obj
 0001:0001a9a0       __mbsnbicmp_l              1001b9a0 f   LIBCMT:mbsnbicm.obj
 0001:0001ab60       __global_unwind2           1001bb60 f   LIBCMT:exsup.obj
 0001:0001abc5       __local_unwind2            1001bbc5 f   LIBCMT:exsup.obj
 0001:0001ac49       __abnormal_termination     1001bc49 f   LIBCMT:exsup.obj
 0001:0001ac6c       __NLG_Notify1              1001bc6c f   LIBCMT:exsup.obj
 0001:0001ac75       __NLG_Notify               1001bc75 f   LIBCMT:exsup.obj
 0001:0001ac8c       __NLG_Dispatch2            1001bc8c     LIBCMT:exsup.obj
 0001:0001ac8c       __NLG_Dispatch             1001bc8c     LIBCMT:exsup.obj
 0001:0001ac94       __NLG_Call                 1001bc94 f   LIBCMT:exsup.obj
 0001:0001ac96       __NLG_Return2              1001bc96     LIBCMT:exsup.obj
 0001:0001ac97       __output_s_l               1001bc97 f   LIBCMT:outputs.obj
 0001:0001b93d       __output_p_l               1001c93d f   LIBCMT:outputp.obj
 0001:0001ccb1       __validate_param_reuseA    1001dcb1 f   LIBCMT:outputp.obj
 0001:0001cde7       _get_crtdouble_arg         1001dde7 f i LIBCMT:outputp.obj
 0001:0001cee4       ___iswcsym                 1001dee4 f i LIBCMT:_wctype.obj
 0001:0001cf08       ___iswcsymf                1001df08 f i LIBCMT:_wctype.obj
 0001:0001cf2c       __isleadbyte_l             1001df2c f i LIBCMT:_wctype.obj
 0001:0001cf62       __iswalnum_l               1001df62 f i LIBCMT:_wctype.obj
 0001:0001cf76       __iswalpha_l               1001df76 f i LIBCMT:_wctype.obj
 0001:0001cf8a       __iswcntrl_l               1001df8a f i LIBCMT:_wctype.obj
 0001:0001cf9b       __iswcsym_l                1001df9b f i LIBCMT:_wctype.obj
 0001:0001cfbf       __iswcsymf_l               1001dfbf f i LIBCMT:_wctype.obj
 0001:0001cfe3       __iswdigit_l               1001dfe3 f i LIBCMT:_wctype.obj
 0001:0001cff4       __iswgraph_l               1001dff4 f i LIBCMT:_wctype.obj
 0001:0001d008       __iswlower_l               1001e008 f i LIBCMT:_wctype.obj
 0001:0001d019       __iswprint_l               1001e019 f i LIBCMT:_wctype.obj
 0001:0001d02d       __iswpunct_l               1001e02d f i LIBCMT:_wctype.obj
 0001:0001d03e       __iswspace_l               1001e03e f i LIBCMT:_wctype.obj
 0001:0001d04f       __iswupper_l               1001e04f f i LIBCMT:_wctype.obj
 0001:0001d060       __iswxdigit_l              1001e060 f i LIBCMT:_wctype.obj
 0001:0001d074       _isleadbyte                1001e074 f i LIBCMT:_wctype.obj
 0001:0001d085       _iswalnum                  1001e085 f i LIBCMT:_wctype.obj
 0001:0001d099       _iswalpha                  1001e099 f i LIBCMT:_wctype.obj
 0001:0001d0ad       _iswascii                  1001e0ad f i LIBCMT:_wctype.obj
 0001:0001d0bf       _iswcntrl                  1001e0bf f i LIBCMT:_wctype.obj
 0001:0001d0d0       _iswdigit                  1001e0d0 f i LIBCMT:_wctype.obj
 0001:0001d0e1       _iswgraph                  1001e0e1 f i LIBCMT:_wctype.obj
 0001:0001d0f5       _iswlower                  1001e0f5 f i LIBCMT:_wctype.obj
 0001:0001d106       _iswprint                  1001e106 f i LIBCMT:_wctype.obj
 0001:0001d11a       _iswpunct                  1001e11a f i LIBCMT:_wctype.obj
 0001:0001d12b       _iswspace                  1001e12b f i LIBCMT:_wctype.obj
 0001:0001d13c       _iswupper                  1001e13c f i LIBCMT:_wctype.obj
 0001:0001d14d       _iswxdigit                 1001e14d f i LIBCMT:_wctype.obj
 0001:0001d161       __wctomb_l                 1001e161 f   LIBCMT:wctomb.obj
 0001:0001d1ae       __wctomb_s_l               1001e1ae f   LIBCMT:wctomb.obj
 0001:0001d2d0       _wctomb                    1001e2d0 f   LIBCMT:wctomb.obj
 0001:0001d301       _wctomb_s                  1001e301 f   LIBCMT:wctomb.obj
 0001:0001d320       __aulldvrm                 1001e320 f   LIBCMT:ulldvrm.obj
 0001:0001d3b5       __getbuf                   1001e3b5 f   LIBCMT:_getbuf.obj
 0001:0001d3fb       __lseeki64                 1001e3fb f   LIBCMT:lseeki64.obj
 0001:0001d504       __lseeki64_nolock          1001e504 f   LIBCMT:lseeki64.obj
 0001:0001d575       __mbtowc_l                 1001e575 f   LIBCMT:mbtowc.obj
 0001:0001d668       _mbtowc                    1001e668 f   LIBCMT:mbtowc.obj
 0001:0001d680       __putwch                   1001e680 f   LIBCMT:putwch.obj
 0001:0001d6c8       __putwch_nolock            1001e6c8 f   LIBCMT:putwch.obj
 0001:0001d710       __chkstk                   1001e710 f   LIBCMT:chkstk.obj
 0001:0001d710       __alloca_probe             1001e710     LIBCMT:chkstk.obj
 0001:0001d73b       __matherr                  1001e73b f   LIBCMT:matherr.obj
 0001:0001d73e       __vfwprintf_l              1001e73e f   LIBCMT:vfwprint.obj
 0001:0001d75c       __vfwprintf_p              1001e75c f   LIBCMT:vfwprint.obj
 0001:0001d779       __vfwprintf_p_l            1001e779 f   LIBCMT:vfwprint.obj
 0001:0001d797       __vfwprintf_s_l            1001e797 f   LIBCMT:vfwprint.obj
 0001:0001d7b5       _vfwprintf                 1001e7b5 f   LIBCMT:vfwprint.obj
 0001:0001d7d2       _vfwprintf_helper          1001e7d2 f   LIBCMT:vfwprint.obj
 0001:0001d861       _vfwprintf_s               1001e861 f   LIBCMT:vfwprint.obj
 0001:0001d87e       __woutput_l                1001e87e f   LIBCMT:woutput.obj
 0001:0001e581       __woutput_s_l              1001f581 f   LIBCMT:woutputs.obj
 0001:0001f2b8       __validate_param_reuseW    100202b8 f   LIBCMT:woutputp.obj
 0001:0001f42e       __woutput_p_l              1002042e f   LIBCMT:woutputp.obj
 0001:00020863       __ismbbalnum               10021863 f   LIBCMT:ismbbyte.obj
 0001:0002087c       __ismbbalnum_l             1002187c f   LIBCMT:ismbbyte.obj
 0001:00020896       __ismbbalpha               10021896 f   LIBCMT:ismbbyte.obj
 0001:000208af       __ismbbalpha_l             100218af f   LIBCMT:ismbbyte.obj
 0001:000208c9       __ismbbgraph               100218c9 f   LIBCMT:ismbbyte.obj
 0001:000208e2       __ismbbgraph_l             100218e2 f   LIBCMT:ismbbyte.obj
 0001:000208fc       __ismbbkalnum              100218fc f   LIBCMT:ismbbyte.obj
 0001:00020912       __ismbbkalnum_l            10021912 f   LIBCMT:ismbbyte.obj
 0001:00020929       __ismbbkana                10021929 f   LIBCMT:ismbbyte.obj
 0001:0002093a       __ismbbkana_l              1002193a f   LIBCMT:ismbbyte.obj
 0001:00020984       __ismbbkprint              10021984 f   LIBCMT:ismbbyte.obj
 0001:0002099a       __ismbbkprint_l            1002199a f   LIBCMT:ismbbyte.obj
 0001:000209b1       __ismbbkpunct              100219b1 f   LIBCMT:ismbbyte.obj
 0001:000209c7       __ismbbkpunct_l            100219c7 f   LIBCMT:ismbbyte.obj
 0001:000209de       __ismbblead                100219de f   LIBCMT:ismbbyte.obj
 0001:000209f4       __ismbblead_l              100219f4 f   LIBCMT:ismbbyte.obj
 0001:00020a0b       __ismbbprint               10021a0b f   LIBCMT:ismbbyte.obj
 0001:00020a24       __ismbbprint_l             10021a24 f   LIBCMT:ismbbyte.obj
 0001:00020a3e       __ismbbpunct               10021a3e f   LIBCMT:ismbbyte.obj
 0001:00020a54       __ismbbpunct_l             10021a54 f   LIBCMT:ismbbyte.obj
 0001:00020a6b       __ismbbtrail               10021a6b f   LIBCMT:ismbbyte.obj
 0001:00020a81       __ismbbtrail_l             10021a81 f   LIBCMT:ismbbyte.obj
 0001:00020a98       ___free_lconv_mon          10021a98 f   LIBCMT:initmon.obj
 0001:00020b94       ___init_monetary           10021b94 f   LIBCMT:initmon.obj
 0001:00020f6e       ___free_lconv_num          10021f6e f   LIBCMT:initnum.obj
 0001:00020fd5       ___init_numeric            10021fd5 f   LIBCMT:initnum.obj
 0001:00021215       ___free_lc_time            10022215 f   LIBCMT:inittime.obj
 0001:00021595       ___init_time               10022595 f   LIBCMT:inittime.obj
 0001:00021e02       _localeconv                10022e02 f   LIBCMT:lconv.obj
 0001:00021e28       __isctype                  10022e28 f   LIBCMT:isctype.obj
 0001:00021e57       __isctype_l                10022e57 f   LIBCMT:isctype.obj
 0001:00021f06       __locterm                  10022f06 f   LIBCMT:wsetloca.obj
 0001:00021f58       ___init_dummy              10022f58 f   LIBCMT:wsetloca.obj
 0001:00021f5b       ____setlc_active_func      10022f5b f   LIBCMT:wsetloca.obj
 0001:00021f61       ____unguarded_readlc_active_add_func 10022f61 f   LIBCMT:wsetloca.obj
 0001:00021f67       ___copy_locale_name        10022f67 f   LIBCMT:wsetloca.obj
 0001:00021fcb       ___create_locale           10022fcb f   LIBCMT:wsetloca.obj
 0001:00021fd4       ___free_locale             10022fd4 f   LIBCMT:wsetloca.obj
 0001:00021fd9       ___get_current_locale      10022fd9 f   LIBCMT:wsetloca.obj
 0001:00021fde       ___lc_lctowcs              10022fde f   LIBCMT:wsetloca.obj
 0001:0002204c       ___lc_wcstolc              1002304c f   LIBCMT:wsetloca.obj
 0001:00022176       __configthreadlocale       10023176 f   LIBCMT:wsetloca.obj
 0001:000221fc       __create_locale            100231fc f   LIBCMT:wsetloca.obj
 0001:0002225c       __expandlocale             1002325c f   LIBCMT:wsetloca.obj
 0001:0002253f       __free_locale              1002353f f   LIBCMT:wsetloca.obj
 0001:000225f9       __get_current_locale       100235f9 f   LIBCMT:wsetloca.obj
 0001:000226a8       __wcreate_locale           100236a8 f   LIBCMT:wsetloca.obj
 0001:00022798       __wcscats                  10023798 f   LIBCMT:wsetloca.obj
 0001:000227d7       __wsetlocale               100237d7 f   LIBCMT:wsetloca.obj
 0001:0002310c       __CopyMan                  1002410c f i LIBCMT:intrncvt.obj
 0001:00023129       __FillZeroMan              10024129 f i LIBCMT:intrncvt.obj
 0001:00023138       __IncMan                   10024138 f i LIBCMT:intrncvt.obj
 0001:0002319a       __IsZeroMan                1002419a f i LIBCMT:intrncvt.obj
 0001:000231b7       __RoundMan                 100241b7 f i LIBCMT:intrncvt.obj
 0001:000232b6       __ShrMan                   100242b6 f i LIBCMT:intrncvt.obj
 0001:00023342       __ZeroTail                 10024342 f i LIBCMT:intrncvt.obj
 0001:0002338a       ___addl                    1002438a f i LIBCMT:intrncvt.obj
 0001:000233ae       __ld12cvt                  100243ae f i LIBCMT:intrncvt.obj
 0001:00023917       __ld12tod                  10024917 f   LIBCMT:intrncvt.obj
 0001:00023e87       __ld12tof                  10024e87 f   LIBCMT:intrncvt.obj
 0001:000243f7       __ld12told                 100253f7 f   LIBCMT:intrncvt.obj
 0001:000244c4       ___STRINGTOLD_L            100254c4 f   LIBCMT:strgtold.obj
 0001:0002451d       ___ld12mul                 1002551d f i LIBCMT:strgtold.obj
 0001:000247e6       ___multtenpow12            100257e6 f i LIBCMT:strgtold.obj
 0001:00024b44       ___shl_12                  10025b44 f i LIBCMT:strgtold.obj
 0001:00024b75       ___shr_12                  10025b75 f i LIBCMT:strgtold.obj
 0001:00024ba5       ___strgtold12_l            10025ba5 f   LIBCMT:strgtold.obj
 0001:00025321       _$I10_OUTPUT               10026321 f   LIBCMT:x10fout.obj
 0001:00025ce5       ___add_12                  10026ce5 f i LIBCMT:x10fout.obj
 0001:00025d57       ___pctype_func             10026d57 f   LIBCMT:ctype.obj
 0001:00025d80       ___pwctype_func            10026d80 f   LIBCMT:ctype.obj
 0001:00025ebe       ___control87_2             10026ebe f   LIBCMT:ieee87.obj
 0001:0002652e       __clearfp                  1002752e f   LIBCMT:ieee87.obj
 0001:0002660c       __control87                1002760c f i LIBCMT:ieee87.obj
 0001:0002690c       __controlfp                1002790c f   LIBCMT:ieee87.obj
 0001:00026c15       __fpreset                  10027c15 f   LIBCMT:ieee87.obj
 0001:00026ce2       __set_controlfp            10027ce2 f   LIBCMT:ieee87.obj
 0001:00026d53       __statusfp                 10027d53 f   LIBCMT:ieee87.obj
 0001:00026deb       __statusfp2                10027deb f   LIBCMT:ieee87.obj
 0001:00026e50       __alloca_probe_16          10027e50 f   LIBCMT:alloca16.obj
 0001:00026e66       __alloca_probe_8           10027e66     LIBCMT:alloca16.obj
 0001:00026f0d       __wopen                    10027f0d f   LIBCMT:wopen.obj
 0001:00026fba       __wsopen                   10027fba f   LIBCMT:wopen.obj
 0001:00026feb       __wsopen_helper            10027feb f   LIBCMT:wopen.obj
 0001:000270b2       __wsopen_nolock            100280b2 f   LIBCMT:wopen.obj
 0001:0002782b       __wsopen_s                 1002882b f   LIBCMT:wopen.obj
 0001:00027850       _strncmp                   10028850 f   LIBCMT:strncmp.obj
 0001:000278c8       __strnicmp                 100288c8 f   LIBCMT:strnicmp.obj
 0001:00027933       __strnicmp_l               10028933 f   LIBCMT:strnicmp.obj
 0001:00027c06       __strtol_l                 10028c06 f   LIBCMT:strtol.obj
 0001:00027c21       __strtoul_l                10028c21 f   LIBCMT:strtol.obj
 0001:00027c3c       _strtol                    10028c3c f   LIBCMT:strtol.obj
 0001:00027c66       _strtoul                   10028c66 f   LIBCMT:strtol.obj
 0001:00027c90       __iswctype_l               10028c90 f   LIBCMT:iswctype.obj
 0001:00027ca2       _is_wctype                 10028ca2 f   LIBCMT:iswctype.obj
 0001:00027cab       _iswctype                  10028cab f   LIBCMT:iswctype.obj
 0001:00027cfd       ____lc_codepage_func       10028cfd f   LIBCMT:initctyp.obj
 0001:00027d23       ____lc_collate_cp_func     10028d23 f   LIBCMT:initctyp.obj
 0001:00027d49       ____lc_locale_name_func    10028d49 f   LIBCMT:initctyp.obj
 0001:00027d71       ____mb_cur_max_func        10028d71 f   LIBCMT:initctyp.obj
 0001:00027d97       ____mb_cur_max_l_func      10028d97 f   LIBCMT:initctyp.obj
 0001:00027dae       ___init_ctype              10028dae f   LIBCMT:initctyp.obj
 0001:00028146       ___termconout              10029146 f   LIBCMT:initcon.obj
 0001:0002815d       ___initconout              1002915d f   LIBCMT:initcon.obj
 0001:0002817c       __fputwc_nolock            1002917c f   LIBCMT:fputwc.obj
 0001:00028301       _fputwc                    10029301 f   LIBCMT:fputwc.obj
 0001:00028382       _putwc                     10029382 f   LIBCMT:fputwc.obj
 0001:00028567       __wcstol_l                 10029567 f   LIBCMT:wcstol.obj
 0001:0002857f       __wcstoul_l                1002957f f   LIBCMT:wcstol.obj
 0001:00028597       _wcstol                    10029597 f   LIBCMT:wcstol.obj
 0001:000285af       _wcstoul                   100295af f   LIBCMT:wcstol.obj
 0001:000285c7       ___init_collate            100295c7 f   LIBCMT:initcoll.obj
 0001:000286e7       _memcmp                    100296e7 f   LIBCMT:memcmp.obj
 0001:0002b5fb       _wcscmp                    1002c5fb f   LIBCMT:wcscmp.obj
 0001:0002b639       _wcscspn                   1002c639 f   LIBCMT:wcscspn.obj
 0001:0002b688       _wcsnlen                   1002c688 f   LIBCMT:wcslen_s.obj
 0001:0002b6a7       _wcsncmp                   1002c6a7 f   LIBCMT:wcsncmp.obj
 0001:0002b6dd       _wcspbrk                   1002c6dd f   LIBCMT:wcspbrk.obj
 0001:0002bcd9       ___get_qualified_locale    1002ccd9 f   LIBCMT:getqloc.obj
 0001:0002be9b       ___mtold12                 1002ce9b f   LIBCMT:mantold.obj
 0001:0002c07d       __chsize                   1002d07d f   LIBCMT:chsize.obj
 0001:0002c097       __chsize_nolock            1002d097 f   LIBCMT:chsize.obj
 0001:0002c24b       __chsize_s                 1002d24b f   LIBCMT:chsize.obj
 0001:0002c33f       __get_fmode                1002d33f f   LIBCMT:setmode.obj
 0001:0002c369       __set_fmode                1002d369 f   LIBCMT:setmode.obj
 0001:0002c3a9       __setmode                  1002d3a9 f   LIBCMT:setmode.obj
 0001:0002c4b7       __setmode_nolock           1002d4b7 f   LIBCMT:setmode.obj
 0001:0002c590       ___ascii_strnicmp          1002d590 f   LIBCMT:_strnicm.obj
 0001:0002c5f1       __flswbuf                  1002d5f1 f   LIBCMT:_flswbuf.obj
 0001:0002c760       __wchartodigit             1002d760 f   LIBCMT:wchtodig.obj
 0001:0002c8ff       __wtoi                     1002d8ff f   LIBCMT:wtox.obj
 0001:0002c908       __wtoi64                   1002d908 f   LIBCMT:wtox.obj
 0001:0002c91c       __wtoi64_l                 1002d91c f   LIBCMT:wtox.obj
 0001:0002c933       __wtoi_l                   1002d933 f   LIBCMT:wtox.obj
 0001:0002c93c       __wtol                     1002d93c f   LIBCMT:wtox.obj
 0001:0002c950       __wtol_l                   1002d950 f   LIBCMT:wtox.obj
 0001:0002c967       _wcschr                    1002d967 f   LIBCMT:wcschr.obj
 0001:0002ca15       __wcsicmp                  1002da15 f   LIBCMT:wcsicmp.obj
 0001:0002caa8       __wcsicmp_l                1002daa8 f   LIBCMT:wcsicmp.obj
 0001:0002cb81       __wcsnicmp                 1002db81 f   LIBCMT:wcsnicmp.obj
 0001:0002cc35       __wcsnicmp_l               1002dc35 f   LIBCMT:wcsnicmp.obj
 0001:0002cffa       __wcstoi64                 1002dffa f   LIBCMT:wcstoq.obj
 0001:0002d024       __wcstoi64_l               1002e024 f   LIBCMT:wcstoq.obj
 0001:0002d03f       __wcstoui64                1002e03f f   LIBCMT:wcstoq.obj
 0001:0002d069       __wcstoui64_l              1002e069 f   LIBCMT:wcstoq.obj
 0001:0002d084       __towlower_l               1002e084 f   LIBCMT:towlower.obj
 0001:0002d136       _towlower                  1002e136 f   LIBCMT:towlower.obj
 0001:0002d150       __allmul                   1002e150 f   LIBCMT:llmul.obj
 0001:0002d184       ___crtLCMapStringW         1002e184 f   LIBCMT:w_map.obj
 0001:0002d1b4       _GetModuleHandleA@4        1002e1b4 f   kernel32:KERNEL32.dll
 0001:0002d1ba       _GetProcAddress@8          1002e1ba f   kernel32:KERNEL32.dll
 0001:0002d1c0       _HeapAlloc@12              1002e1c0 f   kernel32:KERNEL32.dll
 0001:0002d1c6       _IsDebuggerPresent@0       1002e1c6 f   kernel32:KERNEL32.dll
 0001:0002d1cc       _IsProcessorFeaturePresent@4 1002e1cc f   kernel32:KERNEL32.dll
 0001:0002d1d2       _EncodePointer@4           1002e1d2 f   kernel32:KERNEL32.dll
 0001:0002d1d8       _DecodePointer@4           1002e1d8 f   kernel32:KERNEL32.dll
 0001:0002d1de       _GetLastError@0            1002e1de f   kernel32:KERNEL32.dll
 0001:0002d1e4       _InterlockedDecrement@4    1002e1e4 f   kernel32:KERNEL32.dll
 0001:0002d1ea       _ExitProcess@4             1002e1ea f   kernel32:KERNEL32.dll
 0001:0002d1f0       _GetModuleHandleExW@12     1002e1f0 f   kernel32:KERNEL32.dll
 0001:0002d1f6       _AreFileApisANSI@0         1002e1f6 f   kernel32:KERNEL32.dll
 0001:0002d1fc       _MultiByteToWideChar@24    1002e1fc f   kernel32:KERNEL32.dll
 0001:0002d202       _HeapFree@12               1002e202 f   kernel32:KERNEL32.dll
 0001:0002d208       _HeapReAlloc@16            1002e208 f   kernel32:KERNEL32.dll
 0001:0002d20e       _EnterCriticalSection@4    1002e20e f   kernel32:KERNEL32.dll
 0001:0002d214       _LeaveCriticalSection@4    1002e214 f   kernel32:KERNEL32.dll
 0001:0002d21a       _GetStdHandle@4            1002e21a f   kernel32:KERNEL32.dll
 0001:0002d220       _GetFileType@4             1002e220 f   kernel32:KERNEL32.dll
 0001:0002d226       _GetModuleFileNameW@12     1002e226 f   kernel32:KERNEL32.dll
 0001:0002d22c       _WriteConsoleW@20          1002e22c f   kernel32:KERNEL32.dll
 0001:0002d232       _GetCommandLineA@0         1002e232 f   kernel32:KERNEL32.dll
 0001:0002d238       _GetCurrentThreadId@0      1002e238 f   kernel32:KERNEL32.dll
 0001:0002d23e       _WriteFile@20              1002e23e f   kernel32:KERNEL32.dll
 0001:0002d244       _GetProcessHeap@0          1002e244 f   kernel32:KERNEL32.dll
 0001:0002d24a       _UnhandledExceptionFilter@4 1002e24a f   kernel32:KERNEL32.dll
 0001:0002d250       _SetUnhandledExceptionFilter@4 1002e250 f   kernel32:KERNEL32.dll
 0001:0002d256       _FlsAlloc@4                1002e256 f   kernel32:KERNEL32.dll
 0001:0002d25c       _FlsGetValue@4             1002e25c f   kernel32:KERNEL32.dll
 0001:0002d262       _FlsSetValue@8             1002e262 f   kernel32:KERNEL32.dll
 0001:0002d268       _FlsFree@4                 1002e268 f   kernel32:KERNEL32.dll
 0001:0002d26e       _GetCurrentProcess@0       1002e26e f   kernel32:KERNEL32.dll
 0001:0002d274       _TerminateProcess@8        1002e274 f   kernel32:KERNEL32.dll
 0001:0002d27a       _GetStartupInfoW@4         1002e27a f   kernel32:KERNEL32.dll
 0001:0002d280       _GetModuleHandleW@4        1002e280 f   kernel32:KERNEL32.dll
 0001:0002d286       _InitializeCriticalSectionAndSpinCount@8 1002e286 f   kernel32:KERNEL32.dll
 0001:0002d28c       _DeleteCriticalSection@4   1002e28c f   kernel32:KERNEL32.dll
 0001:0002d292       _FatalAppExitA@8           1002e292 f   kernel32:KERNEL32.dll
 0001:0002d298       _Sleep@4                   1002e298 f   kernel32:KERNEL32.dll
 0001:0002d29e       _InterlockedExchange@8     1002e29e f   kernel32:KERNEL32.dll
 0001:0002d2a4       _FreeLibrary@4             1002e2a4 f   kernel32:KERNEL32.dll
 0001:0002d2aa       _LoadLibraryExW@12         1002e2aa f   kernel32:KERNEL32.dll
 0001:0002d2b0       _SetConsoleCtrlHandler@8   1002e2b0 f   kernel32:KERNEL32.dll
 0001:0002d2b6       _InterlockedIncrement@4    1002e2b6 f   kernel32:KERNEL32.dll
 0001:0002d2bc       _IsValidCodePage@4         1002e2bc f   kernel32:KERNEL32.dll
 0001:0002d2c2       _GetACP@0                  1002e2c2 f   kernel32:KERNEL32.dll
 0001:0002d2c8       _GetOEMCP@0                1002e2c8 f   kernel32:KERNEL32.dll
 0001:0002d2ce       _GetCPInfo@8               1002e2ce f   kernel32:KERNEL32.dll
 0001:0002d2d4       _CloseHandle@4             1002e2d4 f   kernel32:KERNEL32.dll
 0001:0002d2da       _RtlUnwind@16              1002e2da f   kernel32:KERNEL32.dll
 0001:0002d2e0       _InitOnceExecuteOnce@16    1002e2e0 f   kernel32:KERNEL32.dll
 0001:0002d2e6       _ReadFile@20               1002e2e6 f   kernel32:KERNEL32.dll
 0001:0002d2ec       _GetConsoleMode@8          1002e2ec f   kernel32:KERNEL32.dll
 0001:0002d2f2       _ReadConsoleW@20           1002e2f2 f   kernel32:KERNEL32.dll
 0001:0002d2f8       _WideCharToMultiByte@32    1002e2f8 f   kernel32:KERNEL32.dll
 0001:0002d2fe       _GetConsoleCP@0            1002e2fe f   kernel32:KERNEL32.dll
 0001:0002d304       _DeleteFileW@4             1002e304 f   kernel32:KERNEL32.dll
 0001:0002d30a       _SetFilePointer@16         1002e30a f   kernel32:KERNEL32.dll
 0001:0002d310       _RaiseException@16         1002e310 f   kernel32:KERNEL32.dll
 0001:0002d316       _OutputDebugStringW@4      1002e316 f   kernel32:KERNEL32.dll
 0001:0002d31c       _LoadLibraryW@4            1002e31c f   kernel32:KERNEL32.dll
 0001:0002d322       _SetLastError@4            1002e322 f   kernel32:KERNEL32.dll
 0001:0002d328       _GetCurrentThread@0        1002e328 f   kernel32:KERNEL32.dll
 0001:0002d32e       _GetModuleFileNameA@12     1002e32e f   kernel32:KERNEL32.dll
 0001:0002d334       _QueryPerformanceCounter@4 1002e334 f   kernel32:KERNEL32.dll
 0001:0002d33a       _GetSystemTimeAsFileTime@4 1002e33a f   kernel32:KERNEL32.dll
 0001:0002d340       _GetTickCount64@0          1002e340 f   kernel32:KERNEL32.dll
 0001:0002d346       _GetEnvironmentStringsW@0  1002e346 f   kernel32:KERNEL32.dll
 0001:0002d34c       _FreeEnvironmentStringsW@4 1002e34c f   kernel32:KERNEL32.dll
 0001:0002d352       _HeapSize@12               1002e352 f   kernel32:KERNEL32.dll
 0001:0002d358       _GetTimeFormatEx@24        1002e358 f   kernel32:KERNEL32.dll
 0001:0002d35e       _GetDateFormatEx@28        1002e35e f   kernel32:KERNEL32.dll
 0001:0002d364       _CompareStringEx@36        1002e364 f   kernel32:KERNEL32.dll
 0001:0002d36a       _GetLocaleInfoEx@16        1002e36a f   kernel32:KERNEL32.dll
 0001:0002d370       _GetUserDefaultLocaleName@8 1002e370 f   kernel32:KERNEL32.dll
 0001:0002d376       _LCMapStringEx@36          1002e376 f   kernel32:KERNEL32.dll
 0001:0002d37c       _IsValidLocaleName@4       1002e37c f   kernel32:KERNEL32.dll
 0001:0002d382       _EnumSystemLocalesEx@16    1002e382 f   kernel32:KERNEL32.dll
 0001:0002d388       _GetStringTypeW@16         1002e388 f   kernel32:KERNEL32.dll
 0001:0002d38e       _FlushFileBuffers@4        1002e38e f   kernel32:KERNEL32.dll
 0001:0002d394       _SetStdHandle@8            1002e394 f   kernel32:KERNEL32.dll
 0001:0002d39a       _SetFilePointerEx@20       1002e39a f   kernel32:KERNEL32.dll
 0001:0002d3a0       _CreateFileW@28            1002e3a0 f   kernel32:KERNEL32.dll
 0001:0002d3a6       _SetEndOfFile@4            1002e3a6 f   kernel32:KERNEL32.dll
 0002:00000000       ___xc_a                    10038000     LIBCMT:crt0init.obj
 0002:00000104       ___xc_z                    10038104     LIBCMT:crt0init.obj
 0002:00000208       ___xi_a                    10038208     LIBCMT:crt0init.obj
 0002:00000420       ___xi_z                    10038420     LIBCMT:crt0init.obj
 0002:00000524       ___xp_a                    10038524     LIBCMT:crt0init.obj
 0002:00000838       ___xp_z                    10038838     LIBCMT:crt0init.obj
 0002:0000093c       ___xt_a                    1003893c     LIBCMT:crt0init.obj
 0002:00000a40       ___xt_z                    10038a40     LIBCMT:crt0init.obj
 0002:00000b88       _pci1756_M                 10038b88     pci1756.obj
 0002:00000b8c       ??_C@_0BC@OJJPBDHH@FixedStepDiscrete?$AA@ 10038b8c     pci1756.obj
 0002:00000ba4       ??_C@_04EPKDLPPB@tout?$AA@ 10038ba4     pci1756.obj
 0002:00000baa       ??_C@_00CNPNBAHC@?$AA@     10038baa     pci1756.obj
 0002:00000bac       ??_C@_03HBFGMJOD@rt_?$AA@  10038bac     pci1756.obj
 0002:00000bb0       ??_C@_04DBHJIBAH@PCI1?$AA@ 10038bb0     pci1756.obj
 0002:00000bb8       ??_C@_0N@LILGENG@pci1756?1PCI1?$AA@ 10038bb8     pci1756.obj
 0002:00000bc8       __real@3f60624dd2f1a9fc    10038bc8     pci1756.obj
 0002:00000bd8       __real@41f0000000000000    10038bd8     pci1756.obj
 0002:00000be8       __real@bff0000000000000    10038be8     pci1756.obj
 0002:00000c00       __xmm@41f00000000000000000000000000000 10038c00     pci1756.obj
 0002:00000c14       ??_C@_09LKEICJMG@Constant3?$AA@ 10038c14     pci1756_capi.obj
 0002:00000c20       ??_C@_0L@LEOACIBO@Constant31?$AA@ 10038c20     pci1756_capi.obj
 0002:00000c30       ??_C@_09PFAJLPAB@Constant4?$AA@ 10038c30     pci1756_capi.obj
 0002:00000c3c       ??_C@_09OMBCIOEA@Constant5?$AA@ 10038c3c     pci1756_capi.obj
 0002:00000c48       ??_C@_09MHDPNNID@Constant6?$AA@ 10038c48     pci1756_capi.obj
 0002:00000c54       ??_C@_09NOCEOMMC@Constant7?$AA@ 10038c54     pci1756_capi.obj
 0002:00000c60       ??_C@_09FJLMPAAN@Constant8?$AA@ 10038c60     pci1756_capi.obj
 0002:00000c6c       ??_C@_09EAKHMBEM@Constant9?$AA@ 10038c6c     pci1756_capi.obj
 0002:000011a0       ??_C@_05LPIJGKJ@Value?$AA@ 100391a0     pci1756_capi.obj
 0002:000011a8       ??_C@_02KKFPAPOP@P1?$AA@   100391a8     pci1756_capi.obj
 0002:000011ac       ??_C@_02IBHCFMCM@P2?$AA@   100391ac     pci1756_capi.obj
 0002:000011b0       ??_C@_06BNJCAIGJ@double?$AA@ 100391b0     pci1756_capi.obj
 0002:000011b8       ??_C@_06CNMIJIPB@real_T?$AA@ 100391b8     pci1756_capi.obj
 0002:000011c0       ??_C@_05KNFBNCOH@float?$AA@ 100391c0     pci1756_capi.obj
 0002:000011c8       ??_C@_08CHMPKCOC@Constant?$AA@ 100391c8     pci1756_capi.obj
 0002:000011d4       ??_C@_09IIHOELEE@Constant1?$AA@ 100391d4     pci1756_capi.obj
 0002:000011e0       ??_C@_0L@KOHPMNDB@Constant10?$AA@ 100391e0     pci1756_capi.obj
 0002:000011f0       ??_C@_0L@LHGEPMHA@Constant11?$AA@ 100391f0     pci1756_capi.obj
 0002:00001200       ??_C@_0L@JMEJKPLD@Constant12?$AA@ 10039200     pci1756_capi.obj
 0002:00001210       ??_C@_0L@IFFCJOPC@Constant13?$AA@ 10039210     pci1756_capi.obj
 0002:00001220       ??_C@_0L@MKBDAIDF@Constant14?$AA@ 10039220     pci1756_capi.obj
 0002:00001230       ??_C@_0L@NDAIDJHE@Constant15?$AA@ 10039230     pci1756_capi.obj
 0002:00001240       ??_C@_09KDFDBIIH@Constant2?$AA@ 10039240     pci1756_capi.obj
 0002:00001ab0       ??_C@_0DJ@FHKINPLE@Unexpected?5itemKind?5?$DN?5DATA_ITEM?5@ 10039ab0     rt_logging.obj
 0002:00001af4       ??_C@_0DA@IEHFPFCJ@Unexpected?5itemKind?$DN?$CFd?5in?5rt_Pro@ 10039af4     rt_logging.obj
 0002:00001b30       ??_C@_0DA@IFLHJPBO@Unexpected?5itemKind?$DN?$CFd?5in?5rt_Pro@ 10039b30     rt_logging.obj
 0002:00001b6c       ??_C@_0DA@IAPIIJJL@Unexpected?5itemKind?$DN?$CFd?5in?5rt_Pro@ 10039b6c     rt_logging.obj
 0002:00001ba8       ??_C@_0BE@LCIGPJIG@MATLAB?55?40?5MAT?9file?$AA@ 10039ba8     rt_logging.obj
 0002:00001bc0       ??_C@_0FB@PCJEAJIB@?$CK?$CK?$CK?5Log?5variable?5?$CFs?5has?5wrapped?5@ 10039bc0     rt_logging.obj
 0002:00001c28       ??_C@_0MG@NKMLMOGF@?$CK?$CK?$CK?5To?5avoid?5wrapping?0?5explicitl@ 10039c28     rt_logging.obj
 0002:00001d18       ??_C@_0N@IPAEOLLP@_rtw_tmw?4tmw?$AA@ 10039d18     rt_logging.obj
 0002:00001d28       ??_C@_04HDOCAJNK@?$CFs?$CFs?$AA@ 10039d28     rt_logging.obj
 0002:00001d30       ??_C@_03ELIABIOC@w?$CLb?$AA@ 10039d30     rt_logging.obj
 0002:00001d34       ??_C@_0BF@JPILDDFA@?$CK?$CK?$CK?5Error?5opening?5?$CFs?$AA@ 10039d34     rt_logging.obj
 0002:00001d50       ??_C@_0BK@EEMDELA@unable?5to?5open?5data?5file?6?$AA@ 10039d50     rt_logging.obj
 0002:00001d70       ??_C@_04CGFJFPFD@none?$AA@ 10039d70     rt_logging.obj
 0002:00001d78       ??_C@_0EE@LCGFPNON@?$CK?$CK?$CK?5Error?5creating?5signals?5struc@ 10039d78     rt_logging.obj
 0002:00001dcc       ??_C@_0CE@NHECEDMK@?$CK?$CK?$CK?5Error?5creating?5log?5variable?5@ 10039dcc     rt_logging.obj
 0002:00001df8       ??_C@_0DB@IOCGKAGH@?$CK?$CK?$CK?5Errors?5occurred?5when?5startin@ 10039df8     rt_logging.obj
 0002:00001e34       ??_C@_0BO@BBLOGEBK@?$CK?$CK?$CK?5Memory?5allocation?5error?4?6?$AA@ 10039e34     rt_logging.obj
 0002:00001e58       ??_C@_0N@LGFBAGEL@?5?$CIreal?5part?$CJ?$AA@ 10039e58     rt_logging.obj
 0002:00001e68       ??_C@_0KH@CGNMHNFE@?5?5?5?5varName?5?5?5?5?5?5?5?5?5?5?$DN?5?$CFs?$CFs?6?5?5?5?5@ 10039e68     rt_logging.obj
 0002:00001f30       ??_C@_0LE@OALKKEFM@?5?5?5?5varName?5?5?5?5?5?5?5?5?5?5?$DN?5?$CFs?5?$CIcompl@ 10039f30     rt_logging.obj
 0002:00002008       ??_C@_0KF@JDDLEOKO@?5?5?5?5varName?5?5?5?5?5?5?5?5?5?5?$DN?5?$CFs?6?5?5?5?5nR@ 1003a008     rt_logging.obj
 0002:000020d0       ??_C@_0DP@HPDMIOFM@?$CK?$CK?$CK?5Using?5a?5default?5buffer?5of?5si@ 1003a0d0     rt_logging.obj
 0002:00002120       ??_C@_0KE@JEFOLKNF@?6?$CK?$CK?$CK?5Memory?5required?5to?5log?5vari@ 1003a120     rt_logging.obj
 0002:000021e8       ??_C@_0JP@DKLMHCBI@?$CK?$CK?$CK?5Details?3?6?5?5?5?5?5?5?5varName?5?5?5?5?5@ 1003a1e8     rt_logging.obj
 0002:000022a8       ??_C@_0CM@CAMILBED@?$CK?$CK?$CK?5Error?5allocating?5memory?5for?5@ 1003a2a8     rt_logging.obj
 0002:000022dc       ??_C@_0DF@BBCNMOPM@?$CK?$CK?$CK?5Error?5allocating?5memory?5for?5@ 1003a2dc     rt_logging.obj
 0002:00002320       ??_C@_0JP@DBCLPCCI@?$CK?$CK?$CK?5Details?3?6?5?5?5?5?5?5?5varName?5?5?5?5?5@ 1003a320     rt_logging.obj
 0002:000023e0       ??_C@_0FK@DPGAOBGA@?$CK?$CK?$CK?5Error?5allocating?5memory?5for?5@ 1003a3e0     rt_logging.obj
 0002:0000244c       ??_C@_0BI@GGDNPHLJ@?$CK?$CK?$CK?5Error?5writing?5to?5?$CFs?$AA@ 1003a44c     rt_logging.obj
 0002:00002468       ??_C@_0CB@IBGJGELG@?$CK?$CK?$CK?5Error?5writing?5?$CFs?5due?5to?3?5?$CFs?6@ 1003a468     rt_logging.obj
 0002:00002490       ??_C@_0CN@FLMCHCPB@?$CK?$CK?$CK?5Error?5writing?5log?5variable?5?$CF@ 1003a490     rt_logging.obj
 0002:000024c8       ??_C@_0DH@GAJCNOJP@?$CK?$CK?$CK?5Error?5writing?5structure?5log?5@ 1003a4c8     rt_logging.obj
 0002:0000250c       ??_C@_0BD@POEALECL@?$CK?$CK?5created?5?$CFs?5?$CK?$CK?6?6?$AA@ 1003a50c     rt_logging.obj
 0002:00002528       __real@0000000000000000    1003a528     rt_logging.obj
 0002:00002538       __real@3ff0000000000000    1003a538     rt_logging.obj
 0002:00002548       __real@4020000000000000    1003a548     rt_logging.obj
 0002:00002558       __real@41dfffffffc00000    1003a558     rt_logging.obj
 0002:00002568       __real@41efffffffe00000    1003a568     rt_logging.obj
 0002:00002578       __real@4330000000000000    1003a578     rt_logging.obj
 0002:00002588       __real@8000000000000000    1003a588     rt_logging.obj
 0002:00002598       __real@bfbf9add3afd2773    1003a598     rt_logging.obj
 0002:000025a8       __real@c000000000000000    1003a5a8     rt_logging.obj
 0002:000025d0       __real@3cb0000000000000    1003a5d0     rt_matrx.obj
 0002:000025e0       __real@3fe0000000000000    1003a5e0     rt_matrx.obj
 0002:000025ec       ??_C@_0BI@INNPNFJN@Memory?5Allocation?5Error?$AA@ 1003a5ec     rtw_modelmap_utils.obj
 0002:00002608       ??_C@_1FC@IMCOBDGH@?$AAG?$AA?3?$AA?2?$AAR?$AA2?$AA0?$AA1?$AA6?$AAb?$AA?2?$AAr?$AAt?$AAw?$AA?2?$AAc?$AA?2?$AAs?$AAr?$AAc?$AA?2?$AAr?$AAt?$AAw?$AA_?$AAm?$AAo?$AAd?$AAe?$AAl?$AAm?$AAa?$AAp@ 1003a608     rtw_modelmap_utils.obj
 0002:0000266c       ??_C@_1CI@OEAJCJND@?$AAj?$AA?5?$AA?$DN?$AA?$DN?$AA?5?$AAe?$AAn?$AAc?$AAo?$AAd?$AAe?$AAd?$AAP?$AAa?$AAt?$AAh?$AAL?$AAe?$AAn?$AA?$AA@ 1003a66c     rtw_modelmap_utils.obj
 0002:0000269c       ??_C@_1DC@NFAOIFKB@?$AAe?$AAn?$AAc?$AAo?$AAd?$AAe?$AAd?$AAP?$AAa?$AAt?$AAh?$AA?$FL?$AAj?$AA?9?$AA1?$AA?$FN?$AA?5?$AA?$DN?$AA?$DN?$AA?5?$AA?8?$AA?2?$AA0?$AA?8?$AA?$AA@ 1003a69c     rtw_modelmap_utils.obj
 0002:000026d8       ??_C@_1DI@FLNJGPEE@?$AAs?$AAi?$AAg?$AAC?$AAo?$AAm?$AAp?$AAl?$AAe?$AAx?$AAi?$AAt?$AAy?$AA?$FL?$AA?$CK?$AAs?$AAi?$AAg?$AAI?$AAd?$AAx?$AA?$FN?$AA?5?$AA?$CB?$AA?$DN?$AA?5?$AA1?$AA?$AA@ 1003a6d8     rtw_modelmap_utils.obj
 0002:00002720       ??_C@_1KI@OFELMGBG@?$AA?$CI?$AA?$CI?$AA?$CI?$AAd?$AAa?$AAt?$AAa?$AAT?$AAy?$AAp?$AAe?$AAM?$AAa?$AAp?$AA?$CJ?$AA?$FL?$AA?$CI?$AA?$CI?$AA?$CI?$AAs?$AAt?$AAa?$AAt?$AAe?$AAs?$AA?$CJ?$AA?$FL?$AA?$CI?$AAi?$AA?$CJ?$AA?$FN?$AA?4@ 1003a720     rtw_modelmap_utils.obj
 0002:000027ec       ??_C@_1DA@ILCMPHNE@?$AAf?$AAu?$AAl?$AAl?$AAP?$AAa?$AAt?$AAh?$AA?5?$AA?$CB?$AA?$DN?$AA?5?$AA?$CI?$AA?$CI?$AAv?$AAo?$AAi?$AAd?$AA?5?$AA?$CK?$AA?$CJ?$AA0?$AA?$CJ?$AA?$AA@ 1003a7ec     rtw_modelmap_utils.obj
 0002:00002828       ??_C@_1CI@OEPPFCCA@?$AAp?$AAa?$AAt?$AAh?$AA?5?$AA?$CB?$AA?$DN?$AA?5?$AA?$CI?$AA?$CI?$AAv?$AAo?$AAi?$AAd?$AA?5?$AA?$CK?$AA?$CJ?$AA0?$AA?$CJ?$AA?$AA@ 1003a828     rtw_modelmap_utils.obj
 0002:00002858       ??_C@_1FK@GLJIMFHB@?$AA?$CI?$AA?$CI?$AAm?$AAm?$AAi?$AA?$CJ?$AA?9?$AA?$DO?$AAI?$AAn?$AAs?$AAt?$AAa?$AAn?$AAc?$AAe?$AAM?$AAa?$AAp?$AA?4?$AAf?$AAu?$AAl?$AAl?$AAP?$AAa?$AAt?$AAh?$AA?$CJ?$AA?5?$AA?$DN?$AA?$DN@ 1003a858     rtw_modelmap_utils.obj
 0002:000028c4       ??_C@_1DG@HPCJGNCE@?$AAm?$AAm?$AAi?$AAP?$AAa?$AAt?$AAh?$AA?$FL?$AAp?$AAa?$AAt?$AAh?$AAL?$AAe?$AAn?$AA?9?$AA1?$AA?$FN?$AA?5?$AA?$DN?$AA?$DN?$AA?5?$AA?8?$AA?2?$AA0?$AA?8?$AA?$AA@ 1003a8c4     rtw_modelmap_utils.obj
 0002:00002904       ??_C@_1DM@DBAOGGOO@?$AAm?$AAm?$AAi?$AAP?$AAa?$AAt?$AAh?$AA?$FL?$AAm?$AAm?$AAi?$AAP?$AAa?$AAt?$AAh?$AAL?$AAe?$AAn?$AA?9?$AA1?$AA?$FN?$AA?5?$AA?$DN?$AA?$DN?$AA?5?$AA?8?$AA?2?$AA0?$AA?8?$AA?$AA@ 1003a904     rtw_modelmap_utils.obj
 0002:0000294c       ??_C@_1DC@LHIAKAFE@?$AAb?$AAl?$AAo?$AAc?$AAk?$AAP?$AAa?$AAt?$AAh?$AA?5?$AA?$CB?$AA?$DN?$AA?5?$AA?$CI?$AA?$CI?$AAv?$AAo?$AAi?$AAd?$AA?5?$AA?$CK?$AA?$CJ?$AA0?$AA?$CJ?$AA?$AA@ 1003a94c     rtw_modelmap_utils.obj
 0002:00002988       ??_C@_1GI@KIEJKPGC@?$AAf?$AAu?$AAl?$AAl?$AAS?$AAt?$AAa?$AAt?$AAe?$AAB?$AAl?$AAo?$AAc?$AAk?$AAP?$AAa?$AAt?$AAh?$AA?$FL?$AAf?$AAu?$AAl?$AAl?$AAS?$AAt?$AAa?$AAt?$AAe?$AAB?$AAl?$AAo?$AAc@ 1003a988     rtw_modelmap_utils.obj
 0002:00002a08       ??_C@_1EE@DNPIBJHC@?$AA?$CI?$AA?$CI?$AAd?$AAi?$AAm?$AAM?$AAa?$AAp?$AA?$CJ?$AA?$FL?$AA?$CI?$AAm?$AAa?$AAp?$AAI?$AAd?$AAx?$AA?$CJ?$AA?$FN?$AA?4?$AAn?$AAu?$AAm?$AAD?$AAi?$AAm?$AAs?$AA?$CJ?$AA?5?$AA?$DN?$AA?$DN?$AA?5@ 1003aa08     rtw_modelmap_utils.obj
 0002:00002a5c       ??_C@_06JFOKFOED@CSTATE?$AA@ 1003aa5c     rtw_modelmap_utils.obj
 0002:00002a64       ??_C@_06FAENGAMN@DSTATE?$AA@ 1003aa64     rtw_modelmap_utils.obj
 0002:00002a6c       ??_C@_1BI@LEBJNOGG@?$AAc?$AAs?$AAv?$AAI?$AAd?$AAx?$AA?5?$AA?$DO?$AA?$DN?$AA?5?$AA0?$AA?$AA@ 1003aa6c     rtw_modelmap_utils.obj
 0002:00002a88       ??_C@_1BA@KDMGHCHP@?$AAT?$AAI?$AAD?$AA?$DN?$AA?$DN?$AA?9?$AA1?$AA?$AA@ 1003aa88     rtw_modelmap_utils.obj
 0002:00002a9c       ??_C@_1DM@DHGKBPCE@?$AAs?$AAi?$AAg?$AAP?$AAa?$AAt?$AAh?$AA?$FL?$AAs?$AAi?$AAg?$AAP?$AAa?$AAt?$AAh?$AAL?$AAe?$AAn?$AA?9?$AA1?$AA?$FN?$AA?5?$AA?$DN?$AA?$DN?$AA?5?$AA?8?$AA?2?$AA0?$AA?8?$AA?$AA@ 1003aa9c     rtw_modelmap_utils.obj
 0002:00002ae4       _serialfifoground          1003aae4     xpc_datatype_ground.obj
 0002:00002af0       _bcmsg1553ground           1003aaf0     xpc_datatype_ground.obj
 0002:00002b00       _bcstatground              1003ab00     xpc_datatype_ground.obj
 0002:00002b18       _bmmsg1553ground           1003ab18     xpc_datatype_ground.obj
 0002:00002b38       _ptsetfilename             1003ab38     xpctarget.obj
 0002:00002b3c       _xmlfile                   1003ab3c     xpctarget.obj
 0002:00002b44       ??_C@_07PJCJFOMM@pci1756?$AA@ 1003ab44     xpctarget.obj
 0002:00002b50       ??_C@_0L@CHBJKKFC@xpceSetVar?$AA@ 1003ab50     xpctarget.obj
 0002:00002b60       ??_C@_03JLBJCOMC@6?45?$AA@ 1003ab60     xpctarget.obj
 0002:00002b68       __real@3fb999999999999a    1003ab68     xpctarget.obj
[...]
 0003:00002a04       ___lconv_static_W_null     10044a04     LIBCMT:lconv.obj
 0003:00002a08       ___locale_changed          10044a08     LIBCMT:wsetloca.obj
 0003:00002a0c       __fmode                    10044a0c     LIBCMT:txtmode.obj
 0003:00002a20       _CANAC2_2_receiveindex_mb3 10044a20     <common>
 0003:00005af4       _CANAC2_2_receivemaxindex_mb3 10047af4     <common>
 0003:00005b00       _CANAC2_2_sendindex_mb3    10047b00     <common>
 0003:00005e20       _CANAC2_2_sendmaxindex_mb3 10047e20     <common>
 0003:00005e40       _CANAC2_1_receiveindex_mb3 10047e40     <common>
 0003:00006160       _CANAC2_1_receivemaxindex_mb3 10048160     <common>
 0003:00006180       _CANAC2_1_sendindex_mb3    10048180     <common>
 0003:000064a0       _CANAC2_1_sendmaxindex_mb3 100484a0     <common>
 0003:000064c0       _CANAC2_2_receive_mb3      100484c0     <common>
 0003:000067e0       _CANAC2_2_send_mb3         100487e0     <common>
 0003:00006b00       _CANAC2_1_receive_mb3      10048b00     <common>
 0003:00006e20       _CANAC2_1_send_mb3         10048e20     <common>
 0003:00007140       _CANAC2_2_receiveindex_mb2 10049140     <common>
 0003:00007460       _CANAC2_2_receivemaxindex_mb2 10049460     <common>
 0003:00007480       _CANAC2_2_sendindex_mb2    10049480     <common>
 0003:000077a0       _CANAC2_2_sendmaxindex_mb2 100497a0     <common>
 0003:000077c0       _CANAC2_1_receiveindex_mb2 100497c0     <common>
 0003:00007ae0       _CANAC2_1_receivemaxindex_mb2 10049ae0     <common>
 0003:00007b00       _CANAC2_1_sendindex_mb2    10049b00     <common>
 0003:00007e20       _CANAC2_1_sendmaxindex_mb2 10049e20     <common>
 0003:00007e40       _CANAC2_2_receive_mb2      10049e40     <common>
 0003:00008160       _CANAC2_2_send_mb2         1004a160     <common>
 0003:00008480       _CANAC2_1_receive_mb2      1004a480     <common>
 0003:000087a0       _CANAC2_1_send_mb2         1004a7a0     <common>
 0003:00008ac0       _CANAC2_2_receiveindex_mb1 1004aac0     <common>
 0003:00008de0       _CANAC2_2_receivemaxindex_mb1 1004ade0     <common>
 0003:00008e00       _CANAC2_2_sendindex_mb1    1004ae00     <common>
 0003:00009120       _CANAC2_2_sendmaxindex_mb1 1004b120     <common>
 0003:00009140       _CANAC2_1_receiveindex_mb1 1004b140     <common>
 0003:00009460       _CANAC2_1_receivemaxindex_mb1 1004b460     <common>
 0003:00009480       _CANAC2_1_sendindex_mb1    1004b480     <common>
 0003:000097a0       _CANAC2_1_sendmaxindex_mb1 1004b7a0     <common>
 0003:000097c0       _CANAC2_2_receive_mb1      1004b7c0     <common>
 0003:00009ae0       _CANAC2_2_send_mb1         1004bae0     <common>
 0003:00009e00       _CANAC2_1_receive_mb1      1004be00     <common>
 0003:0000a120       _CANAC2_1_send_mb1         1004c120     <common>
 0003:0000a440       _CANAC2_2_receiveindex     1004c440     <common>
 0003:0000a760       _CANAC2_2_receivemaxindex  1004c760     <common>
 0003:0000a780       _CANAC2_2_sendindex        1004c780     <common>
 0003:0000aaa0       _CANAC2_2_sendmaxindex     1004caa0     <common>
 0003:0000aac0       _CANAC2_1_receiveindex     1004cac0     <common>
 0003:0000ade0       _CANAC2_1_receivemaxindex  1004cde0     <common>
 0003:0000ae00       _CANAC2_1_sendindex        1004ce00     <common>
 0003:0000b120       _CANAC2_1_sendmaxindex     1004d120     <common>
 0003:0000b140       _CANAC2_2_receive          1004d140     <common>
 0003:0000b460       _CANAC2_2_send             1004d460     <common>
 0003:0000b780       _CANAC2_1_receive          1004d780     <common>
 0003:0000baa0       _CANAC2_1_send             1004daa0     <common>
 0003:0000bdc0       _siepowercan_can_object_buffer_port2 1004ddc0     <common>
 0003:0000fde0       _siepowercan_can_object_buffer_port1 10051de0     <common>
 0003:00013de0       _rtNaNF                    10055de0     <common>
 0003:00013df4       _rtMinusInfF               10055df4     <common>
 0003:00013df8       _rtInfF                    10055df8     <common>
 0003:00013e00       _rtNaN                     10055e00     <common>
 0003:00013e08       _rtMinusInf                10055e08     <common>
 0003:00013e10       _rtInf                     10055e10     <common>
 0003:00013e20       _pci1756_M_                10055e20     <common>
 0003:000147a0       _pci1756_DW                100567a0     <common>
 0003:000147c0       _pci1756_B                 100567c0     <common>
 0003:00014948       _socket                    10056948     <common>
 0003:000149a8       _inet_addr                 100569a8     <common>
 0003:000149ac       _sendto                    100569ac     <common>
 0003:000149b0       _recvfrom                  100569b0     <common>
 0003:000149b4       _listen                    100569b4     <common>
 0003:000149b8       _ioctlsocket               100569b8     <common>
 0003:000149bc       _connect                   100569bc     <common>
 0003:000149c0       _closesocket               100569c0     <common>
 0003:000149c4       _setsockopt                100569c4     <common>
 0003:000149c8       _bind                      100569c8     <common>
 0003:000149cc       _accept                    100569cc     <common>
 0003:000149d0       _GetHostTarIPAdd           100569d0     <common>
 0003:000149d4       _GetDCUUsage               100569d4     <common>
 0003:000149d8       _DeleteRoute               100569d8     <common>
 0003:000149dc       _AddGatewayRoute           100569dc     <common>
 0003:000149e0       _SetIP                     100569e0     <common>
 0003:000149e4       _CloseInterface            100569e4     <common>
 0003:000149e8       _OpenInterface             100569e8     <common>
 0003:000149ec       _SetIPTASKPriority         100569ec     <common>
 0003:000149f0       _isUsedByRTIP              100569f0     <common>
 0003:000149f4       _getlasterror              100569f4     <common>
 0003:000149f8       _slrtfsGetFileStatus       100569f8     <common>
 0003:000149fc       _slrtfsOpenFileAsync       100569fc     <common>
 0003:00014a00       _slrtfsCloseFileAsync      10056a00     <common>
 0003:00014a04       _slrtfsGetFileErrorMessage 10056a04     <common>
 0003:00014a08       _slrtfsGetFileError        10056a08     <common>
 0003:00014a0c       _slrtfsWriteToFile         10056a0c     <common>
 0003:00014a10       _slrtfsCloseFile           10056a10     <common>
 0003:00014a14       _slrtfsOpenFile            10056a14     <common>
 0003:00014a18       _slrtGetSgCRBSpace         10056a18     <common>
 0003:00014a1c       _slrtGetCRBScratchSpace    10056a1c     <common>
 0003:00014a20       _slrteSetupMSI             10056a20     <common>
 0003:00014a24       _slTestRegAssessment       10056a24     <common>
 0003:00014a28       _slTestTerminate           10056a28     <common>
 0003:00014a2c       _slTestEvalOnFail          10056a2c     <common>
 0003:00014a30       _slTestLogAssessments      10056a30     <common>
 0003:00014a34       _slTestInitialize          10056a34     <common>
 0003:00014a38       _unRegisterPTPTimeRead     10056a38     <common>
 0003:00014a3c       _registerPTPTimeRead       10056a3c     <common>
 0003:00014a40       _slrteGetCurrentStepSize   10056a40     <common>
 0003:00014a44       _slrteSetStepSizeDelta     10056a44     <common>
 0003:00014a48       _xpceGetIntTimerGranularityNS 10056a48     <common>
 0003:00014a4c       _sendToAsyncQueueTgtAppSvc 10056a4c     <common>
 0003:00014a50       _terminateToAsyncQueueTgtAppSvc 10056a50     <common>
 0003:00014a54       _startToAsyncQueueTgtAppSvc 10056a54     <common>
 0003:00014a58       _getStatusFlags            10056a58     <common>
 0003:00014a5c       _getCommService            10056a5c     <common>
 0003:00014a60       _getMemoryService          10056a60     <common>
 0003:00014a64       _StreamVideo               10056a64     <common>
 0003:00014a68       _StopVideoDisplay          10056a68     <common>
 0003:00014a6c       _StartVideoDisplay         10056a6c     <common>
 0003:00014a70       _DestroyVideoDisplay       10056a70     <common>
 0003:00014a74       _CreateVideoDisplay        10056a74     <common>
 0003:00014a78       _ConvertUImage             10056a78     <common>
 0003:00014a7c       _StopVideo                 10056a7c     <common>
 0003:00014a80       _ReadFrameBuffer           10056a80     <common>
 0003:00014a84       _StartVideo                10056a84     <common>
 0003:00014a88       _GetVideoConfigs           10056a88     <common>
 0003:00014a8c       _FindUsbVideoDevice        10056a8c     <common>
 0003:00014a90       _xpceDeleteSemaphore       10056a90     <common>
 0003:00014a94       _xpceSignalSemaphore       10056a94     <common>
 0003:00014a98       _xpceWaitSemaphore         10056a98     <common>
 0003:00014a9c       _xpceCreateSemaphore       10056a9c     <common>
 0003:00014aa0       _TBGiveSpinFast            10056aa0     <common>
 0003:00014aa4       _TBTakeSpinFast            10056aa4     <common>
 0003:00014aa8       _TBDeleteSpin              10056aa8     <common>
 0003:00014aac       _TBCreateSpin              10056aac     <common>
 0003:00014ab0       _xpceScopeAcqOK            10056ab0     <common>
 0003:00014ab4       _rl32eRestartAcquisition   10056ab4     <common>
 0003:00014ab8       _rl32eSetTargetScopeSigFt  10056ab8     <common>
 0003:00014abc       _rl32eSetTargetScope       10056abc     <common>
 0003:00014ac0       _xpceFSScopeSet            10056ac0     <common>
 0003:00014ac4       _rl32eSetScope             10056ac4     <common>
 0003:00014ac8       _rl32eAddSignal            10056ac8     <common>
 0003:00014acc       _rl32eGetSignalNo          10056acc     <common>
 0003:00014ad0       _rl32eDefScope             10056ad0     <common>
 0003:00014ad4       _rl32eScopeExists          10056ad4     <common>
 0003:00014ad8       _xpceGetParamDims          10056ad8     <common>
 0003:00014adc       _xpceGetParameter          10056adc     <common>
 0003:00014ae0       _xpceSetParameter          10056ae0     <common>
 0003:00014ae4       _xpceGetSignalValue        10056ae4     <common>
 0003:00014ae8       _xpceAssignPCIInterrupt    10056ae8     <common>
 0003:00014aec       _rl32eGetPCIInfoAtSlot     10056aec     <common>
 0003:00014af0       _rl32eGetPCIInfo           10056af0     <common>
 0003:00014af4       _rl32eShowPCIInfo          10056af4     <common>
 0003:00014af8       _rl32eShowPCIDev           10056af8     <common>
 0003:00014afc       _xpceGetTET                10056afc     <common>
 0003:00014b00       _xpceaddEvent              10056b00     <common>
 0003:00014b04       _xpceDeRegisterISR         10056b04     <common>
 0003:00014b08       _xpceRegisterISR           10056b08     <common>
 0003:00014b0c       _xpcIsModelInit            10056b0c     <common>
 0003:00014b10       _xpcGetElapsedTime         10056b10     <common>
 0003:00014b14       _xpcBusyWait               10056b14     <common>
 0003:00014b18       _xpcFreePhysicalMemory     10056b18     <common>
 0003:00014b1c       _xpcAllocPhysicalMemory    10056b1c     <common>
 0003:00014b20       _xpcReserveMemoryRegion    10056b20     <common>
 0003:00014b24       _xpcOutpB                  10056b24     <common>
 0003:00014b28       _xpcOutpW                  10056b28     <common>
 0003:00014b2c       _xpcOutpDW                 10056b2c     <common>
 0003:00014b30       _xpcInpB                   10056b30     <common>
 0003:00014b34       _xpcInpW                   10056b34     <common>
 0003:00014b38       _xpcInpDW                  10056b38     <common>
 0003:00014b3c       ___unguarded_readlc_active 10056b3c     <common>
 0003:00014b4c       ___setlc_active            10056b4c     <common>
 0003:00014b50       __nhandle                  10056b50     <common>
 0003:00014ba0       ___pioinfo                 10056ba0     <common>
 0003:00014ca0       __pDestructExceptionObject 10056ca0     <common>
 0003:00014cac       __debugger_hook_dummy      10056cac     <common>
 0003:00014cb8       __acmdln                   10056cb8     <common>
 0003:00014cc4       ___piob                    10056cc4     <common>
 0003:00015004       __nstream                  10057004     <common>
 0003:00015020       __bufin                    10057020     <common>
 0003:00016020       ___dyn_tls_init_callback   10058020     <common>
 0003:00016030       ___onexitend               10058030     <common>
 0003:00016034       ___onexitbegin             10058034     <common>
 0003:00016038       ___mbctype_initialized     10058038     <common>
 0003:0001603c       ___env_initialized         1005803c     <common>
 0004:00000000       __IMPORT_DESCRIPTOR_KERNEL32 10059000     kernel32:KERNEL32.dll
 0004:00000014       __NULL_IMPORT_DESCRIPTOR   10059014     kernel32:KERNEL32.dll
 0004:000001e4       __imp__GetModuleHandleA@4  100591e4     kernel32:KERNEL32.dll
 0004:000001e8       __imp__GetProcAddress@8    100591e8     kernel32:KERNEL32.dll
 0004:000001ec       __imp__HeapAlloc@12        100591ec     kernel32:KERNEL32.dll
 0004:000001f0       __imp__IsDebuggerPresent@0 100591f0     kernel32:KERNEL32.dll
 0004:000001f4       __imp__IsProcessorFeaturePresent@4 100591f4     kernel32:KERNEL32.dll
 0004:000001f8       __imp__EncodePointer@4     100591f8     kernel32:KERNEL32.dll
 0004:000001fc       __imp__DecodePointer@4     100591fc     kernel32:KERNEL32.dll
 0004:00000200       __imp__GetLastError@0      10059200     kernel32:KERNEL32.dll
 0004:00000204       __imp__InterlockedDecrement@4 10059204     kernel32:KERNEL32.dll
 0004:00000208       __imp__ExitProcess@4       10059208     kernel32:KERNEL32.dll
 0004:0000020c       __imp__GetModuleHandleExW@12 1005920c     kernel32:KERNEL32.dll
 0004:00000210       __imp__AreFileApisANSI@0   10059210     kernel32:KERNEL32.dll
 0004:00000214       __imp__MultiByteToWideChar@24 10059214     kernel32:KERNEL32.dll
 0004:00000218       __imp__HeapFree@12         10059218     kernel32:KERNEL32.dll
 0004:0000021c       __imp__HeapReAlloc@16      1005921c     kernel32:KERNEL32.dll
 0004:00000220       __imp__EnterCriticalSection@4 10059220     kernel32:KERNEL32.dll
 0004:00000224       __imp__LeaveCriticalSection@4 10059224     kernel32:KERNEL32.dll
 0004:00000228       __imp__GetStdHandle@4      10059228     kernel32:KERNEL32.dll
 0004:0000022c       __imp__GetFileType@4       1005922c     kernel32:KERNEL32.dll
 0004:00000230       __imp__GetModuleFileNameW@12 10059230     kernel32:KERNEL32.dll
 0004:00000234       __imp__WriteConsoleW@20    10059234     kernel32:KERNEL32.dll
 0004:00000238       __imp__GetCommandLineA@0   10059238     kernel32:KERNEL32.dll
 0004:0000023c       __imp__GetCurrentThreadId@0 1005923c     kernel32:KERNEL32.dll
 0004:00000240       __imp__WriteFile@20        10059240     kernel32:KERNEL32.dll
 0004:00000244       __imp__GetProcessHeap@0    10059244     kernel32:KERNEL32.dll
 0004:00000248       __imp__UnhandledExceptionFilter@4 10059248     kernel32:KERNEL32.dll
 0004:0000024c       __imp__SetUnhandledExceptionFilter@4 1005924c     kernel32:KERNEL32.dll
 0004:00000250       __imp__FlsAlloc@4          10059250     kernel32:KERNEL32.dll
 0004:00000254       __imp__FlsGetValue@4       10059254     kernel32:KERNEL32.dll
 0004:00000258       __imp__FlsSetValue@8       10059258     kernel32:KERNEL32.dll
 0004:0000025c       __imp__FlsFree@4           1005925c     kernel32:KERNEL32.dll
 0004:00000260       __imp__GetCurrentProcess@0 10059260     kernel32:KERNEL32.dll
 0004:00000264       __imp__TerminateProcess@8  10059264     kernel32:KERNEL32.dll
 0004:00000268       __imp__GetStartupInfoW@4   10059268     kernel32:KERNEL32.dll
 0004:0000026c       __imp__GetModuleHandleW@4  1005926c     kernel32:KERNEL32.dll
 0004:00000270       __imp__InitializeCriticalSectionAndSpinCount@8 10059270     kernel32:KERNEL32.dll
 0004:00000274       __imp__DeleteCriticalSection@4 10059274     kernel32:KERNEL32.dll
 0004:00000278       __imp__FatalAppExitA@8     10059278     kernel32:KERNEL32.dll
 0004:0000027c       __imp__Sleep@4             1005927c     kernel32:KERNEL32.dll
 0004:00000280       __imp__InterlockedExchange@8 10059280     kernel32:KERNEL32.dll
 0004:00000284       __imp__FreeLibrary@4       10059284     kernel32:KERNEL32.dll
 0004:00000288       __imp__LoadLibraryExW@12   10059288     kernel32:KERNEL32.dll
 0004:0000028c       __imp__SetConsoleCtrlHandler@8 1005928c     kernel32:KERNEL32.dll
 0004:00000290       __imp__InterlockedIncrement@4 10059290     kernel32:KERNEL32.dll
 0004:00000294       __imp__IsValidCodePage@4   10059294     kernel32:KERNEL32.dll
 0004:00000298       __imp__GetACP@0            10059298     kernel32:KERNEL32.dll
 0004:0000029c       __imp__GetOEMCP@0          1005929c     kernel32:KERNEL32.dll
 0004:000002a0       __imp__GetCPInfo@8         100592a0     kernel32:KERNEL32.dll
 0004:000002a4       __imp__CloseHandle@4       100592a4     kernel32:KERNEL32.dll
 0004:000002a8       __imp__RtlUnwind@16        100592a8     kernel32:KERNEL32.dll
 0004:000002ac       __imp__InitOnceExecuteOnce@16 100592ac     kernel32:KERNEL32.dll
 0004:000002b0       __imp__ReadFile@20         100592b0     kernel32:KERNEL32.dll
 0004:000002b4       __imp__GetConsoleMode@8    100592b4     kernel32:KERNEL32.dll
 0004:000002b8       __imp__ReadConsoleW@20     100592b8     kernel32:KERNEL32.dll
 0004:000002bc       __imp__WideCharToMultiByte@32 100592bc     kernel32:KERNEL32.dll
 0004:000002c0       __imp__GetConsoleCP@0      100592c0     kernel32:KERNEL32.dll
 0004:000002c4       __imp__DeleteFileW@4       100592c4     kernel32:KERNEL32.dll
 0004:000002c8       __imp__SetFilePointer@16   100592c8     kernel32:KERNEL32.dll
 0004:000002cc       __imp__RaiseException@16   100592cc     kernel32:KERNEL32.dll
 0004:000002d0       __imp__OutputDebugStringW@4 100592d0     kernel32:KERNEL32.dll
 0004:000002d4       __imp__LoadLibraryW@4      100592d4     kernel32:KERNEL32.dll
 0004:000002d8       __imp__SetLastError@4      100592d8     kernel32:KERNEL32.dll
 0004:000002dc       __imp__GetCurrentThread@0  100592dc     kernel32:KERNEL32.dll
 0004:000002e0       __imp__GetModuleFileNameA@12 100592e0     kernel32:KERNEL32.dll
 0004:000002e4       __imp__QueryPerformanceCounter@4 100592e4     kernel32:KERNEL32.dll
 0004:000002e8       __imp__GetSystemTimeAsFileTime@4 100592e8     kernel32:KERNEL32.dll
 0004:000002ec       __imp__GetTickCount64@0    100592ec     kernel32:KERNEL32.dll
 0004:000002f0       __imp__GetEnvironmentStringsW@0 100592f0     kernel32:KERNEL32.dll
 0004:000002f4       __imp__FreeEnvironmentStringsW@4 100592f4     kernel32:KERNEL32.dll
 0004:000002f8       __imp__HeapSize@12         100592f8     kernel32:KERNEL32.dll
 0004:000002fc       __imp__GetTimeFormatEx@24  100592fc     kernel32:KERNEL32.dll
 0004:00000300       __imp__GetDateFormatEx@28  10059300     kernel32:KERNEL32.dll
 0004:00000304       __imp__CompareStringEx@36  10059304     kernel32:KERNEL32.dll
 0004:00000308       __imp__GetLocaleInfoEx@16  10059308     kernel32:KERNEL32.dll
 0004:0000030c       __imp__GetUserDefaultLocaleName@8 1005930c     kernel32:KERNEL32.dll
 0004:00000310       __imp__LCMapStringEx@36    10059310     kernel32:KERNEL32.dll
 0004:00000314       __imp__IsValidLocaleName@4 10059314     kernel32:KERNEL32.dll
 0004:00000318       __imp__EnumSystemLocalesEx@16 10059318     kernel32:KERNEL32.dll
 0004:0000031c       __imp__GetStringTypeW@16   1005931c     kernel32:KERNEL32.dll
 0004:00000320       __imp__FlushFileBuffers@4  10059320     kernel32:KERNEL32.dll
 0004:00000324       __imp__SetStdHandle@8      10059324     kernel32:KERNEL32.dll
 0004:00000328       __imp__SetFilePointerEx@20 10059328     kernel32:KERNEL32.dll
 0004:0000032c       __imp__CreateFileW@28      1005932c     kernel32:KERNEL32.dll
 0004:00000330       __imp__SetEndOfFile@4      10059330     kernel32:KERNEL32.dll
 0004:00000334       \177KERNEL32_NULL_THUNK_DATA 10059334     kernel32:KERNEL32.dll

 entry point at        0001:0000fa0b

