 pci1756_xpc

 Timestamp is 60ec4cbd (Mon Jul 12 22:07:57 2021)

 Preferred load address is 10000000

 Start         Length     Name                   Class
 0001:00000000 000371dfH .text                   CODE
 0002:00000000 00000104H .CRT$XCA                DATA
 0002:00000104 00000104H .CRT$XCZ                DATA
 0002:00000208 00000104H .CRT$XIA                DATA
 0002:0000030c 00000113H .CRT$XIC                DATA
 0002:00000420 00000104H .CRT$XIZ                DATA
 0002:00000524 00000104H .CRT$XPA                DATA
 0002:00000628 00000109H .CRT$XPX                DATA
 0002:00000734 00000104H .CRT$XPXA               DATA
 0002:00000838 00000104H .CRT$XPZ                DATA
 0002:0000093c 00000104H .CRT$XTA                DATA
 0002:00000a40 00000104H .CRT$XTZ                DATA
 0002:00000b50 00007369H .rdata                  DATA
 0002:00007ebc 000001b6H .rdata$debug            DATA
 0002:00008080 0000010eH .rdata$sxdata           DATA
 0002:00008190 00000104H .rtc$IAA                DATA
 0002:00008294 00000104H .rtc$IZZ                DATA
 0002:00008398 00000104H .rtc$TAA                DATA
 0002:0000849c 00000104H .rtc$TZZ                DATA
 0002:000085a0 00000991H .xdata$x                DATA
 0002:00008f40 000001dfH .edata                  DATA
 0003:00000000 00001b7eH .data                   DATA
 0003:00001b80 000144c0H .bss                    DATA
 0004:00000000 00000014H .idata$2                DATA
 0004:00000014 00000014H .idata$3                DATA
 0004:00000028 000001bcH .idata$4                DATA
 0004:000001e4 000001bcH .idata$5                DATA
 0004:000003a0 000007c3H .idata$6                DATA

  Address         Publics by Value              Rva+Base       Lib:Object

 0000:00000000       __except_list              00000000     <absolute>
 0000:00000003       ___safe_se_handler_count   00000003     <absolute>
 0000:00000000       ___ImageBase               10000000     <linker-defined>
 0001:000002e0       _MdlInitialize             100012e0 f   pci1756.obj
 0001:000002f0       _MdlInitializeSampleTimes  100012f0 f   pci1756.obj
 0001:00000300       _MdlInitializeSizes        10001300 f   pci1756.obj
 0001:00000310       _MdlOutputs                10001310 f   pci1756.obj
 0001:00000320       _MdlStart                  10001320 f   pci1756.obj
 0001:00000340       _MdlTerminate              10001340 f   pci1756.obj
 0001:00000360       _MdlUpdate                 10001360 f   pci1756.obj
 0001:000003f0       _pci1756                   100013f0 f   pci1756.obj
 0001:00000df0       _pci1756_GetCAPIStaticMap  10001df0 f   pci1756_capi.obj
 0001:00000e00       _pci1756_InitializeDataMapInfo 10001e00 f   pci1756_capi.obj
 0001:00000e90       _rtGetInf                  10001e90 f   rtGetInf.obj
 0001:00000ec0       _rtGetInfF                 10001ec0 f   rtGetInf.obj
 0001:00000ee0       _rtGetMinusInf             10001ee0 f   rtGetInf.obj
 0001:00000f10       _rtGetMinusInfF            10001f10 f   rtGetInf.obj
 0001:00000f30       _rtGetNaN                  10001f30 f   rtGetNaN.obj
 0001:00000f60       _rtGetNaNF                 10001f60 f   rtGetNaN.obj
 0001:00001840       _rt_CreateLogVar           10002840 f   rt_logging.obj
 0001:000018d0       _rt_CreateLogVarWithConvert 100028d0 f   rt_logging.obj
 0001:000022a0       _rt_CreateStructLogVar     100032a0 f   rt_logging.obj
 0001:000030b0       _rt_GetMxIdFromDTypeId     100040b0 f   rt_logging.obj
 0001:000030e0       _rt_GetMxIdFromDTypeIdForRSim 100040e0 f   rt_logging.obj
 0001:000059d0       _rt_StartDataLogging       100069d0 f   rt_logging.obj
 0001:00005e90       _rt_StartDataLoggingWithStartTime 10006e90 f   rt_logging.obj
 0001:00006810       _rt_StopDataLogging        10007810 f   rt_logging.obj
 0001:00006830       _rt_StopDataLoggingImpl    10007830 f   rt_logging.obj
 0001:00006b50       _rt_UpdateLogVar           10007b50 f   rt_logging.obj
 0001:00007f50       _rt_UpdateStructLogVar     10008f50 f   rt_logging.obj
 0001:00007fe0       _rt_UpdateTXXFYLogVars     10008fe0 f   rt_logging.obj
 0001:00008320       _rt_UpdateTXYLogVars       10009320 f   rt_logging.obj
 0001:00008580       _rt_CleanUpForStateLogWithMMI 10009580 f   rt_logging_mmi.obj
 0001:00008690       _rt_FillStateSigInfoFromMMI 10009690 f   rt_logging_mmi.obj
 0001:00008a40       _rt_mxCreateCharMatrixFromStrings 10009a40 f   rt_matrx.obj
 0001:00008b90       _rt_mxCreateDoubleMatrix   10009b90 f   rt_matrx.obj
 0001:00008bf0       _rt_mxCreateNumericArray   10009bf0 f   rt_matrx.obj
 0001:00008c70       _rt_mxCreateString         10009c70 f   rt_matrx.obj
 0001:00008d00       _rt_mxDuplicateArray       10009d00 f   rt_matrx.obj
 0001:00008d90       _rt_mxGetDimensions        10009d90 f   rt_matrx.obj
 0001:00008e00       _rt_mxGetEps               10009e00 f   rt_matrx.obj
 0001:00008e10       _rt_mxGetString            10009e10 f   rt_matrx.obj
 0001:00008ed0       _rtIsInf                   10009ed0 f   rt_nonfinite.obj
 0001:00008f10       _rtIsInfF                  10009f10 f   rt_nonfinite.obj
 0001:00008f50       _rtIsNaN                   10009f50 f   rt_nonfinite.obj
 0001:00008f70       _rtIsNaNF                  10009f70 f   rt_nonfinite.obj
 0001:00008f90       _rt_InitInfAndNaN          10009f90 f   rt_nonfinite.obj
 0001:00008ff0       _rtPrintfNoOp              10009ff0 f   rt_printf.obj
 0001:00009000       _rtwCAPI_CountSysRan       1000a000 f   rtw_modelmap_utils.obj
 0001:000090a0       _rtwCAPI_EncodePath        1000a0a0 f   rtw_modelmap_utils.obj
 0001:00009190       _rtwCAPI_FillSysRan        1000a190 f   rtw_modelmap_utils.obj
 0001:00009280       _rtwCAPI_FreeFullPaths     1000a280 f   rtw_modelmap_utils.obj
 0001:00009310       _rtwCAPI_GetFullStateBlockPath 1000a310 f   rtw_modelmap_utils.obj
 0001:000094c0       _rtwCAPI_GetNumContStateRecords 1000a4c0 f   rtw_modelmap_utils.obj
 0001:00009580       _rtwCAPI_GetNumSigLogRecords 1000a580 f   rtw_modelmap_utils.obj
 0001:000095d0       _rtwCAPI_GetNumSigLogRecordsForRTWLogging 1000a5d0 f   rtw_modelmap_utils.obj
 0001:00009660       _rtwCAPI_GetNumStateRecords 1000a660 f   rtw_modelmap_utils.obj
 0001:000096b0       _rtwCAPI_GetNumStateRecordsForRTWLogging 1000a6b0 f   rtw_modelmap_utils.obj
 0001:00009740       _rtwCAPI_GetSigAddrFromMap 1000a740 f   rtw_modelmap_utils.obj
 0001:00009800       _rtwCAPI_GetSigLogRecordInfo 1000a800 f   rtw_modelmap_utils.obj
 0001:00009c30       _rtwCAPI_GetStateRecordInfo 1000ac30 f   rtw_modelmap_utils.obj
 0001:0000a0e0       _rtwCAPI_GetStateWidth     1000b0e0 f   rtw_modelmap_utils.obj
 0001:0000a140       _rtwCAPI_HasStates         1000b140 f   rtw_modelmap_utils.obj
 0001:0000a1b0       _rtwCAPI_UpdateFullPaths   1000b1b0 f   rtw_modelmap_utils.obj
 0001:0000a390       _DllMain@12                1000b390 f   xpctarget.obj
 0001:0000a3a0       _SLRTSetErrorStatus        1000b3a0 f   xpctarget.obj
 0001:0000a3c0       _changeStepSize            1000b3c0 f   xpctarget.obj
 0001:0000a410       _getDLMVersion             1000b410 f   xpctarget.obj
 0001:0000a420       _getRefMdlPath             1000b420 f   xpctarget.obj
 0001:0000a4a0       _getRefMdlSignalNumber     1000b4a0 f   xpctarget.obj
 0001:0000a550       _getrlmdlinfo              1000b550 f   xpctarget.obj
 0001:0000a730       _pci1756_ChangeStepSize    1000b730 f   xpctarget.obj
 0001:0000a780       _updateDiscreteEvents      1000b780 f   xpctarget.obj
 0001:0000a790       _getNumRef                 1000b790 f   appmappingData.obj
 0001:0000b3a0       _pci1756DIO                1000c3a0 f   pci1756DIO.obj
 0001:0000b400       _GetPCIDeviceFull          1000c400 f   xpcruntime:xpcimports.obj
 0001:0000b430       _ShowPCIDevice             1000c430 f   xpcruntime:xpcimports.obj
 0001:0000baa0       _xpcGetPciConfigAtSlot     1000caa0 f   xpcruntime:xpcimports.obj
 0001:0000bd30       _xpcInitProcs              1000cd30 f   xpcruntime:xpcimports.obj
 0001:0000cad0       _xpceuploadevent           1000dad0 f   xpcruntime:xpcimports.obj
 0001:0000cad1       __heap_alloc               1000dad1 f i LIBCMT:malloc.obj
 0001:0000cb0e       _malloc                    1000db0e f   LIBCMT:malloc.obj
 0001:0000cba0       _memset                    1000dba0 f   LIBCMT:memset.obj
 0001:0000cc30       __fpmath                   1000dc30 f   LIBCMT:fpinit.obj
 0001:0000cc47       ___setfflag                1000dc47 f   LIBCMT:fpinit.obj
 0001:0000cc5a       __cfltcvt_init             1000dc5a f   LIBCMT:fpinit.obj
 0001:0000ccba       ___raise_securityfailure   1000dcba f   LIBCMT:gs_report.obj
 0001:0000ccf7       ___report_gsfailure        1000dcf7 f   LIBCMT:gs_report.obj
 0001:0000cdf0       ___report_rangecheckfailure 1000ddf0 f   LIBCMT:gs_report.obj
 0001:0000cdfc       ___report_securityfailure  1000ddfc f   LIBCMT:gs_report.obj
 0001:0000ceca       ___report_securityfailureEx 1000deca f   LIBCMT:gs_report.obj
 0001:0000cfde       ___copy_path_to_wide_string 1000dfde f   LIBCMT:crt0dat.obj
 0001:0000d08e       ___crtCorExitProcess       1000e08e f   LIBCMT:crt0dat.obj
 0001:0000d0c0       ___crtExitProcess          1000e0c0 f   LIBCMT:crt0dat.obj
 0001:0000d0d6       ___freeCrtMemory           1000e0d6 f   LIBCMT:crt0dat.obj
 0001:0000d1dd       __amsg_exit                1000e1dd f   LIBCMT:crt0dat.obj
 0001:0000d1f9       __c_exit                   1000e1f9 f   LIBCMT:crt0dat.obj
 0001:0000d208       __cexit                    1000e208 f   LIBCMT:crt0dat.obj
 0001:0000d217       __cinit                    1000e217 f   LIBCMT:crt0dat.obj
 0001:0000d2a8       __exit                     1000e2a8 f   LIBCMT:crt0dat.obj
 0001:0000d2bc       __get_pgmptr               1000e2bc f   LIBCMT:crt0dat.obj
 0001:0000d2eb       __get_wpgmptr              1000e2eb f   LIBCMT:crt0dat.obj
 0001:0000d31a       __init_pointers            1000e31a f   LIBCMT:crt0dat.obj
 0001:0000d36a       __initterm_e               1000e36a f   LIBCMT:crt0dat.obj
 0001:0000d38c       __lockexit                 1000e38c f   LIBCMT:crt0dat.obj
 0001:0000d395       __unlockexit               1000e395 f   LIBCMT:crt0dat.obj
 0001:0000d4cd       _exit                      1000e4cd f   LIBCMT:crt0dat.obj
 0001:0000d4e1       _calloc                    1000e4e1 f   LIBCMT:calloc.obj
 0001:0000d51f       _free                      1000e51f f   LIBCMT:free.obj
 0001:0000d557       _realloc                   1000e557 f   LIBCMT:realloc.obj
 0001:0000d610       _memmove                   1000e610 f   LIBCMT:memmove.obj
 0001:0000dc60       _strchr                    1000ec60 f   LIBCMT:strchr.obj
 0001:0000dcce       ___from_strstr_to_strchr   1000ecce     LIBCMT:strchr.obj
 0001:0000dd90       _strncat                   1000ed90 f   LIBCMT:strncat.obj
 0001:0000ded0       _strncpy                   1000eed0 f   LIBCMT:strncpy.obj
 0001:0000dff4       ___initstdio               1000eff4 f   LIBCMT:_file.obj
 0001:0000e067       ___endstdio                1000f067 f   LIBCMT:_file.obj
 0001:0000e08e       ___iob_func                1000f08e f   LIBCMT:_file.obj
 0001:0000e094       __lock_file                1000f094 f   LIBCMT:_file.obj
 0001:0000e0d3       __lock_file2               1000f0d3 f   LIBCMT:_file.obj
 0001:0000e103       __unlock_file              1000f103 f   LIBCMT:_file.obj
 0001:0000e13d       __unlock_file2             1000f13d f   LIBCMT:_file.obj
 0001:0000e16a       __fclose_nolock            1000f16a f   LIBCMT:fclose.obj
 0001:0000e1d6       _fclose                    1000f1d6 f   LIBCMT:fclose.obj
 0001:0000e24d       __fsopen                   1000f24d f   LIBCMT:fopen.obj
 0001:0000e311       _fopen                     1000f311 f   LIBCMT:fopen.obj
 0001:0000e326       _fopen_s                   1000f326 f   LIBCMT:fopen.obj
 0001:0000e36b       __fprintf_l                1000f36b f   LIBCMT:fprintf.obj
 0001:0000e385       __fprintf_p                1000f385 f   LIBCMT:fprintf.obj
 0001:0000e39e       __fprintf_p_l              1000f39e f   LIBCMT:fprintf.obj
 0001:0000e3b8       __fprintf_s_l              1000f3b8 f   LIBCMT:fprintf.obj
 0001:0000e3d2       _fprintf                   1000f3d2 f   LIBCMT:fprintf.obj
 0001:0000e4ed       _fprintf_s                 1000f4ed f   LIBCMT:fprintf.obj
 0001:0000e506       __fread_nolock             1000f506 f   LIBCMT:fread.obj
 0001:0000e521       __fread_nolock_s           1000f521 f   LIBCMT:fread.obj
 0001:0000e6e4       _fread                     1000f6e4 f   LIBCMT:fread.obj
 0001:0000e6ff       _fread_s                   1000f6ff f   LIBCMT:fread.obj
 0001:0000e790       __fwrite_nolock            1000f790 f   LIBCMT:fwrite.obj
 0001:0000e8e7       _fwrite                    1000f8e7 f   LIBCMT:fwrite.obj
 0001:0000e965       __get_printf_count_output  1000f965 f   LIBCMT:printf.obj
 0001:0000e97a       __printf_l                 1000f97a f   LIBCMT:printf.obj
 0001:0000e991       __printf_p                 1000f991 f   LIBCMT:printf.obj
 0001:0000e9a7       __printf_p_l               1000f9a7 f   LIBCMT:printf.obj
 0001:0000e9be       __printf_s_l               1000f9be f   LIBCMT:printf.obj
 0001:0000e9d5       __set_printf_count_output  1000f9d5 f   LIBCMT:printf.obj
 0001:0000e9fd       _printf                    1000f9fd f   LIBCMT:printf.obj
 0001:0000eaa9       _printf_s                  1000faa9 f   LIBCMT:printf.obj
 0001:0000eabf       __unlink                   1000fabf f   LIBCMT:unlink.obj
 0001:0000eac8       _remove                    1000fac8 f   LIBCMT:unlink.obj
 0001:0000eb08       _rewind                    1000fb08 f   LIBCMT:rewind.obj
 0001:0000ebd0       __scprintf                 1000fbd0 f   LIBCMT:sprintf.obj
 0001:0000ebe3       __scprintf_l               1000fbe3 f   LIBCMT:sprintf.obj
 0001:0000ebfa       __scprintf_p               1000fbfa f   LIBCMT:sprintf.obj
 0001:0000ec0d       __scprintf_p_l             1000fc0d f   LIBCMT:sprintf.obj
 0001:0000ec24       __snprintf_s               1000fc24 f   LIBCMT:sprintf.obj
 0001:0000ec43       __snprintf_s_l             1000fc43 f   LIBCMT:sprintf.obj
 0001:0000ec63       __sprintf_l                1000fc63 f   LIBCMT:sprintf.obj
 0001:0000ec7d       __sprintf_p                1000fc7d f   LIBCMT:sprintf.obj
 0001:0000ec99       __sprintf_p_l              1000fc99 f   LIBCMT:sprintf.obj
 0001:0000ecb6       __sprintf_s_l              1000fcb6 f   LIBCMT:sprintf.obj
 0001:0000ecd3       _sprintf                   1000fcd3 f   LIBCMT:sprintf.obj
 0001:0000ed55       _sprintf_s                 1000fd55 f   LIBCMT:sprintf.obj
 0001:0000ed71       _ldexp                     1000fd71 f   LIBCMT:ldexp.obj
 0001:0000ef59       @__security_check_cookie@4 1000ff59 f   LIBCMT:secchk.obj
 0001:0000ef70       _memcpy                    1000ff70 f   LIBCMT:memcpy.obj
 0001:0000f5b4       ___isa_available_init      100105b4 f   LIBCMT:cpu_disp.obj
 0001:0000f6ed       __invoke_watson_if_error   100106ed f i LIBCMT:wassert.obj
 0001:0000f70d       __wassert                  1001070d f   LIBCMT:wassert.obj
 0001:0000fdaf       __CRT_INIT@12              10010daf f   LIBCMT:dllcrt0.obj
 0001:0000ff1b       __DllMainCRTStartup@12     10010f1b f   LIBCMT:dllcrt0.obj
 0001:0001004c       ___DllXcptFilter           1001104c f   LIBCMT:dllcrt0.obj
 0001:00010071       ?_query_new_handler@@YAP6AHI@ZXZ 10011071 f   LIBCMT:handler.obj
 0001:0001007e       ?_set_new_handler@@YAP6AHI@ZH@Z 1001107e f   LIBCMT:handler.obj
 0001:00010087       ?_set_new_handler@@YAP6AHI@ZP6AHI@Z@Z 10011087 f   LIBCMT:handler.obj
 0001:000100bc       __callnewh                 100110bc f   LIBCMT:handler.obj
 0001:000100e2       __initp_heap_handler       100110e2 f   LIBCMT:handler.obj
 0001:000100ef       __FF_MSGBANNER             100110ef f   LIBCMT:crt0msg.obj
 0001:00010128       __GET_RTERRMSG             10011128 f   LIBCMT:crt0msg.obj
 0001:0001014c       __NMSG_WRITE               1001114c f   LIBCMT:crt0msg.obj
 0001:00010307       ___doserrno                10011307 f   LIBCMT:dosmap.obj
 0001:0001031a       __dosmaperr                1001131a f   LIBCMT:dosmap.obj
 0001:0001033b       __errno                    1001133b f   LIBCMT:dosmap.obj
 0001:0001034e       __get_doserrno             1001134e f   LIBCMT:dosmap.obj
 0001:00010371       __get_errno                10011371 f   LIBCMT:dosmap.obj
 0001:00010394       __get_errno_from_oserr     10011394 f   LIBCMT:dosmap.obj
 0001:000103d5       __set_doserrno             100113d5 f   LIBCMT:dosmap.obj
 0001:000103f4       __set_errno                100113f4 f   LIBCMT:dosmap.obj
 0001:00010413       __get_heap_handle          10011413 f   LIBCMT:heapinit.obj
 0001:00010419       __heap_init                10011419 f   LIBCMT:heapinit.obj
 0001:0001042e       __heap_term                1001142e f   LIBCMT:heapinit.obj
 0001:00010436       __VEC_memset               10011436 f   LIBCMT:p4_memset.obj
 0001:000104fe       ??0_LocaleUpdate@@QAE@PAUlocaleinfo_struct@@@Z 100114fe f i LIBCMT:cvt.obj
 0001:00010586       ??1_LocaleUpdate@@QAE@XZ   10011586 f i LIBCMT:cvt.obj
 0001:00010594       ?GetLocaleT@_LocaleUpdate@@QAEPAUlocaleinfo_struct@@XZ 10011594 f i LIBCMT:cvt.obj
 0001:00010597       ?strrchr@@YAPADPADH@Z      10011597 f i LIBCMT:cvt.obj
 0001:000105a0       __cfltcvt                  100115a0 f   LIBCMT:cvt.obj
 0001:000105c1       __cfltcvt_l                100115c1 f   LIBCMT:cvt.obj
 0001:00010647       __cftoa                    10011647 f   LIBCMT:cvt.obj
 0001:00010665       __cftoa_l                  10011665 f   LIBCMT:cvt.obj
 0001:000109bf       __cftoe                    100119bf f   LIBCMT:cvt.obj
 0001:00010b2c       __cftoe_l                  10011b2c f   LIBCMT:cvt.obj
 0001:00010bf8       __cftof                    10011bf8 f   LIBCMT:cvt.obj
 0001:00010cfd       __cftof_l                  10011cfd f   LIBCMT:cvt.obj
 0001:00010dbc       __cftog                    10011dbc f   LIBCMT:cvt.obj
 0001:00010dda       __cftog_l                  10011dda f   LIBCMT:cvt.obj
 0001:00010ed7       __cropzeros                10011ed7 f   LIBCMT:cvt.obj
 0001:00010ee8       __cropzeros_l              10011ee8 f   LIBCMT:cvt.obj
 0001:00010f66       __fassign                  10011f66 f   LIBCMT:cvt.obj
 0001:00010f7e       __fassign_l                10011f7e f   LIBCMT:cvt.obj
 0001:00010fbe       __forcdecpt                10011fbe f   LIBCMT:cvt.obj
 0001:00010fcf       __forcdecpt_l              10011fcf f   LIBCMT:cvt.obj
 0001:00011041       __positive                 10012041 f   LIBCMT:cvt.obj
 0001:00011083       __setdefaultprecision      10012083 f   LIBCMT:fp8.obj
 0001:000110aa       __initp_misc_cfltcvt_tab   100120aa f   LIBCMT:cmiscdat.obj
 0001:000110c9       __crt_debugger_hook        100120c9 f   LIBCMT:dbghook.obj
 0001:0001110a       ___crtFlsAlloc             1001210a f   LIBCMT:winapisupp.obj
 0001:00011118       ___crtFlsFree              10012118 f   LIBCMT:winapisupp.obj
 0001:00011126       ___crtFlsGetValue          10012126 f   LIBCMT:winapisupp.obj
 0001:00011134       ___crtFlsSetValue          10012134 f   LIBCMT:winapisupp.obj
 0001:00011145       ___crtGetShowWindowMode    10012145 f   LIBCMT:winapisupp.obj
 0001:00011166       ___crtIsPackagedApp        10012166 f   LIBCMT:winapisupp.obj
 0001:000111b2       ___crtSetUnhandledExceptionFilter 100121b2 f   LIBCMT:winapisupp.obj
 0001:000111c0       ___crtTerminateProcess     100121c0 f   LIBCMT:winapisupp.obj
 0001:000111d5       ___crtUnhandledException   100121d5 f   LIBCMT:winapisupp.obj
 0001:000111eb       ?_invalid_parameter@@YAXPBG00II@Z 100121eb f   LIBCMT:invarg.obj
 0001:000111f0       ?_invoke_watson@@YAXPBG00II@Z 100121f0 f   LIBCMT:invarg.obj
 0001:00011208       __call_reportfault         10012208 f   LIBCMT:invarg.obj
 0001:0001132b       __get_invalid_parameter_handler 1001232b f   LIBCMT:invarg.obj
 0001:00011338       __initp_misc_invarg        10012338 f   LIBCMT:invarg.obj
 0001:00011345       __invalid_parameter        10012345 f   LIBCMT:invarg.obj
 0001:00011370       __invalid_parameter_noinfo 10012370 f   LIBCMT:invarg.obj
 0001:00011380       __invalid_parameter_noinfo_noreturn 10012380 f   LIBCMT:invarg.obj
 0001:0001139b       __invoke_watson            1001239b f   LIBCMT:invarg.obj
 0001:000113c6       __set_invalid_parameter_handler 100123c6 f   LIBCMT:invarg.obj
 0001:000113eb       __RTC_Initialize           100123eb f   LIBCMT:initsect.obj
 0001:0001140b       __RTC_Terminate            1001240b f   LIBCMT:initsect.obj
 0001:0001142b       __lock                     1001242b f   LIBCMT:mlock.obj
 0001:0001145f       __lockerr_exit             1001245f f   LIBCMT:mlock.obj
 0001:0001147f       __mtdeletelocks            1001247f f   LIBCMT:mlock.obj
 0001:000114d3       __mtinitlocknum            100124d3 f   LIBCMT:mlock.obj
 0001:0001157a       __mtinitlocks              1001257a f   LIBCMT:mlock.obj
 0001:000115af       __unlock                   100125af f   LIBCMT:mlock.obj
 0001:000115d0       __FindPESection            100125d0 f   LIBCMT:pesect.obj
 0001:00011620       __IsNonwritableInCurrentImage 10012620 f   LIBCMT:pesect.obj
 0001:000116e0       __ValidateImageBase        100126e0 f   LIBCMT:pesect.obj
 0001:00011711       ___onexitinit              10012711 f   LIBCMT:onexit.obj
 0001:00011740       __onexit                   10012740 f   LIBCMT:onexit.obj
 0001:00011836       _atexit                    10012836 f   LIBCMT:onexit.obj
 0001:0001184b       __calloc_crt               1001284b f   LIBCMT:crtheap.obj
 0001:00011895       __malloc_crt               10012895 f   LIBCMT:crtheap.obj
 0001:000118de       __realloc_crt              100128de f   LIBCMT:crtheap.obj
 0001:0001192a       __recalloc_crt             1001292a f   LIBCMT:crtheap.obj
 0001:0001197a       __set_malloc_crt_max_wait  1001297a f   LIBCMT:crtheap.obj
 0001:0001198d       _wait_a_bit                1001298d f i LIBCMT:crtheap.obj
 0001:000119b1       ?_inconsistency@@YAXXZ     100129b1 f   LIBCMT:hooks.obj
 0001:000119e9       ?terminate@@YAXXZ          100129e9 f   LIBCMT:hooks.obj
 0001:00011a1d       ?unexpected@@YAXXZ         10012a1d f   LIBCMT:hooks.obj
 0001:00011a30       __initp_eh_hooks           10012a30 f   LIBCMT:hooks.obj
 0001:00011a41       ___getlocaleinfo           10012a41 f   LIBCMT:inithelp.obj
 0001:00011c18       __initp_misc_purevirt      10012c18 f   LIBCMT:inithelp.obj
 0001:00011c25       __initp_misc_rand_s        10012c25 f   LIBCMT:rand_s.obj
 0001:00011c32       _rand_s                    10012c32 f   LIBCMT:rand_s.obj
 0001:00011d40       ___fpecode                 10012d40 f   LIBCMT:winsig.obj
 0001:00011d49       ___get_sigabrt             10012d49 f   LIBCMT:winsig.obj
 0001:00011d56       ___pxcptinfoptrs           10012d56 f   LIBCMT:winsig.obj
 0001:00011d5f       __initp_misc_winsig        10012d5f f   LIBCMT:winsig.obj
 0001:00011e14       _raise                     10012e14 f   LIBCMT:winsig.obj
 0001:00012005       _signal                    10013005 f   LIBCMT:winsig.obj
 0001:00012260       __SEH_prolog4              10013260 f   LIBCMT:sehprolg4.obj
 0001:000122a5       __SEH_epilog4              100132a5 f   LIBCMT:sehprolg4.obj
 0001:00012300       __except_handler4          10013300 f   LIBCMT:chandler4.obj
 0001:00012495       ___initmbctable            10013495 f   LIBCMT:mbctype.obj
 0001:00012750       ___updatetmbcinfo          10013750 f   LIBCMT:mbctype.obj
 0001:000127f5       __getmbcp                  100137f5 f   LIBCMT:mbctype.obj
 0001:00012824       __setmbcp                  10013824 f   LIBCMT:mbctype.obj
 0001:000129d2       __setmbcp_nolock           100139d2 f   LIBCMT:mbctype.obj
 0001:00012bc7       __ftbuf                    10013bc7 f   LIBCMT:_sftbuf.obj
 0001:00012bf8       __stbuf                    10013bf8 f   LIBCMT:_sftbuf.obj
 0001:00012c9e       __calloc_impl              10013c9e f   LIBCMT:calloc_impl.obj
 0001:00012d18       __fcloseall                10013d18 f   LIBCMT:closeall.obj
 0001:00012db5       __fflush_nolock            10013db5 f   LIBCMT:fflush.obj
 0001:00012dfb       __flush                    10013dfb f   LIBCMT:fflush.obj
 0001:00012e5f       __flushall                 10013e5f f   LIBCMT:fflush.obj
 0001:00012e68       _fflush                    10013e68 f   LIBCMT:fflush.obj
 0001:00012fa1       __fileno                   10013fa1 f   LIBCMT:fileno.obj
 0001:00012fc5       __close                    10013fc5 f   LIBCMT:close.obj
 0001:0001309c       __close_nolock             1001409c f   LIBCMT:close.obj
 0001:00013144       __freebuf                  10014144 f   LIBCMT:_freebuf.obj
 0001:00013174       __getstream                10014174 f   LIBCMT:stream.obj
 0001:0001328c       __openfile                 1001428c f   LIBCMT:_open.obj
 0001:00013510       __local_unwind4            10014510 f   LIBCMT:exsup4.obj
 0001:000135e6       __seh_longjmp_unwind4@4    100145e6 f   LIBCMT:exsup4.obj
 0001:00013602       @_EH4_CallFilterFunc@8     10014602 f   LIBCMT:exsup4.obj
 0001:00013619       @_EH4_TransferToHandler@8  10014619 f   LIBCMT:exsup4.obj
 0001:00013632       @_EH4_GlobalUnwind2@8      10014632 f   LIBCMT:exsup4.obj
 0001:0001364b       @_EH4_LocalUnwind@16       1001464b f   LIBCMT:exsup4.obj
 0001:00013662       __vfprintf_l               10014662 f   LIBCMT:vfprintf.obj
 0001:00013680       __vfprintf_p               10014680 f   LIBCMT:vfprintf.obj
 0001:0001369d       __vfprintf_p_l             1001469d f   LIBCMT:vfprintf.obj
 0001:000136bb       __vfprintf_s_l             100146bb f   LIBCMT:vfprintf.obj
 0001:000136d9       _vfprintf                  100146d9 f   LIBCMT:vfprintf.obj
 0001:000136f6       _vfprintf_helper           100146f6 f   LIBCMT:vfprintf.obj
 0001:00013810       _vfprintf_s                10014810 f   LIBCMT:vfprintf.obj
 0001:0001382d       __output_l                 1001482d f   LIBCMT:output.obj
 0001:000143d1       _get_int64_arg             100153d1 f i LIBCMT:output.obj
 0001:000143e4       _get_int_arg               100153e4 f i LIBCMT:output.obj
 0001:000143f4       _get_short_arg             100153f4 f i LIBCMT:output.obj
 0001:000144ef       __ioinit                   100154ef f   LIBCMT:ioinit.obj
 0001:0001450b       __ioinit0                  1001550b f   LIBCMT:ioinit.obj
 0001:0001452a       __ioinitCallback@12        1001552a f   LIBCMT:ioinit.obj
 0001:000147f7       __ioterm                   100157f7 f   LIBCMT:ioinit.obj
 0001:00014849       __filbuf                   10015849 f   LIBCMT:_filbuf.obj
 0001:00014977       _memcpy_s                  10015977 f   LIBCMT:memcpy_s.obj
 0001:000149f6       __read                     100159f6 f   LIBCMT:read.obj
 0001:00014b0b       __read_nolock              10015b0b f   LIBCMT:read.obj
 0001:000152a5       __flsbuf                   100162a5 f   LIBCMT:_flsbuf.obj
 0001:00015401       __write                    10016401 f   LIBCMT:write.obj
 0001:000154f0       __write_nolock             100164f0 f   LIBCMT:write.obj
 0001:00015d6c       __vprintf_l                10016d6c f   LIBCMT:vprintf.obj
 0001:00015d87       __vprintf_p                10016d87 f   LIBCMT:vprintf.obj
 0001:00015da1       __vprintf_p_l              10016da1 f   LIBCMT:vprintf.obj
 0001:00015dbc       __vprintf_s_l              10016dbc f   LIBCMT:vprintf.obj
 0001:00015dd7       _vprintf                   10016dd7 f   LIBCMT:vprintf.obj
 0001:00015df1       _vprintf_helper            10016df1 f   LIBCMT:vprintf.obj
 0001:00015e7a       _vprintf_s                 10016e7a f   LIBCMT:vprintf.obj
 0001:00015e94       __wremove                  10016e94 f   LIBCMT:wunlink.obj
 0001:00015ec2       __wunlink                  10016ec2 f   LIBCMT:wunlink.obj
 0001:00015ecb       __lseek                    10016ecb f   LIBCMT:lseek.obj
 0001:00015fba       __lseek_nolock             10016fba f   LIBCMT:lseek.obj
 0001:0001602c       __vscprintf                1001702c f   LIBCMT:vsprintf.obj
 0001:00016046       __vscprintf_helper         10017046 f   LIBCMT:vsprintf.obj
 0001:000160a0       __vscprintf_l              100170a0 f   LIBCMT:vsprintf.obj
 0001:000160bb       __vscprintf_p              100170bb f   LIBCMT:vsprintf.obj
 0001:000160d5       __vscprintf_p_l            100170d5 f   LIBCMT:vsprintf.obj
 0001:000160f0       __vsprintf_l               100170f0 f   LIBCMT:vsprintf.obj
 0001:00016172       _vsprintf                  10017172 f   LIBCMT:vsprintf.obj
 0001:0001618a       __vsnprintf_c              1001718a f   LIBCMT:vsnprnc.obj
 0001:000161b1       __vsnprintf_c_l            100171b1 f   LIBCMT:vsnprnc.obj
 0001:000161d9       __vsnprintf_helper         100171d9 f   LIBCMT:vsnprnc.obj
 0001:000162a1       __vsnprintf_s              100172a1 f   LIBCMT:vsnprnc.obj
 0001:000162bf       __vsnprintf_s_l            100172bf f   LIBCMT:vsnprnc.obj
 0001:000163ba       __vsprintf_p               100173ba f   LIBCMT:vsnprnc.obj
 0001:000163e1       __vsprintf_p_l             100173e1 f   LIBCMT:vsnprnc.obj
 0001:00016409       __vsprintf_s_l             10017409 f   LIBCMT:vsnprnc.obj
 0001:0001647e       _vsprintf_s                1001747e f   LIBCMT:vsnprnc.obj
 0001:00016499       __chgsign                  10017499 f   LIBCMT:ieeemisc.obj
 0001:000164c4       __copysign                 100174c4 f   LIBCMT:ieeemisc.obj
 0001:000164ea       __finite                   100174ea f   LIBCMT:ieeemisc.obj
 0001:00016502       __fpclass                  10017502 f   LIBCMT:ieeemisc.obj
 0001:0001659e       __isnan                    1001759e f   LIBCMT:ieeemisc.obj
 0001:000165d2       __logb                     100175d2 f   LIBCMT:ieeemisc.obj
 0001:000166af       __nextafter                100176af f   LIBCMT:ieeemisc.obj
 0001:0001694d       __scalb                    1001794d f   LIBCMT:ieeemisc.obj
 0001:00016965       __add_exp                  10017965 f   LIBCMT:util.obj
 0001:00016992       __decomp                   10017992 f   LIBCMT:util.obj
 0001:00016a64       __get_exp                  10017a64 f   LIBCMT:util.obj
 0001:00016a7b       __set_bexp                 10017a7b f   LIBCMT:util.obj
 0001:00016aa0       __set_exp                  10017aa0 f   LIBCMT:util.obj
 0001:00016acb       __sptype                   10017acb f   LIBCMT:util.obj
 0001:00016b27       __errcode                  10017b27 f   LIBCMT:fpexcept.obj
 0001:00016b59       __except1                  10017b59 f   LIBCMT:fpexcept.obj
 0001:00016c21       __except2                  10017c21 f   LIBCMT:fpexcept.obj
 0001:00016d21       __handle_exc               10017d21 f   LIBCMT:fpexcept.obj
 0001:00016efd       __handle_qnan1             10017efd f   LIBCMT:fpexcept.obj
 0001:00016f4d       __handle_qnan2             10017f4d f   LIBCMT:fpexcept.obj
 0001:00016fad       __raise_exc                10017fad f   LIBCMT:fpexcept.obj
 0001:00016fce       __raise_exc_ex             10017fce f   LIBCMT:fpexcept.obj
 0001:000172b3       __raise_excf               100182b3 f   LIBCMT:fpexcept.obj
 0001:000172d4       __set_errno_from_matherr   100182d4 f   LIBCMT:fpexcept.obj
 0001:00017301       __umatherr                 10018301 f   LIBCMT:fpexcept.obj
 0001:0001739f       ___clrfp_sse2              1001839f f   LIBCMT:fpctrl.obj
 0001:000173c0       ___ctrlfp_sse2             100183c0 f   LIBCMT:fpctrl.obj
 0001:000173f9       ___fclrf_sse2              100183f9 f   LIBCMT:fpctrl.obj
 0001:00017414       ___get_fpsr_sse2           10018414 f   LIBCMT:fpctrl.obj
 0001:0001742e       ___set_fpsr_sse2           1001842e f   LIBCMT:fpctrl.obj
 0001:000174a4       ___set_statfp_sse2         100184a4 f   LIBCMT:fpctrl.obj
 0001:000174bd       ___statfp_sse2             100184bd f   LIBCMT:fpctrl.obj
 0001:000174d2       __clrfp                    100184d2 f   LIBCMT:fpctrl.obj
 0001:000174e1       __ctrlfp                   100184e1 f   LIBCMT:fpctrl.obj
 0001:0001750a       __set_statfp               1001850a f   LIBCMT:fpctrl.obj
 0001:00017560       __statfp                   10018560 f   LIBCMT:fpctrl.obj
 0001:0001756e       _wcscat_s                  1001856e f   LIBCMT:wcscat_s.obj
 0001:000175da       _wcscpy_s                  100185da f   LIBCMT:wcscpy_s.obj
 0001:00017636       _wcslen                    10018636 f   LIBCMT:wcslen.obj
 0001:0001764f       _wcsncat_s                 1001864f f   LIBCMT:wcsncat_s.obj
 0001:0001771d       __set_abort_behavior       1001871d f   LIBCMT:abort.obj
 0001:0001773c       _abort                     1001873c f   LIBCMT:abort.obj
 0001:0001777f       ___set_app_type            1001877f f   LIBCMT:errmode.obj
 0001:0001778c       __set_error_mode           1001878c f   LIBCMT:errmode.obj
 0001:000178e6       __i64tow_s                 100188e6 f   LIBCMT:xtows.obj
 0001:00017917       __itow_s                   10018917 f   LIBCMT:xtows.obj
 0001:00017940       __ltow_s                   10018940 f   LIBCMT:xtows.obj
 0001:0001796a       __ui64tow_s                1001896a f   LIBCMT:xtows.obj
 0001:00017985       __ultow_s                  10018985 f   LIBCMT:xtows.obj
 0001:00017a90       _setvbuf                   10018a90 f   LIBCMT:setvbuf.obj
 0001:00017b96       __fwprintf_l               10018b96 f   LIBCMT:fwprintf.obj
 0001:00017bb0       __fwprintf_p               10018bb0 f   LIBCMT:fwprintf.obj
 0001:00017bc9       __fwprintf_p_l             10018bc9 f   LIBCMT:fwprintf.obj
 0001:00017be3       __fwprintf_s_l             10018be3 f   LIBCMT:fwprintf.obj
 0001:00017bfd       _fwprintf                  10018bfd f   LIBCMT:fwprintf.obj
 0001:00017c8e       _fwprintf_s                10018c8e f   LIBCMT:fwprintf.obj
 0001:00017ca7       __vsnwprintf_s             10018ca7 f   LIBCMT:vswprnc.obj
 0001:00017cc5       __vsnwprintf_s_l           10018cc5 f   LIBCMT:vswprnc.obj
 0001:00017dc4       __vswprintf_c              10018dc4 f   LIBCMT:vswprnc.obj
 0001:00017deb       __vswprintf_c_l            10018deb f   LIBCMT:vswprnc.obj
 0001:00017e13       __vswprintf_helper         10018e13 f   LIBCMT:vswprnc.obj
 0001:00017f0c       __vswprintf_p              10018f0c f   LIBCMT:vswprnc.obj
 0001:00017f33       __vswprintf_p_l            10018f33 f   LIBCMT:vswprnc.obj
 0001:00017f5b       __vswprintf_s_l            10018f5b f   LIBCMT:vswprnc.obj
 0001:00017fd2       _vswprintf_s               10018fd2 f   LIBCMT:vswprnc.obj
 0001:00017fed       ___crtMessageBoxW          10018fed f   LIBCMT:crtmboxw.obj
 0001:000181cf       ___crtMessageBoxWaitThreadW@4 100191cf f   LIBCMT:crtmboxw.obj
 0001:000181ed       __XcptFilter               100191ed f   LIBCMT:winxfltr.obj
 0001:00018348       ___CppXcptFilter           10019348 f   LIBCMT:winxfltr.obj
 0001:0001839a       ___get_flsindex            1001939a f   LIBCMT:tidtable.obj
 0001:000183a0       ___threadhandle            100193a0 f   LIBCMT:tidtable.obj
 0001:000183a6       ___threadid                100193a6 f   LIBCMT:tidtable.obj
 0001:000183ac       __freefls@4                100193ac f   LIBCMT:tidtable.obj
 0001:000184e3       __freeptd                  100194e3 f   LIBCMT:tidtable.obj
 0001:00018519       __getptd                   10019519 f   LIBCMT:tidtable.obj
 0001:00018531       __getptd_noexit            10019531 f   LIBCMT:tidtable.obj
 0001:000185a0       __initptd                  100195a0 f   LIBCMT:tidtable.obj
 0001:0001864c       __mtinit                   1001964c f   LIBCMT:tidtable.obj
 0001:000186c2       __mtterm                   100196c2 f   LIBCMT:tidtable.obj
 0001:000186df       __set_pgmptr               100196df f i LIBCMT:stdargv.obj
 0001:000186ec       __setargv                  100196ec f   LIBCMT:stdargv.obj
 0001:00018919       __setenvp                  10019919 f   LIBCMT:stdenvp.obj
 0001:000189fa       ___security_init_cookie    100199fa f   LIBCMT:gs_support.obj
 0001:00018a94       ___crtGetEnvironmentStringsA 10019a94 f   LIBCMT:a_env.obj
 0001:00018b20       _strlen                    10019b20 f   LIBCMT:strlen.obj
 0001:00018bab       _wcsncpy_s                 10019bab f   LIBCMT:wcsncpy_s.obj
 0001:00018c69       ___addlocaleref            10019c69 f   LIBCMT:localref.obj
 0001:00018cf9       ___freetlocinfo            10019cf9 f   LIBCMT:localref.obj
 0001:00018e53       ___removelocaleref         10019e53 f   LIBCMT:localref.obj
 0001:00018eee       ___updatetlocinfo          10019eee f   LIBCMT:localref.obj
 0001:00018f6a       __updatetlocinfoEx_nolock  10019f6a f   LIBCMT:localref.obj
 0001:00018fb5       ___isascii                 10019fb5 f i LIBCMT:_ctype.obj
 0001:00018fc5       ___iscsym                  10019fc5 f i LIBCMT:_ctype.obj
 0001:00018fe5       ___iscsymf                 10019fe5 f i LIBCMT:_ctype.obj
 0001:00019002       ___toascii                 1001a002 f i LIBCMT:_ctype.obj
 0001:0001900d       __isalnum_l                1001a00d f i LIBCMT:_ctype.obj
 0001:00019063       __isalpha_l                1001a063 f i LIBCMT:_ctype.obj
 0001:000190b9       __iscntrl_l                1001a0b9 f i LIBCMT:_ctype.obj
 0001:00019109       __iscsym_l                 1001a109 f i LIBCMT:_ctype.obj
 0001:0001912a       __iscsymf_l                1001a12a f i LIBCMT:_ctype.obj
 0001:0001914b       __isdigit_l                1001a14b f i LIBCMT:_ctype.obj
 0001:0001919b       __isgraph_l                1001a19b f i LIBCMT:_ctype.obj
 0001:000191f1       __islower_l                1001a1f1 f i LIBCMT:_ctype.obj
 0001:00019241       __isprint_l                1001a241 f i LIBCMT:_ctype.obj
 0001:00019297       __ispunct_l                1001a297 f i LIBCMT:_ctype.obj
 0001:000192e7       __isspace_l                1001a2e7 f i LIBCMT:_ctype.obj
 0001:00019337       __isupper_l                1001a337 f i LIBCMT:_ctype.obj
 0001:00019387       __isxdigit_l               1001a387 f i LIBCMT:_ctype.obj
 0001:000193dd       _isalnum                   1001a3dd f i LIBCMT:_ctype.obj
 0001:0001940a       _isalpha                   1001a40a f i LIBCMT:_ctype.obj
 0001:00019437       _iscntrl                   1001a437 f i LIBCMT:_ctype.obj
 0001:00019462       _isdigit                   1001a462 f i LIBCMT:_ctype.obj
 0001:0001948d       _isgraph                   1001a48d f i LIBCMT:_ctype.obj
 0001:000194ba       _islower                   1001a4ba f i LIBCMT:_ctype.obj
 0001:000194e5       _isprint                   1001a4e5 f i LIBCMT:_ctype.obj
 0001:00019512       _ispunct                   1001a512 f i LIBCMT:_ctype.obj
 0001:0001953d       _isspace                   1001a53d f i LIBCMT:_ctype.obj
 0001:00019568       _isupper                   1001a568 f i LIBCMT:_ctype.obj
 0001:00019593       _isxdigit                  1001a593 f i LIBCMT:_ctype.obj
 0001:000195c0       __tolower                  1001a5c0 f   LIBCMT:tolower.obj
 0001:000195cb       __tolower_l                1001a5cb f   LIBCMT:tolower.obj
 0001:0001970c       _tolower                   1001a70c f   LIBCMT:tolower.obj
 0001:00019738       _strcpy_s                  1001a738 f   LIBCMT:strcpy_s.obj
 0001:00019790       _strrchr                   1001a790 f   LIBCMT:strrchr.obj
 0001:000198c7       __fptostr                  1001a8c7 f   LIBCMT:_fptostr.obj
 0001:00019977       __atodbl                   1001a977 f   LIBCMT:atodbl.obj
 0001:0001998c       __atodbl_l                 1001a98c f   LIBCMT:atodbl.obj
 0001:00019a18       __atoflt                   1001aa18 f   LIBCMT:atodbl.obj
 0001:00019a2d       __atoflt_l                 1001aa2d f   LIBCMT:atodbl.obj
 0001:00019ab9       __atoldbl                  1001aab9 f   LIBCMT:atodbl.obj
 0001:00019ace       __atoldbl_l                1001aace f   LIBCMT:atodbl.obj
 0001:00019b5b       ___dtold                   1001ab5b f   LIBCMT:cfout.obj
 0001:00019c21       __fltout2                  1001ac21 f   LIBCMT:cfout.obj
 0001:00019cb0       __alldvrm                  1001acb0 f   LIBCMT:lldvrm.obj
 0001:00019d90       __aullshr                  1001ad90 f   LIBCMT:ullshr.obj
 0001:00019daf       __get_output_format        1001adaf f   LIBCMT:outputformat.obj
 0001:00019db5       __set_output_format        1001adb5 f   LIBCMT:outputformat.obj
 0001:00019de7       __controlfp_s              1001ade7 f   LIBCMT:contrlfp.obj
 0001:00019e44       __fptrap                   1001ae44 f   LIBCMT:crt0fp.obj
 0001:00019e4d       __msize                    1001ae4d f   LIBCMT:msize.obj
 0001:00019e7e       __recalloc                 1001ae7e f   LIBCMT:recalloc.obj
 0001:00019ee7       _strncpy_s                 1001aee7 f   LIBCMT:strncpy_s.obj
 0001:0001a063       __MarkAllocaS              1001b063 f i LIBCMT:a_loc.obj
 0001:0001a077       ___crtGetLocaleInfoA       1001b077 f   LIBCMT:a_loc.obj
 0001:0001a0af       __freea                    1001b0af f i LIBCMT:a_loc.obj
 0001:0001a0cd       ___crtCompareStringEx      1001b0cd f   LIBCMT:winapinls.obj
 0001:0001a0ef       ___crtEnumSystemLocalesEx  1001b0ef f   LIBCMT:winapinls.obj
 0001:0001a105       ___crtGetDateFormatEx      1001b105 f   LIBCMT:winapinls.obj
 0001:0001a124       ___crtGetLocaleInfoEx      1001b124 f   LIBCMT:winapinls.obj
 0001:0001a13b       ___crtGetTimeFormatEx      1001b13b f   LIBCMT:winapinls.obj
 0001:0001a158       ___crtGetUserDefaultLocaleName 1001b158 f   LIBCMT:winapinls.obj
 0001:0001a169       ___crtIsValidLocaleName    1001b169 f   LIBCMT:winapinls.obj
 0001:0001a177       ___crtLCMapStringEx        1001b177 f   LIBCMT:winapinls.obj
 0001:0001a3a2       ___crtLCMapStringA         1001b3a2 f   LIBCMT:a_map.obj
 0001:0001a4d2       ___crtGetStringTypeA       1001b4d2 f   LIBCMT:a_str.obj
 0001:0001a510       __isatty                   1001b510 f   LIBCMT:isatty.obj
 0001:0001a574       __commit                   1001b574 f   LIBCMT:commit.obj
 0001:0001a66b       ___lock_fhandle            1001b66b f   LIBCMT:osfinfo.obj
 0001:0001a6f7       __alloc_osfhnd             1001b6f7 f   LIBCMT:osfinfo.obj
 0001:0001a8a6       __free_osfhnd              1001b8a6 f   LIBCMT:osfinfo.obj
 0001:0001a92c       __get_osfhandle            1001b92c f   LIBCMT:osfinfo.obj
 0001:0001a99e       __open_osfhandle           1001b99e f   LIBCMT:osfinfo.obj
 0001:0001aab4       __set_osfhnd               1001bab4 f   LIBCMT:osfinfo.obj
 0001:0001ab36       __unlock_fhandle           1001bb36 f   LIBCMT:osfinfo.obj
 0001:0001ab5c       __open                     1001bb5c f   LIBCMT:open.obj
 0001:0001ac09       __sopen                    1001bc09 f   LIBCMT:open.obj
 0001:0001ac3a       __sopen_helper             1001bc3a f   LIBCMT:open.obj
 0001:0001ad01       __sopen_nolock             1001bd01 f   LIBCMT:open.obj
 0001:0001ad4d       __sopen_s                  1001bd4d f   LIBCMT:open.obj
 0001:0001ad6b       __mbsnbcmp                 1001bd6b f   LIBCMT:mbsnbcmp.obj
 0001:0001ad83       __mbsnbcmp_l               1001bd83 f   LIBCMT:mbsnbcmp.obj
 0001:0001ae98       __mbsnbicmp                1001be98 f   LIBCMT:mbsnbicm.obj
 0001:0001aeb0       __mbsnbicmp_l              1001beb0 f   LIBCMT:mbsnbicm.obj
 0001:0001b070       __global_unwind2           1001c070 f   LIBCMT:exsup.obj
 0001:0001b0d5       __local_unwind2            1001c0d5 f   LIBCMT:exsup.obj
 0001:0001b159       __abnormal_termination     1001c159 f   LIBCMT:exsup.obj
 0001:0001b17c       __NLG_Notify1              1001c17c f   LIBCMT:exsup.obj
 0001:0001b185       __NLG_Notify               1001c185 f   LIBCMT:exsup.obj
 0001:0001b19c       __NLG_Dispatch             1001c19c     LIBCMT:exsup.obj
 0001:0001b19c       __NLG_Dispatch2            1001c19c     LIBCMT:exsup.obj
 0001:0001b1a4       __NLG_Call                 1001c1a4 f   LIBCMT:exsup.obj
 0001:0001b1a6       __NLG_Return2              1001c1a6     LIBCMT:exsup.obj
 0001:0001b1a7       __output_s_l               1001c1a7 f   LIBCMT:outputs.obj
 0001:0001be4d       __output_p_l               1001ce4d f   LIBCMT:outputp.obj
 0001:0001d1c1       __validate_param_reuseA    1001e1c1 f   LIBCMT:outputp.obj
 0001:0001d2f7       _get_crtdouble_arg         1001e2f7 f i LIBCMT:outputp.obj
 0001:0001d3f4       ___iswcsym                 1001e3f4 f i LIBCMT:_wctype.obj
 0001:0001d418       ___iswcsymf                1001e418 f i LIBCMT:_wctype.obj
 0001:0001d43c       __isleadbyte_l             1001e43c f i LIBCMT:_wctype.obj
 0001:0001d472       __iswalnum_l               1001e472 f i LIBCMT:_wctype.obj
 0001:0001d486       __iswalpha_l               1001e486 f i LIBCMT:_wctype.obj
 0001:0001d49a       __iswcntrl_l               1001e49a f i LIBCMT:_wctype.obj
 0001:0001d4ab       __iswcsym_l                1001e4ab f i LIBCMT:_wctype.obj
 0001:0001d4cf       __iswcsymf_l               1001e4cf f i LIBCMT:_wctype.obj
 0001:0001d4f3       __iswdigit_l               1001e4f3 f i LIBCMT:_wctype.obj
 0001:0001d504       __iswgraph_l               1001e504 f i LIBCMT:_wctype.obj
 0001:0001d518       __iswlower_l               1001e518 f i LIBCMT:_wctype.obj
 0001:0001d529       __iswprint_l               1001e529 f i LIBCMT:_wctype.obj
 0001:0001d53d       __iswpunct_l               1001e53d f i LIBCMT:_wctype.obj
 0001:0001d54e       __iswspace_l               1001e54e f i LIBCMT:_wctype.obj
 0001:0001d55f       __iswupper_l               1001e55f f i LIBCMT:_wctype.obj
 0001:0001d570       __iswxdigit_l              1001e570 f i LIBCMT:_wctype.obj
 0001:0001d584       _isleadbyte                1001e584 f i LIBCMT:_wctype.obj
 0001:0001d595       _iswalnum                  1001e595 f i LIBCMT:_wctype.obj
 0001:0001d5a9       _iswalpha                  1001e5a9 f i LIBCMT:_wctype.obj
 0001:0001d5bd       _iswascii                  1001e5bd f i LIBCMT:_wctype.obj
 0001:0001d5cf       _iswcntrl                  1001e5cf f i LIBCMT:_wctype.obj
 0001:0001d5e0       _iswdigit                  1001e5e0 f i LIBCMT:_wctype.obj
 0001:0001d5f1       _iswgraph                  1001e5f1 f i LIBCMT:_wctype.obj
 0001:0001d605       _iswlower                  1001e605 f i LIBCMT:_wctype.obj
 0001:0001d616       _iswprint                  1001e616 f i LIBCMT:_wctype.obj
 0001:0001d62a       _iswpunct                  1001e62a f i LIBCMT:_wctype.obj
 0001:0001d63b       _iswspace                  1001e63b f i LIBCMT:_wctype.obj
 0001:0001d64c       _iswupper                  1001e64c f i LIBCMT:_wctype.obj
 0001:0001d65d       _iswxdigit                 1001e65d f i LIBCMT:_wctype.obj
 0001:0001d671       __wctomb_l                 1001e671 f   LIBCMT:wctomb.obj
 0001:0001d6be       __wctomb_s_l               1001e6be f   LIBCMT:wctomb.obj
 0001:0001d7e0       _wctomb                    1001e7e0 f   LIBCMT:wctomb.obj
 0001:0001d811       _wctomb_s                  1001e811 f   LIBCMT:wctomb.obj
 0001:0001d830       __aulldvrm                 1001e830 f   LIBCMT:ulldvrm.obj
 0001:0001d8c5       __getbuf                   1001e8c5 f   LIBCMT:_getbuf.obj
 0001:0001d90b       __lseeki64                 1001e90b f   LIBCMT:lseeki64.obj
 0001:0001da14       __lseeki64_nolock          1001ea14 f   LIBCMT:lseeki64.obj
 0001:0001da85       __mbtowc_l                 1001ea85 f   LIBCMT:mbtowc.obj
 0001:0001db78       _mbtowc                    1001eb78 f   LIBCMT:mbtowc.obj
 0001:0001db90       __putwch                   1001eb90 f   LIBCMT:putwch.obj
 0001:0001dbd8       __putwch_nolock            1001ebd8 f   LIBCMT:putwch.obj
 0001:0001dc20       __chkstk                   1001ec20 f   LIBCMT:chkstk.obj
 0001:0001dc20       __alloca_probe             1001ec20     LIBCMT:chkstk.obj
 0001:0001dc4b       __matherr                  1001ec4b f   LIBCMT:matherr.obj
 0001:0001dc4e       __vfwprintf_l              1001ec4e f   LIBCMT:vfwprint.obj
 0001:0001dc6c       __vfwprintf_p              1001ec6c f   LIBCMT:vfwprint.obj
 0001:0001dc89       __vfwprintf_p_l            1001ec89 f   LIBCMT:vfwprint.obj
 0001:0001dca7       __vfwprintf_s_l            1001eca7 f   LIBCMT:vfwprint.obj
 0001:0001dcc5       _vfwprintf                 1001ecc5 f   LIBCMT:vfwprint.obj
 0001:0001dce2       _vfwprintf_helper          1001ece2 f   LIBCMT:vfwprint.obj
 0001:0001dd71       _vfwprintf_s               1001ed71 f   LIBCMT:vfwprint.obj
 0001:0001dd8e       __woutput_l                1001ed8e f   LIBCMT:woutput.obj
 0001:0001ea91       __woutput_s_l              1001fa91 f   LIBCMT:woutputs.obj
 0001:0001f7c8       __validate_param_reuseW    100207c8 f   LIBCMT:woutputp.obj
 0001:0001f93e       __woutput_p_l              1002093e f   LIBCMT:woutputp.obj
 0001:00020d73       __ismbbalnum               10021d73 f   LIBCMT:ismbbyte.obj
 0001:00020d8c       __ismbbalnum_l             10021d8c f   LIBCMT:ismbbyte.obj
 0001:00020da6       __ismbbalpha               10021da6 f   LIBCMT:ismbbyte.obj
 0001:00020dbf       __ismbbalpha_l             10021dbf f   LIBCMT:ismbbyte.obj
 0001:00020dd9       __ismbbgraph               10021dd9 f   LIBCMT:ismbbyte.obj
 0001:00020df2       __ismbbgraph_l             10021df2 f   LIBCMT:ismbbyte.obj
 0001:00020e0c       __ismbbkalnum              10021e0c f   LIBCMT:ismbbyte.obj
 0001:00020e22       __ismbbkalnum_l            10021e22 f   LIBCMT:ismbbyte.obj
 0001:00020e39       __ismbbkana                10021e39 f   LIBCMT:ismbbyte.obj
 0001:00020e4a       __ismbbkana_l              10021e4a f   LIBCMT:ismbbyte.obj
 0001:00020e94       __ismbbkprint              10021e94 f   LIBCMT:ismbbyte.obj
 0001:00020eaa       __ismbbkprint_l            10021eaa f   LIBCMT:ismbbyte.obj
 0001:00020ec1       __ismbbkpunct              10021ec1 f   LIBCMT:ismbbyte.obj
 0001:00020ed7       __ismbbkpunct_l            10021ed7 f   LIBCMT:ismbbyte.obj
 0001:00020eee       __ismbblead                10021eee f   LIBCMT:ismbbyte.obj
 0001:00020f04       __ismbblead_l              10021f04 f   LIBCMT:ismbbyte.obj
 0001:00020f1b       __ismbbprint               10021f1b f   LIBCMT:ismbbyte.obj
 0001:00020f34       __ismbbprint_l             10021f34 f   LIBCMT:ismbbyte.obj
 0001:00020f4e       __ismbbpunct               10021f4e f   LIBCMT:ismbbyte.obj
 0001:00020f64       __ismbbpunct_l             10021f64 f   LIBCMT:ismbbyte.obj
 0001:00020f7b       __ismbbtrail               10021f7b f   LIBCMT:ismbbyte.obj
 0001:00020f91       __ismbbtrail_l             10021f91 f   LIBCMT:ismbbyte.obj
 0001:00020fa8       ___free_lconv_mon          10021fa8 f   LIBCMT:initmon.obj
 0001:000210a4       ___init_monetary           100220a4 f   LIBCMT:initmon.obj
 0001:0002147e       ___free_lconv_num          1002247e f   LIBCMT:initnum.obj
 0001:000214e5       ___init_numeric            100224e5 f   LIBCMT:initnum.obj
 0001:00021725       ___free_lc_time            10022725 f   LIBCMT:inittime.obj
 0001:00021aa5       ___init_time               10022aa5 f   LIBCMT:inittime.obj
 0001:00022312       _localeconv                10023312 f   LIBCMT:lconv.obj
 0001:00022338       __isctype                  10023338 f   LIBCMT:isctype.obj
 0001:00022367       __isctype_l                10023367 f   LIBCMT:isctype.obj
 0001:00022416       __locterm                  10023416 f   LIBCMT:wsetloca.obj
 0001:00022468       ___init_dummy              10023468 f   LIBCMT:wsetloca.obj
 0001:0002246b       ____setlc_active_func      1002346b f   LIBCMT:wsetloca.obj
 0001:00022471       ____unguarded_readlc_active_add_func 10023471 f   LIBCMT:wsetloca.obj
 0001:00022477       ___copy_locale_name        10023477 f   LIBCMT:wsetloca.obj
 0001:000224db       ___create_locale           100234db f   LIBCMT:wsetloca.obj
 0001:000224e4       ___free_locale             100234e4 f   LIBCMT:wsetloca.obj
 0001:000224e9       ___get_current_locale      100234e9 f   LIBCMT:wsetloca.obj
 0001:000224ee       ___lc_lctowcs              100234ee f   LIBCMT:wsetloca.obj
 0001:0002255c       ___lc_wcstolc              1002355c f   LIBCMT:wsetloca.obj
 0001:00022686       __configthreadlocale       10023686 f   LIBCMT:wsetloca.obj
 0001:0002270c       __create_locale            1002370c f   LIBCMT:wsetloca.obj
 0001:0002276c       __expandlocale             1002376c f   LIBCMT:wsetloca.obj
 0001:00022a4f       __free_locale              10023a4f f   LIBCMT:wsetloca.obj
 0001:00022b09       __get_current_locale       10023b09 f   LIBCMT:wsetloca.obj
 0001:00022bb8       __wcreate_locale           10023bb8 f   LIBCMT:wsetloca.obj
 0001:00022ca8       __wcscats                  10023ca8 f   LIBCMT:wsetloca.obj
 0001:00022ce7       __wsetlocale               10023ce7 f   LIBCMT:wsetloca.obj
 0001:0002361c       __CopyMan                  1002461c f i LIBCMT:intrncvt.obj
 0001:00023639       __FillZeroMan              10024639 f i LIBCMT:intrncvt.obj
 0001:00023648       __IncMan                   10024648 f i LIBCMT:intrncvt.obj
 0001:000236aa       __IsZeroMan                100246aa f i LIBCMT:intrncvt.obj
 0001:000236c7       __RoundMan                 100246c7 f i LIBCMT:intrncvt.obj
 0001:000237c6       __ShrMan                   100247c6 f i LIBCMT:intrncvt.obj
 0001:00023852       __ZeroTail                 10024852 f i LIBCMT:intrncvt.obj
 0001:0002389a       ___addl                    1002489a f i LIBCMT:intrncvt.obj
 0001:000238be       __ld12cvt                  100248be f i LIBCMT:intrncvt.obj
 0001:00023e27       __ld12tod                  10024e27 f   LIBCMT:intrncvt.obj
 0001:00024397       __ld12tof                  10025397 f   LIBCMT:intrncvt.obj
 0001:00024907       __ld12told                 10025907 f   LIBCMT:intrncvt.obj
 0001:000249d4       ___STRINGTOLD_L            100259d4 f   LIBCMT:strgtold.obj
 0001:00024a2d       ___ld12mul                 10025a2d f i LIBCMT:strgtold.obj
 0001:00024cf6       ___multtenpow12            10025cf6 f i LIBCMT:strgtold.obj
 0001:00025054       ___shl_12                  10026054 f i LIBCMT:strgtold.obj
 0001:00025085       ___shr_12                  10026085 f i LIBCMT:strgtold.obj
 0001:000250b5       ___strgtold12_l            100260b5 f   LIBCMT:strgtold.obj
 0001:00025831       _$I10_OUTPUT               10026831 f   LIBCMT:x10fout.obj
 0001:000261f5       ___add_12                  100271f5 f i LIBCMT:x10fout.obj
 0001:00026267       ___pctype_func             10027267 f   LIBCMT:ctype.obj
 0001:00026290       ___pwctype_func            10027290 f   LIBCMT:ctype.obj
 0001:000263ce       ___control87_2             100273ce f   LIBCMT:ieee87.obj
 0001:00026a3e       __clearfp                  10027a3e f   LIBCMT:ieee87.obj
 0001:00026b1c       __control87                10027b1c f i LIBCMT:ieee87.obj
 0001:00026e1c       __controlfp                10027e1c f   LIBCMT:ieee87.obj
 0001:00027125       __fpreset                  10028125 f   LIBCMT:ieee87.obj
 0001:000271f2       __set_controlfp            100281f2 f   LIBCMT:ieee87.obj
 0001:00027263       __statusfp                 10028263 f   LIBCMT:ieee87.obj
 0001:000272fb       __statusfp2                100282fb f   LIBCMT:ieee87.obj
 0001:00027360       __alloca_probe_16          10028360 f   LIBCMT:alloca16.obj
 0001:00027376       __alloca_probe_8           10028376     LIBCMT:alloca16.obj
 0001:0002741d       __wopen                    1002841d f   LIBCMT:wopen.obj
 0001:000274ca       __wsopen                   100284ca f   LIBCMT:wopen.obj
 0001:000274fb       __wsopen_helper            100284fb f   LIBCMT:wopen.obj
 0001:000275c2       __wsopen_nolock            100285c2 f   LIBCMT:wopen.obj
 0001:00027d3b       __wsopen_s                 10028d3b f   LIBCMT:wopen.obj
 0001:00027d60       _strncmp                   10028d60 f   LIBCMT:strncmp.obj
 0001:00027dd8       __strnicmp                 10028dd8 f   LIBCMT:strnicmp.obj
 0001:00027e43       __strnicmp_l               10028e43 f   LIBCMT:strnicmp.obj
 0001:00028116       __strtol_l                 10029116 f   LIBCMT:strtol.obj
 0001:00028131       __strtoul_l                10029131 f   LIBCMT:strtol.obj
 0001:0002814c       _strtol                    1002914c f   LIBCMT:strtol.obj
 0001:00028176       _strtoul                   10029176 f   LIBCMT:strtol.obj
 0001:000281a0       __iswctype_l               100291a0 f   LIBCMT:iswctype.obj
 0001:000281b2       _is_wctype                 100291b2 f   LIBCMT:iswctype.obj
 0001:000281bb       _iswctype                  100291bb f   LIBCMT:iswctype.obj
 0001:0002820d       ____lc_codepage_func       1002920d f   LIBCMT:initctyp.obj
 0001:00028233       ____lc_collate_cp_func     10029233 f   LIBCMT:initctyp.obj
 0001:00028259       ____lc_locale_name_func    10029259 f   LIBCMT:initctyp.obj
 0001:00028281       ____mb_cur_max_func        10029281 f   LIBCMT:initctyp.obj
 0001:000282a7       ____mb_cur_max_l_func      100292a7 f   LIBCMT:initctyp.obj
 0001:000282be       ___init_ctype              100292be f   LIBCMT:initctyp.obj
 0001:00028656       ___termconout              10029656 f   LIBCMT:initcon.obj
 0001:0002866d       ___initconout              1002966d f   LIBCMT:initcon.obj
 0001:0002868c       __fputwc_nolock            1002968c f   LIBCMT:fputwc.obj
 0001:00028811       _fputwc                    10029811 f   LIBCMT:fputwc.obj
 0001:00028892       _putwc                     10029892 f   LIBCMT:fputwc.obj
 0001:00028a77       __wcstol_l                 10029a77 f   LIBCMT:wcstol.obj
 0001:00028a8f       __wcstoul_l                10029a8f f   LIBCMT:wcstol.obj
 0001:00028aa7       _wcstol                    10029aa7 f   LIBCMT:wcstol.obj
 0001:00028abf       _wcstoul                   10029abf f   LIBCMT:wcstol.obj
 0001:00028ad7       ___init_collate            10029ad7 f   LIBCMT:initcoll.obj
 0001:00028bf7       _memcmp                    10029bf7 f   LIBCMT:memcmp.obj
 0001:0002bb0b       _wcscmp                    1002cb0b f   LIBCMT:wcscmp.obj
 0001:0002bb49       _wcscspn                   1002cb49 f   LIBCMT:wcscspn.obj
 0001:0002bb98       _wcsnlen                   1002cb98 f   LIBCMT:wcslen_s.obj
 0001:0002bbb7       _wcsncmp                   1002cbb7 f   LIBCMT:wcsncmp.obj
 0001:0002bbed       _wcspbrk                   1002cbed f   LIBCMT:wcspbrk.obj
 0001:0002c1e9       ___get_qualified_locale    1002d1e9 f   LIBCMT:getqloc.obj
 0001:0002c3ab       ___mtold12                 1002d3ab f   LIBCMT:mantold.obj
 0001:0002c58d       __chsize                   1002d58d f   LIBCMT:chsize.obj
 0001:0002c5a7       __chsize_nolock            1002d5a7 f   LIBCMT:chsize.obj
 0001:0002c75b       __chsize_s                 1002d75b f   LIBCMT:chsize.obj
 0001:0002c84f       __get_fmode                1002d84f f   LIBCMT:setmode.obj
 0001:0002c879       __set_fmode                1002d879 f   LIBCMT:setmode.obj
 0001:0002c8b9       __setmode                  1002d8b9 f   LIBCMT:setmode.obj
 0001:0002c9c7       __setmode_nolock           1002d9c7 f   LIBCMT:setmode.obj
 0001:0002caa0       ___ascii_strnicmp          1002daa0 f   LIBCMT:_strnicm.obj
 0001:0002cb01       __flswbuf                  1002db01 f   LIBCMT:_flswbuf.obj
 0001:0002cc70       __wchartodigit             1002dc70 f   LIBCMT:wchtodig.obj
 0001:0002ce0f       __wtoi                     1002de0f f   LIBCMT:wtox.obj
 0001:0002ce18       __wtoi64                   1002de18 f   LIBCMT:wtox.obj
 0001:0002ce2c       __wtoi64_l                 1002de2c f   LIBCMT:wtox.obj
 0001:0002ce43       __wtoi_l                   1002de43 f   LIBCMT:wtox.obj
 0001:0002ce4c       __wtol                     1002de4c f   LIBCMT:wtox.obj
 0001:0002ce60       __wtol_l                   1002de60 f   LIBCMT:wtox.obj
 0001:0002ce77       _wcschr                    1002de77 f   LIBCMT:wcschr.obj
 0001:0002cf25       __wcsicmp                  1002df25 f   LIBCMT:wcsicmp.obj
 0001:0002cfb8       __wcsicmp_l                1002dfb8 f   LIBCMT:wcsicmp.obj
 0001:0002d091       __wcsnicmp                 1002e091 f   LIBCMT:wcsnicmp.obj
 0001:0002d145       __wcsnicmp_l               1002e145 f   LIBCMT:wcsnicmp.obj
 0001:0002d50a       __wcstoi64                 1002e50a f   LIBCMT:wcstoq.obj
 0001:0002d534       __wcstoi64_l               1002e534 f   LIBCMT:wcstoq.obj
 0001:0002d54f       __wcstoui64                1002e54f f   LIBCMT:wcstoq.obj
 0001:0002d579       __wcstoui64_l              1002e579 f   LIBCMT:wcstoq.obj
 0001:0002d594       __towlower_l               1002e594 f   LIBCMT:towlower.obj
 0001:0002d646       _towlower                  1002e646 f   LIBCMT:towlower.obj
 0001:0002d660       __allmul                   1002e660 f   LIBCMT:llmul.obj
 0001:0002d694       ___crtLCMapStringW         1002e694 f   LIBCMT:w_map.obj
 0001:0002d6c4       _GetModuleHandleA@4        1002e6c4 f   kernel32:KERNEL32.dll
 0001:0002d6ca       _GetProcAddress@8          1002e6ca f   kernel32:KERNEL32.dll
 0001:0002d6d0       _HeapAlloc@12              1002e6d0 f   kernel32:KERNEL32.dll
 0001:0002d6d6       _IsDebuggerPresent@0       1002e6d6 f   kernel32:KERNEL32.dll
 0001:0002d6dc       _IsProcessorFeaturePresent@4 1002e6dc f   kernel32:KERNEL32.dll
 0001:0002d6e2       _EncodePointer@4           1002e6e2 f   kernel32:KERNEL32.dll
 0001:0002d6e8       _DecodePointer@4           1002e6e8 f   kernel32:KERNEL32.dll
 0001:0002d6ee       _GetLastError@0            1002e6ee f   kernel32:KERNEL32.dll
 0001:0002d6f4       _InterlockedDecrement@4    1002e6f4 f   kernel32:KERNEL32.dll
 0001:0002d6fa       _ExitProcess@4             1002e6fa f   kernel32:KERNEL32.dll
 0001:0002d700       _GetModuleHandleExW@12     1002e700 f   kernel32:KERNEL32.dll
 0001:0002d706       _AreFileApisANSI@0         1002e706 f   kernel32:KERNEL32.dll
 0001:0002d70c       _MultiByteToWideChar@24    1002e70c f   kernel32:KERNEL32.dll
 0001:0002d712       _HeapFree@12               1002e712 f   kernel32:KERNEL32.dll
 0001:0002d718       _HeapReAlloc@16            1002e718 f   kernel32:KERNEL32.dll
 0001:0002d71e       _EnterCriticalSection@4    1002e71e f   kernel32:KERNEL32.dll
 0001:0002d724       _LeaveCriticalSection@4    1002e724 f   kernel32:KERNEL32.dll
 0001:0002d72a       _GetStdHandle@4            1002e72a f   kernel32:KERNEL32.dll
 0001:0002d730       _GetFileType@4             1002e730 f   kernel32:KERNEL32.dll
 0001:0002d736       _GetModuleFileNameW@12     1002e736 f   kernel32:KERNEL32.dll
 0001:0002d73c       _WriteConsoleW@20          1002e73c f   kernel32:KERNEL32.dll
 0001:0002d742       _GetCommandLineA@0         1002e742 f   kernel32:KERNEL32.dll
 0001:0002d748       _GetCurrentThreadId@0      1002e748 f   kernel32:KERNEL32.dll
 0001:0002d74e       _WriteFile@20              1002e74e f   kernel32:KERNEL32.dll
 0001:0002d754       _GetProcessHeap@0          1002e754 f   kernel32:KERNEL32.dll
 0001:0002d75a       _UnhandledExceptionFilter@4 1002e75a f   kernel32:KERNEL32.dll
 0001:0002d760       _SetUnhandledExceptionFilter@4 1002e760 f   kernel32:KERNEL32.dll
 0001:0002d766       _FlsAlloc@4                1002e766 f   kernel32:KERNEL32.dll
 0001:0002d76c       _FlsGetValue@4             1002e76c f   kernel32:KERNEL32.dll
 0001:0002d772       _FlsSetValue@8             1002e772 f   kernel32:KERNEL32.dll
 0001:0002d778       _FlsFree@4                 1002e778 f   kernel32:KERNEL32.dll
 0001:0002d77e       _GetCurrentProcess@0       1002e77e f   kernel32:KERNEL32.dll
 0001:0002d784       _TerminateProcess@8        1002e784 f   kernel32:KERNEL32.dll
 0001:0002d78a       _GetStartupInfoW@4         1002e78a f   kernel32:KERNEL32.dll
 0001:0002d790       _GetModuleHandleW@4        1002e790 f   kernel32:KERNEL32.dll
 0001:0002d796       _InitializeCriticalSectionAndSpinCount@8 1002e796 f   kernel32:KERNEL32.dll
 0001:0002d79c       _DeleteCriticalSection@4   1002e79c f   kernel32:KERNEL32.dll
 0001:0002d7a2       _FatalAppExitA@8           1002e7a2 f   kernel32:KERNEL32.dll
 0001:0002d7a8       _Sleep@4                   1002e7a8 f   kernel32:KERNEL32.dll
 0001:0002d7ae       _InterlockedExchange@8     1002e7ae f   kernel32:KERNEL32.dll
 0001:0002d7b4       _FreeLibrary@4             1002e7b4 f   kernel32:KERNEL32.dll
 0001:0002d7ba       _LoadLibraryExW@12         1002e7ba f   kernel32:KERNEL32.dll
 0001:0002d7c0       _SetConsoleCtrlHandler@8   1002e7c0 f   kernel32:KERNEL32.dll
 0001:0002d7c6       _InterlockedIncrement@4    1002e7c6 f   kernel32:KERNEL32.dll
 0001:0002d7cc       _IsValidCodePage@4         1002e7cc f   kernel32:KERNEL32.dll
 0001:0002d7d2       _GetACP@0                  1002e7d2 f   kernel32:KERNEL32.dll
 0001:0002d7d8       _GetOEMCP@0                1002e7d8 f   kernel32:KERNEL32.dll
 0001:0002d7de       _GetCPInfo@8               1002e7de f   kernel32:KERNEL32.dll
 0001:0002d7e4       _CloseHandle@4             1002e7e4 f   kernel32:KERNEL32.dll
 0001:0002d7ea       _RtlUnwind@16              1002e7ea f   kernel32:KERNEL32.dll
 0001:0002d7f0       _InitOnceExecuteOnce@16    1002e7f0 f   kernel32:KERNEL32.dll
 0001:0002d7f6       _ReadFile@20               1002e7f6 f   kernel32:KERNEL32.dll
 0001:0002d7fc       _GetConsoleMode@8          1002e7fc f   kernel32:KERNEL32.dll
 0001:0002d802       _ReadConsoleW@20           1002e802 f   kernel32:KERNEL32.dll
 0001:0002d808       _WideCharToMultiByte@32    1002e808 f   kernel32:KERNEL32.dll
 0001:0002d80e       _GetConsoleCP@0            1002e80e f   kernel32:KERNEL32.dll
 0001:0002d814       _DeleteFileW@4             1002e814 f   kernel32:KERNEL32.dll
 0001:0002d81a       _SetFilePointer@16         1002e81a f   kernel32:KERNEL32.dll
 0001:0002d820       _RaiseException@16         1002e820 f   kernel32:KERNEL32.dll
 0001:0002d826       _OutputDebugStringW@4      1002e826 f   kernel32:KERNEL32.dll
 0001:0002d82c       _LoadLibraryW@4            1002e82c f   kernel32:KERNEL32.dll
 0001:0002d832       _SetLastError@4            1002e832 f   kernel32:KERNEL32.dll
 0001:0002d838       _GetCurrentThread@0        1002e838 f   kernel32:KERNEL32.dll
 0001:0002d83e       _GetModuleFileNameA@12     1002e83e f   kernel32:KERNEL32.dll
 0001:0002d844       _QueryPerformanceCounter@4 1002e844 f   kernel32:KERNEL32.dll
 0001:0002d84a       _GetSystemTimeAsFileTime@4 1002e84a f   kernel32:KERNEL32.dll
 0001:0002d850       _GetTickCount64@0          1002e850 f   kernel32:KERNEL32.dll
 0001:0002d856       _GetEnvironmentStringsW@0  1002e856 f   kernel32:KERNEL32.dll
 0001:0002d85c       _FreeEnvironmentStringsW@4 1002e85c f   kernel32:KERNEL32.dll
 0001:0002d862       _HeapSize@12               1002e862 f   kernel32:KERNEL32.dll
 0001:0002d868       _GetTimeFormatEx@24        1002e868 f   kernel32:KERNEL32.dll
 0001:0002d86e       _GetDateFormatEx@28        1002e86e f   kernel32:KERNEL32.dll
 0001:0002d874       _CompareStringEx@36        1002e874 f   kernel32:KERNEL32.dll
 0001:0002d87a       _GetLocaleInfoEx@16        1002e87a f   kernel32:KERNEL32.dll
 0001:0002d880       _GetUserDefaultLocaleName@8 1002e880 f   kernel32:KERNEL32.dll
 0001:0002d886       _LCMapStringEx@36          1002e886 f   kernel32:KERNEL32.dll
 0001:0002d88c       _IsValidLocaleName@4       1002e88c f   kernel32:KERNEL32.dll
 0001:0002d892       _EnumSystemLocalesEx@16    1002e892 f   kernel32:KERNEL32.dll
 0001:0002d898       _GetStringTypeW@16         1002e898 f   kernel32:KERNEL32.dll
 0001:0002d89e       _FlushFileBuffers@4        1002e89e f   kernel32:KERNEL32.dll
 0001:0002d8a4       _SetStdHandle@8            1002e8a4 f   kernel32:KERNEL32.dll
 0001:0002d8aa       _SetFilePointerEx@20       1002e8aa f   kernel32:KERNEL32.dll
 0001:0002d8b0       _CreateFileW@28            1002e8b0 f   kernel32:KERNEL32.dll
 0001:0002d8b6       _SetEndOfFile@4            1002e8b6 f   kernel32:KERNEL32.dll
 0002:00000000       ___xc_a                    10039000     LIBCMT:crt0init.obj
 0002:00000104       ___xc_z                    10039104     LIBCMT:crt0init.obj
 0002:00000208       ___xi_a                    10039208     LIBCMT:crt0init.obj
 0002:00000420       ___xi_z                    10039420     LIBCMT:crt0init.obj
 0002:00000524       ___xp_a                    10039524     LIBCMT:crt0init.obj
 0002:00000838       ___xp_z                    10039838     LIBCMT:crt0init.obj
 0002:0000093c       ___xt_a                    1003993c     LIBCMT:crt0init.obj
 0002:00000a40       ___xt_z                    10039a40     LIBCMT:crt0init.obj
 0002:00000b88       _pci1756_RGND              10039b88     pci1756.obj
 0002:00000b90       _pci1756_M                 10039b90     pci1756.obj
 0002:00000b98       ??_C@_0BC@OJJPBDHH@FixedStepDiscrete?$AA@ 10039b98     pci1756.obj
 0002:00000bb0       ??_C@_04EPKDLPPB@tout?$AA@ 10039bb0     pci1756.obj
 0002:00000bb6       ??_C@_00CNPNBAHC@?$AA@     10039bb6     pci1756.obj
 0002:00000bb8       ??_C@_03HBFGMJOD@rt_?$AA@  10039bb8     pci1756.obj
 0002:00000bbc       ??_C@_04DBHJIBAH@PCI1?$AA@ 10039bbc     pci1756.obj
 0002:00000bc4       ??_C@_0N@LILGENG@pci1756?1PCI1?$AA@ 10039bc4     pci1756.obj
 0002:00000bd8       __real@3f60624dd2f1a9fc    10039bd8     pci1756.obj
 0002:00000be8       __real@41f0000000000000    10039be8     pci1756.obj
 0002:00000bf8       __real@bff0000000000000    10039bf8     pci1756.obj
 0002:00000c10       __xmm@41f00000000000000000000000000000 10039c10     pci1756.obj
 0002:00000c24       ??_C@_09KDFDBIIH@Constant2?$AA@ 10039c24     pci1756_capi.obj
 0002:00000c30       ??_C@_09LKEICJMG@Constant3?$AA@ 10039c30     pci1756_capi.obj
 0002:00000c3c       ??_C@_0L@LEOACIBO@Constant31?$AA@ 10039c3c     pci1756_capi.obj
 0002:00000c4c       ??_C@_09PFAJLPAB@Constant4?$AA@ 10039c4c     pci1756_capi.obj
 0002:00000c58       ??_C@_09OMBCIOEA@Constant5?$AA@ 10039c58     pci1756_capi.obj
 0002:00000c64       ??_C@_09MHDPNNID@Constant6?$AA@ 10039c64     pci1756_capi.obj
 0002:00000c70       ??_C@_09NOCEOMMC@Constant7?$AA@ 10039c70     pci1756_capi.obj
 0002:00000c7c       ??_C@_09FJLMPAAN@Constant8?$AA@ 10039c7c     pci1756_capi.obj
 0002:00000c88       ??_C@_09EAKHMBEM@Constant9?$AA@ 10039c88     pci1756_capi.obj
 0002:000011c0       ??_C@_05LPIJGKJ@Value?$AA@ 1003a1c0     pci1756_capi.obj
 0002:000011c8       ??_C@_02KKFPAPOP@P1?$AA@   1003a1c8     pci1756_capi.obj
 0002:000011cc       ??_C@_02IBHCFMCM@P2?$AA@   1003a1cc     pci1756_capi.obj
 0002:000011d0       ??_C@_06BNJCAIGJ@double?$AA@ 1003a1d0     pci1756_capi.obj
 0002:000011d8       ??_C@_06CNMIJIPB@real_T?$AA@ 1003a1d8     pci1756_capi.obj
 0002:000011e0       ??_C@_05KNFBNCOH@float?$AA@ 1003a1e0     pci1756_capi.obj
 0002:000011e8       ??_C@_08CHMPKCOC@Constant?$AA@ 1003a1e8     pci1756_capi.obj
 0002:000011f4       ??_C@_09IIHOELEE@Constant1?$AA@ 1003a1f4     pci1756_capi.obj
 0002:00001200       ??_C@_0L@KOHPMNDB@Constant10?$AA@ 1003a200     pci1756_capi.obj
 0002:00001210       ??_C@_0L@LHGEPMHA@Constant11?$AA@ 1003a210     pci1756_capi.obj
 0002:00001220       ??_C@_0L@JMEJKPLD@Constant12?$AA@ 1003a220     pci1756_capi.obj
 0002:00001230       ??_C@_0L@IFFCJOPC@Constant13?$AA@ 1003a230     pci1756_capi.obj
 0002:00001240       ??_C@_0L@MKBDAIDF@Constant14?$AA@ 1003a240     pci1756_capi.obj
 0002:00001250       ??_C@_0L@NDAIDJHE@Constant15?$AA@ 1003a250     pci1756_capi.obj
 0002:00001ac0       ??_C@_0DJ@FHKINPLE@Unexpected?5itemKind?5?$DN?5DATA_ITEM?5@ 1003aac0     rt_logging.obj
 0002:00001b04       ??_C@_0DA@IEHFPFCJ@Unexpected?5itemKind?$DN?$CFd?5in?5rt_Pro@ 1003ab04     rt_logging.obj
 0002:00001b40       ??_C@_0DA@IFLHJPBO@Unexpected?5itemKind?$DN?$CFd?5in?5rt_Pro@ 1003ab40     rt_logging.obj
 0002:00001b7c       ??_C@_0DA@IAPIIJJL@Unexpected?5itemKind?$DN?$CFd?5in?5rt_Pro@ 1003ab7c     rt_logging.obj
 0002:00001bb8       ??_C@_0BE@LCIGPJIG@MATLAB?55?40?5MAT?9file?$AA@ 1003abb8     rt_logging.obj
 0002:00001bd0       ??_C@_0FB@PCJEAJIB@?$CK?$CK?$CK?5Log?5variable?5?$CFs?5has?5wrapped?5@ 1003abd0     rt_logging.obj
 0002:00001c38       ??_C@_0MG@NKMLMOGF@?$CK?$CK?$CK?5To?5avoid?5wrapping?0?5explicitl@ 1003ac38     rt_logging.obj
 0002:00001d28       ??_C@_0N@IPAEOLLP@_rtw_tmw?4tmw?$AA@ 1003ad28     rt_logging.obj
 0002:00001d38       ??_C@_04HDOCAJNK@?$CFs?$CFs?$AA@ 1003ad38     rt_logging.obj
 0002:00001d40       ??_C@_03ELIABIOC@w?$CLb?$AA@ 1003ad40     rt_logging.obj
 0002:00001d44       ??_C@_0BF@JPILDDFA@?$CK?$CK?$CK?5Error?5opening?5?$CFs?$AA@ 1003ad44     rt_logging.obj
 0002:00001d60       ??_C@_0BK@EEMDELA@unable?5to?5open?5data?5file?6?$AA@ 1003ad60     rt_logging.obj
 0002:00001d80       ??_C@_04CGFJFPFD@none?$AA@ 1003ad80     rt_logging.obj
 0002:00001d88       ??_C@_0EE@LCGFPNON@?$CK?$CK?$CK?5Error?5creating?5signals?5struc@ 1003ad88     rt_logging.obj
 0002:00001ddc       ??_C@_0CE@NHECEDMK@?$CK?$CK?$CK?5Error?5creating?5log?5variable?5@ 1003addc     rt_logging.obj
 0002:00001e08       ??_C@_0DB@IOCGKAGH@?$CK?$CK?$CK?5Errors?5occurred?5when?5startin@ 1003ae08     rt_logging.obj
 0002:00001e44       ??_C@_0BO@BBLOGEBK@?$CK?$CK?$CK?5Memory?5allocation?5error?4?6?$AA@ 1003ae44     rt_logging.obj
 0002:00001e68       ??_C@_0N@LGFBAGEL@?5?$CIreal?5part?$CJ?$AA@ 1003ae68     rt_logging.obj
 0002:00001e78       ??_C@_0KH@CGNMHNFE@?5?5?5?5varName?5?5?5?5?5?5?5?5?5?5?$DN?5?$CFs?$CFs?6?5?5?5?5@ 1003ae78     rt_logging.obj
 0002:00001f40       ??_C@_0LE@OALKKEFM@?5?5?5?5varName?5?5?5?5?5?5?5?5?5?5?$DN?5?$CFs?5?$CIcompl@ 1003af40     rt_logging.obj
 0002:00002018       ??_C@_0KF@JDDLEOKO@?5?5?5?5varName?5?5?5?5?5?5?5?5?5?5?$DN?5?$CFs?6?5?5?5?5nR@ 1003b018     rt_logging.obj
 0002:000020e0       ??_C@_0DP@HPDMIOFM@?$CK?$CK?$CK?5Using?5a?5default?5buffer?5of?5si@ 1003b0e0     rt_logging.obj
 0002:00002130       ??_C@_0KE@JEFOLKNF@?6?$CK?$CK?$CK?5Memory?5required?5to?5log?5vari@ 1003b130     rt_logging.obj
 0002:000021f8       ??_C@_0JP@DKLMHCBI@?$CK?$CK?$CK?5Details?3?6?5?5?5?5?5?5?5varName?5?5?5?5?5@ 1003b1f8     rt_logging.obj
 0002:000022b8       ??_C@_0CM@CAMILBED@?$CK?$CK?$CK?5Error?5allocating?5memory?5for?5@ 1003b2b8     rt_logging.obj
 0002:000022ec       ??_C@_0DF@BBCNMOPM@?$CK?$CK?$CK?5Error?5allocating?5memory?5for?5@ 1003b2ec     rt_logging.obj
 0002:00002330       ??_C@_0JP@DBCLPCCI@?$CK?$CK?$CK?5Details?3?6?5?5?5?5?5?5?5varName?5?5?5?5?5@ 1003b330     rt_logging.obj
 0002:000023f0       ??_C@_0FK@DPGAOBGA@?$CK?$CK?$CK?5Error?5allocating?5memory?5for?5@ 1003b3f0     rt_logging.obj
 0002:0000245c       ??_C@_0BI@GGDNPHLJ@?$CK?$CK?$CK?5Error?5writing?5to?5?$CFs?$AA@ 1003b45c     rt_logging.obj
 0002:00002478       ??_C@_0CB@IBGJGELG@?$CK?$CK?$CK?5Error?5writing?5?$CFs?5due?5to?3?5?$CFs?6@ 1003b478     rt_logging.obj
 0002:000024a0       ??_C@_0CN@FLMCHCPB@?$CK?$CK?$CK?5Error?5writing?5log?5variable?5?$CF@ 1003b4a0     rt_logging.obj
 0002:000024d8       ??_C@_0DH@GAJCNOJP@?$CK?$CK?$CK?5Error?5writing?5structure?5log?5@ 1003b4d8     rt_logging.obj
 0002:0000251c       ??_C@_0BD@POEALECL@?$CK?$CK?5created?5?$CFs?5?$CK?$CK?6?6?$AA@ 1003b51c     rt_logging.obj
 0002:00002538       __real@0000000000000000    1003b538     rt_logging.obj
 0002:00002548       __real@3ff0000000000000    1003b548     rt_logging.obj
 0002:00002558       __real@4020000000000000    1003b558     rt_logging.obj
 0002:00002568       __real@41dfffffffc00000    1003b568     rt_logging.obj
 0002:00002578       __real@41efffffffe00000    1003b578     rt_logging.obj
 0002:00002588       __real@4330000000000000    1003b588     rt_logging.obj
 0002:00002598       __real@8000000000000000    1003b598     rt_logging.obj
 0002:000025a8       __real@bfbf9add3afd2773    1003b5a8     rt_logging.obj
 0002:000025b8       __real@c000000000000000    1003b5b8     rt_logging.obj
 0002:000025e0       __real@3cb0000000000000    1003b5e0     rt_matrx.obj
 0002:000025f0       __real@3fe0000000000000    1003b5f0     rt_matrx.obj
 0002:000025fc       ??_C@_0BI@INNPNFJN@Memory?5Allocation?5Error?$AA@ 1003b5fc     rtw_modelmap_utils.obj
 0002:00002618       ??_C@_1FC@IMCOBDGH@?$AAG?$AA?3?$AA?2?$AAR?$AA2?$AA0?$AA1?$AA6?$AAb?$AA?2?$AAr?$AAt?$AAw?$AA?2?$AAc?$AA?2?$AAs?$AAr?$AAc?$AA?2?$AAr?$AAt?$AAw?$AA_?$AAm?$AAo?$AAd?$AAe?$AAl?$AAm?$AAa?$AAp@ 1003b618     rtw_modelmap_utils.obj
 0002:0000267c       ??_C@_1CI@OEAJCJND@?$AAj?$AA?5?$AA?$DN?$AA?$DN?$AA?5?$AAe?$AAn?$AAc?$AAo?$AAd?$AAe?$AAd?$AAP?$AAa?$AAt?$AAh?$AAL?$AAe?$AAn?$AA?$AA@ 1003b67c     rtw_modelmap_utils.obj
 0002:000026ac       ??_C@_1DC@NFAOIFKB@?$AAe?$AAn?$AAc?$AAo?$AAd?$AAe?$AAd?$AAP?$AAa?$AAt?$AAh?$AA?$FL?$AAj?$AA?9?$AA1?$AA?$FN?$AA?5?$AA?$DN?$AA?$DN?$AA?5?$AA?8?$AA?2?$AA0?$AA?8?$AA?$AA@ 1003b6ac     rtw_modelmap_utils.obj
 0002:000026e8       ??_C@_1DI@FLNJGPEE@?$AAs?$AAi?$AAg?$AAC?$AAo?$AAm?$AAp?$AAl?$AAe?$AAx?$AAi?$AAt?$AAy?$AA?$FL?$AA?$CK?$AAs?$AAi?$AAg?$AAI?$AAd?$AAx?$AA?$FN?$AA?5?$AA?$CB?$AA?$DN?$AA?5?$AA1?$AA?$AA@ 1003b6e8     rtw_modelmap_utils.obj
 0002:00002730       ??_C@_1KI@OFELMGBG@?$AA?$CI?$AA?$CI?$AA?$CI?$AAd?$AAa?$AAt?$AAa?$AAT?$AAy?$AAp?$AAe?$AAM?$AAa?$AAp?$AA?$CJ?$AA?$FL?$AA?$CI?$AA?$CI?$AA?$CI?$AAs?$AAt?$AAa?$AAt?$AAe?$AAs?$AA?$CJ?$AA?$FL?$AA?$CI?$AAi?$AA?$CJ?$AA?$FN?$AA?4@ 1003b730     rtw_modelmap_utils.obj
 0002:000027fc       ??_C@_1DA@ILCMPHNE@?$AAf?$AAu?$AAl?$AAl?$AAP?$AAa?$AAt?$AAh?$AA?5?$AA?$CB?$AA?$DN?$AA?5?$AA?$CI?$AA?$CI?$AAv?$AAo?$AAi?$AAd?$AA?5?$AA?$CK?$AA?$CJ?$AA0?$AA?$CJ?$AA?$AA@ 1003b7fc     rtw_modelmap_utils.obj
 0002:00002838       ??_C@_1CI@OEPPFCCA@?$AAp?$AAa?$AAt?$AAh?$AA?5?$AA?$CB?$AA?$DN?$AA?5?$AA?$CI?$AA?$CI?$AAv?$AAo?$AAi?$AAd?$AA?5?$AA?$CK?$AA?$CJ?$AA0?$AA?$CJ?$AA?$AA@ 1003b838     rtw_modelmap_utils.obj
 0002:00002868       ??_C@_1FK@GLJIMFHB@?$AA?$CI?$AA?$CI?$AAm?$AAm?$AAi?$AA?$CJ?$AA?9?$AA?$DO?$AAI?$AAn?$AAs?$AAt?$AAa?$AAn?$AAc?$AAe?$AAM?$AAa?$AAp?$AA?4?$AAf?$AAu?$AAl?$AAl?$AAP?$AAa?$AAt?$AAh?$AA?$CJ?$AA?5?$AA?$DN?$AA?$DN@ 1003b868     rtw_modelmap_utils.obj
 0002:000028d4       ??_C@_1DG@HPCJGNCE@?$AAm?$AAm?$AAi?$AAP?$AAa?$AAt?$AAh?$AA?$FL?$AAp?$AAa?$AAt?$AAh?$AAL?$AAe?$AAn?$AA?9?$AA1?$AA?$FN?$AA?5?$AA?$DN?$AA?$DN?$AA?5?$AA?8?$AA?2?$AA0?$AA?8?$AA?$AA@ 1003b8d4     rtw_modelmap_utils.obj
 0002:00002914       ??_C@_1DM@DBAOGGOO@?$AAm?$AAm?$AAi?$AAP?$AAa?$AAt?$AAh?$AA?$FL?$AAm?$AAm?$AAi?$AAP?$AAa?$AAt?$AAh?$AAL?$AAe?$AAn?$AA?9?$AA1?$AA?$FN?$AA?5?$AA?$DN?$AA?$DN?$AA?5?$AA?8?$AA?2?$AA0?$AA?8?$AA?$AA@ 1003b914     rtw_modelmap_utils.obj
 0002:0000295c       ??_C@_1DC@LHIAKAFE@?$AAb?$AAl?$AAo?$AAc?$AAk?$AAP?$AAa?$AAt?$AAh?$AA?5?$AA?$CB?$AA?$DN?$AA?5?$AA?$CI?$AA?$CI?$AAv?$AAo?$AAi?$AAd?$AA?5?$AA?$CK?$AA?$CJ?$AA0?$AA?$CJ?$AA?$AA@ 1003b95c     rtw_modelmap_utils.obj
 0002:00002998       ??_C@_1GI@KIEJKPGC@?$AAf?$AAu?$AAl?$AAl?$AAS?$AAt?$AAa?$AAt?$AAe?$AAB?$AAl?$AAo?$AAc?$AAk?$AAP?$AAa?$AAt?$AAh?$AA?$FL?$AAf?$AAu?$AAl?$AAl?$AAS?$AAt?$AAa?$AAt?$AAe?$AAB?$AAl?$AAo?$AAc@ 1003b998     rtw_modelmap_utils.obj
 0002:00002a18       ??_C@_1EE@DNPIBJHC@?$AA?$CI?$AA?$CI?$AAd?$AAi?$AAm?$AAM?$AAa?$AAp?$AA?$CJ?$AA?$FL?$AA?$CI?$AAm?$AAa?$AAp?$AAI?$AAd?$AAx?$AA?$CJ?$AA?$FN?$AA?4?$AAn?$AAu?$AAm?$AAD?$AAi?$AAm?$AAs?$AA?$CJ?$AA?5?$AA?$DN?$AA?$DN?$AA?5@ 1003ba18     rtw_modelmap_utils.obj
 0002:00002a6c       ??_C@_06JFOKFOED@CSTATE?$AA@ 1003ba6c     rtw_modelmap_utils.obj
 0002:00002a74       ??_C@_06FAENGAMN@DSTATE?$AA@ 1003ba74     rtw_modelmap_utils.obj
 0002:00002a7c       ??_C@_1BI@LEBJNOGG@?$AAc?$AAs?$AAv?$AAI?$AAd?$AAx?$AA?5?$AA?$DO?$AA?$DN?$AA?5?$AA0?$AA?$AA@ 1003ba7c     rtw_modelmap_utils.obj
 0002:00002a98       ??_C@_1BA@KDMGHCHP@?$AAT?$AAI?$AAD?$AA?$DN?$AA?$DN?$AA?9?$AA1?$AA?$AA@ 1003ba98     rtw_modelmap_utils.obj
 0002:00002aac       ??_C@_1DM@DHGKBPCE@?$AAs?$AAi?$AAg?$AAP?$AAa?$AAt?$AAh?$AA?$FL?$AAs?$AAi?$AAg?$AAP?$AAa?$AAt?$AAh?$AAL?$AAe?$AAn?$AA?9?$AA1?$AA?$FN?$AA?5?$AA?$DN?$AA?$DN?$AA?5?$AA?8?$AA?2?$AA0?$AA?8?$AA?$AA@ 1003baac     rtw_modelmap_utils.obj
 0002:00002af4       _serialfifoground          1003baf4     xpc_datatype_ground.obj
 0002:00002b00       _bcmsg1553ground           1003bb00     xpc_datatype_ground.obj
 0002:00002b10       _bcstatground              1003bb10     xpc_datatype_ground.obj
 0002:00002b28       _bmmsg1553ground           1003bb28     xpc_datatype_ground.obj
 0002:00002b48       _ptsetfilename             1003bb48     xpctarget.obj
 0002:00002b4c       _xmlfile                   1003bb4c     xpctarget.obj
 0002:00002b54       ??_C@_07PJCJFOMM@pci1756?$AA@ 1003bb54     xpctarget.obj
 0002:00002b60       ??_C@_0L@CHBJKKFC@xpceSetVar?$AA@ 1003bb60     xpctarget.obj
 0002:00002b70       ??_C@_03JLBJCOMC@6?45?$AA@ 1003bb70     xpctarget.obj
[...]
 0003:00002a04       ___lconv_static_W_null     10045a04     LIBCMT:lconv.obj
 0003:00002a08       ___locale_changed          10045a08     LIBCMT:wsetloca.obj
 0003:00002a0c       __fmode                    10045a0c     LIBCMT:txtmode.obj
 0003:00002a20       _CANAC2_2_receiveindex_mb3 10045a20     <common>
 0003:00005af4       _CANAC2_2_receivemaxindex_mb3 10048af4     <common>
 0003:00005b00       _CANAC2_2_sendindex_mb3    10048b00     <common>
 0003:00005e20       _CANAC2_2_sendmaxindex_mb3 10048e20     <common>
 0003:00005e40       _CANAC2_1_receiveindex_mb3 10048e40     <common>
 0003:00006160       _CANAC2_1_receivemaxindex_mb3 10049160     <common>
 0003:00006180       _CANAC2_1_sendindex_mb3    10049180     <common>
 0003:000064a0       _CANAC2_1_sendmaxindex_mb3 100494a0     <common>
 0003:000064c0       _CANAC2_2_receive_mb3      100494c0     <common>
 0003:000067e0       _CANAC2_2_send_mb3         100497e0     <common>
 0003:00006b00       _CANAC2_1_receive_mb3      10049b00     <common>
 0003:00006e20       _CANAC2_1_send_mb3         10049e20     <common>
 0003:00007140       _CANAC2_2_receiveindex_mb2 1004a140     <common>
 0003:00007460       _CANAC2_2_receivemaxindex_mb2 1004a460     <common>
 0003:00007480       _CANAC2_2_sendindex_mb2    1004a480     <common>
 0003:000077a0       _CANAC2_2_sendmaxindex_mb2 1004a7a0     <common>
 0003:000077c0       _CANAC2_1_receiveindex_mb2 1004a7c0     <common>
 0003:00007ae0       _CANAC2_1_receivemaxindex_mb2 1004aae0     <common>
 0003:00007b00       _CANAC2_1_sendindex_mb2    1004ab00     <common>
 0003:00007e20       _CANAC2_1_sendmaxindex_mb2 1004ae20     <common>
 0003:00007e40       _CANAC2_2_receive_mb2      1004ae40     <common>
 0003:00008160       _CANAC2_2_send_mb2         1004b160     <common>
 0003:00008480       _CANAC2_1_receive_mb2      1004b480     <common>
 0003:000087a0       _CANAC2_1_send_mb2         1004b7a0     <common>
 0003:00008ac0       _CANAC2_2_receiveindex_mb1 1004bac0     <common>
 0003:00008de0       _CANAC2_2_receivemaxindex_mb1 1004bde0     <common>
 0003:00008e00       _CANAC2_2_sendindex_mb1    1004be00     <common>
 0003:00009120       _CANAC2_2_sendmaxindex_mb1 1004c120     <common>
 0003:00009140       _CANAC2_1_receiveindex_mb1 1004c140     <common>
 0003:00009460       _CANAC2_1_receivemaxindex_mb1 1004c460     <common>
 0003:00009480       _CANAC2_1_sendindex_mb1    1004c480     <common>
 0003:000097a0       _CANAC2_1_sendmaxindex_mb1 1004c7a0     <common>
 0003:000097c0       _CANAC2_2_receive_mb1      1004c7c0     <common>
 0003:00009ae0       _CANAC2_2_send_mb1         1004cae0     <common>
 0003:00009e00       _CANAC2_1_receive_mb1      1004ce00     <common>
 0003:0000a120       _CANAC2_1_send_mb1         1004d120     <common>
 0003:0000a440       _CANAC2_2_receiveindex     1004d440     <common>
 0003:0000a760       _CANAC2_2_receivemaxindex  1004d760     <common>
 0003:0000a780       _CANAC2_2_sendindex        1004d780     <common>
 0003:0000aaa0       _CANAC2_2_sendmaxindex     1004daa0     <common>
 0003:0000aac0       _CANAC2_1_receiveindex     1004dac0     <common>
 0003:0000ade0       _CANAC2_1_receivemaxindex  1004dde0     <common>
 0003:0000ae00       _CANAC2_1_sendindex        1004de00     <common>
 0003:0000b120       _CANAC2_1_sendmaxindex     1004e120     <common>
 0003:0000b140       _CANAC2_2_receive          1004e140     <common>
 0003:0000b460       _CANAC2_2_send             1004e460     <common>
 0003:0000b780       _CANAC2_1_receive          1004e780     <common>
 0003:0000baa0       _CANAC2_1_send             1004eaa0     <common>
 0003:0000bdc0       _siepowercan_can_object_buffer_port2 1004edc0     <common>
 0003:0000fde0       _siepowercan_can_object_buffer_port1 10052de0     <common>
 0003:00013de0       _rtNaNF                    10056de0     <common>
 0003:00013df4       _rtMinusInfF               10056df4     <common>
 0003:00013df8       _rtInfF                    10056df8     <common>
 0003:00013e00       _rtNaN                     10056e00     <common>
 0003:00013e08       _rtMinusInf                10056e08     <common>
 0003:00013e10       _rtInf                     10056e10     <common>
 0003:00013e20       _pci1756_M_                10056e20     <common>
 0003:000147a0       _pci1756_DW                100577a0     <common>
 0003:000147c0       _pci1756_B                 100577c0     <common>
 0003:00014948       _socket                    10057948     <common>
 0003:000149a8       _inet_addr                 100579a8     <common>
 0003:000149ac       _sendto                    100579ac     <common>
 0003:000149b0       _recvfrom                  100579b0     <common>
 0003:000149b4       _listen                    100579b4     <common>
 0003:000149b8       _ioctlsocket               100579b8     <common>
 0003:000149bc       _connect                   100579bc     <common>
 0003:000149c0       _closesocket               100579c0     <common>
 0003:000149c4       _setsockopt                100579c4     <common>
 0003:000149c8       _bind                      100579c8     <common>
 0003:000149cc       _accept                    100579cc     <common>
 0003:000149d0       _GetHostTarIPAdd           100579d0     <common>
 0003:000149d4       _GetDCUUsage               100579d4     <common>
 0003:000149d8       _DeleteRoute               100579d8     <common>
 0003:000149dc       _AddGatewayRoute           100579dc     <common>
 0003:000149e0       _SetIP                     100579e0     <common>
 0003:000149e4       _CloseInterface            100579e4     <common>
 0003:000149e8       _OpenInterface             100579e8     <common>
 0003:000149ec       _SetIPTASKPriority         100579ec     <common>
 0003:000149f0       _isUsedByRTIP              100579f0     <common>
 0003:000149f4       _getlasterror              100579f4     <common>
 0003:000149f8       _slrtfsGetFileStatus       100579f8     <common>
 0003:000149fc       _slrtfsOpenFileAsync       100579fc     <common>
 0003:00014a00       _slrtfsCloseFileAsync      10057a00     <common>
 0003:00014a04       _slrtfsGetFileErrorMessage 10057a04     <common>
 0003:00014a08       _slrtfsGetFileError        10057a08     <common>
 0003:00014a0c       _slrtfsWriteToFile         10057a0c     <common>
 0003:00014a10       _slrtfsCloseFile           10057a10     <common>
 0003:00014a14       _slrtfsOpenFile            10057a14     <common>
 0003:00014a18       _slrtGetSgCRBSpace         10057a18     <common>
 0003:00014a1c       _slrtGetCRBScratchSpace    10057a1c     <common>
 0003:00014a20       _slrteSetupMSI             10057a20     <common>
 0003:00014a24       _slTestRegAssessment       10057a24     <common>
 0003:00014a28       _slTestTerminate           10057a28     <common>
 0003:00014a2c       _slTestEvalOnFail          10057a2c     <common>
 0003:00014a30       _slTestLogAssessments      10057a30     <common>
 0003:00014a34       _slTestInitialize          10057a34     <common>
 0003:00014a38       _unRegisterPTPTimeRead     10057a38     <common>
 0003:00014a3c       _registerPTPTimeRead       10057a3c     <common>
 0003:00014a40       _slrteGetCurrentStepSize   10057a40     <common>
 0003:00014a44       _slrteSetStepSizeDelta     10057a44     <common>
 0003:00014a48       _xpceGetIntTimerGranularityNS 10057a48     <common>
 0003:00014a4c       _sendToAsyncQueueTgtAppSvc 10057a4c     <common>
 0003:00014a50       _terminateToAsyncQueueTgtAppSvc 10057a50     <common>
 0003:00014a54       _startToAsyncQueueTgtAppSvc 10057a54     <common>
 0003:00014a58       _getStatusFlags            10057a58     <common>
 0003:00014a5c       _getCommService            10057a5c     <common>
 0003:00014a60       _getMemoryService          10057a60     <common>
 0003:00014a64       _StreamVideo               10057a64     <common>
 0003:00014a68       _StopVideoDisplay          10057a68     <common>
 0003:00014a6c       _StartVideoDisplay         10057a6c     <common>
 0003:00014a70       _DestroyVideoDisplay       10057a70     <common>
 0003:00014a74       _CreateVideoDisplay        10057a74     <common>
 0003:00014a78       _ConvertUImage             10057a78     <common>
 0003:00014a7c       _StopVideo                 10057a7c     <common>
 0003:00014a80       _ReadFrameBuffer           10057a80     <common>
 0003:00014a84       _StartVideo                10057a84     <common>
 0003:00014a88       _GetVideoConfigs           10057a88     <common>
 0003:00014a8c       _FindUsbVideoDevice        10057a8c     <common>
 0003:00014a90       _xpceDeleteSemaphore       10057a90     <common>
 0003:00014a94       _xpceSignalSemaphore       10057a94     <common>
 0003:00014a98       _xpceWaitSemaphore         10057a98     <common>
 0003:00014a9c       _xpceCreateSemaphore       10057a9c     <common>
 0003:00014aa0       _TBGiveSpinFast            10057aa0     <common>
 0003:00014aa4       _TBTakeSpinFast            10057aa4     <common>
 0003:00014aa8       _TBDeleteSpin              10057aa8     <common>
 0003:00014aac       _TBCreateSpin              10057aac     <common>
 0003:00014ab0       _xpceScopeAcqOK            10057ab0     <common>
 0003:00014ab4       _rl32eRestartAcquisition   10057ab4     <common>
 0003:00014ab8       _rl32eSetTargetScopeSigFt  10057ab8     <common>
 0003:00014abc       _rl32eSetTargetScope       10057abc     <common>
 0003:00014ac0       _xpceFSScopeSet            10057ac0     <common>
 0003:00014ac4       _rl32eSetScope             10057ac4     <common>
 0003:00014ac8       _rl32eAddSignal            10057ac8     <common>
 0003:00014acc       _rl32eGetSignalNo          10057acc     <common>
 0003:00014ad0       _rl32eDefScope             10057ad0     <common>
 0003:00014ad4       _rl32eScopeExists          10057ad4     <common>
 0003:00014ad8       _xpceGetParamDims          10057ad8     <common>
 0003:00014adc       _xpceGetParameter          10057adc     <common>
 0003:00014ae0       _xpceSetParameter          10057ae0     <common>
 0003:00014ae4       _xpceGetSignalValue        10057ae4     <common>
 0003:00014ae8       _xpceAssignPCIInterrupt    10057ae8     <common>
 0003:00014aec       _rl32eGetPCIInfoAtSlot     10057aec     <common>
 0003:00014af0       _rl32eGetPCIInfo           10057af0     <common>
 0003:00014af4       _rl32eShowPCIInfo          10057af4     <common>
 0003:00014af8       _rl32eShowPCIDev           10057af8     <common>
 0003:00014afc       _xpceGetTET                10057afc     <common>
 0003:00014b00       _xpceaddEvent              10057b00     <common>
 0003:00014b04       _xpceDeRegisterISR         10057b04     <common>
 0003:00014b08       _xpceRegisterISR           10057b08     <common>
 0003:00014b0c       _xpcIsModelInit            10057b0c     <common>
 0003:00014b10       _xpcGetElapsedTime         10057b10     <common>
 0003:00014b14       _xpcBusyWait               10057b14     <common>
 0003:00014b18       _xpcFreePhysicalMemory     10057b18     <common>
 0003:00014b1c       _xpcAllocPhysicalMemory    10057b1c     <common>
 0003:00014b20       _xpcReserveMemoryRegion    10057b20     <common>
 0003:00014b24       _xpcOutpB                  10057b24     <common>
 0003:00014b28       _xpcOutpW                  10057b28     <common>
 0003:00014b2c       _xpcOutpDW                 10057b2c     <common>
 0003:00014b30       _xpcInpB                   10057b30     <common>
 0003:00014b34       _xpcInpW                   10057b34     <common>
 0003:00014b38       _xpcInpDW                  10057b38     <common>
 0003:00014b3c       ___unguarded_readlc_active 10057b3c     <common>
 0003:00014b4c       ___setlc_active            10057b4c     <common>
 0003:00014b50       __nhandle                  10057b50     <common>
 0003:00014ba0       ___pioinfo                 10057ba0     <common>
 0003:00014ca0       __pDestructExceptionObject 10057ca0     <common>
 0003:00014cac       __debugger_hook_dummy      10057cac     <common>
 0003:00014cb8       __acmdln                   10057cb8     <common>
 0003:00014cc4       ___piob                    10057cc4     <common>
 0003:00015004       __nstream                  10058004     <common>
 0003:00015020       __bufin                    10058020     <common>
 0003:00016020       ___dyn_tls_init_callback   10059020     <common>
 0003:00016030       ___onexitend               10059030     <common>
 0003:00016034       ___onexitbegin             10059034     <common>
 0003:00016038       ___mbctype_initialized     10059038     <common>
 0003:0001603c       ___env_initialized         1005903c     <common>
 0004:00000000       __IMPORT_DESCRIPTOR_KERNEL32 1005a000     kernel32:KERNEL32.dll
 0004:00000014       __NULL_IMPORT_DESCRIPTOR   1005a014     kernel32:KERNEL32.dll
 0004:000001e4       __imp__GetModuleHandleA@4  1005a1e4     kernel32:KERNEL32.dll
 0004:000001e8       __imp__GetProcAddress@8    1005a1e8     kernel32:KERNEL32.dll
 0004:000001ec       __imp__HeapAlloc@12        1005a1ec     kernel32:KERNEL32.dll
 0004:000001f0       __imp__IsDebuggerPresent@0 1005a1f0     kernel32:KERNEL32.dll
 0004:000001f4       __imp__IsProcessorFeaturePresent@4 1005a1f4     kernel32:KERNEL32.dll
 0004:000001f8       __imp__EncodePointer@4     1005a1f8     kernel32:KERNEL32.dll
 0004:000001fc       __imp__DecodePointer@4     1005a1fc     kernel32:KERNEL32.dll
 0004:00000200       __imp__GetLastError@0      1005a200     kernel32:KERNEL32.dll
 0004:00000204       __imp__InterlockedDecrement@4 1005a204     kernel32:KERNEL32.dll
 0004:00000208       __imp__ExitProcess@4       1005a208     kernel32:KERNEL32.dll
 0004:0000020c       __imp__GetModuleHandleExW@12 1005a20c     kernel32:KERNEL32.dll
 0004:00000210       __imp__AreFileApisANSI@0   1005a210     kernel32:KERNEL32.dll
 0004:00000214       __imp__MultiByteToWideChar@24 1005a214     kernel32:KERNEL32.dll
 0004:00000218       __imp__HeapFree@12         1005a218     kernel32:KERNEL32.dll
 0004:0000021c       __imp__HeapReAlloc@16      1005a21c     kernel32:KERNEL32.dll
 0004:00000220       __imp__EnterCriticalSection@4 1005a220     kernel32:KERNEL32.dll
 0004:00000224       __imp__LeaveCriticalSection@4 1005a224     kernel32:KERNEL32.dll
 0004:00000228       __imp__GetStdHandle@4      1005a228     kernel32:KERNEL32.dll
 0004:0000022c       __imp__GetFileType@4       1005a22c     kernel32:KERNEL32.dll
 0004:00000230       __imp__GetModuleFileNameW@12 1005a230     kernel32:KERNEL32.dll
 0004:00000234       __imp__WriteConsoleW@20    1005a234     kernel32:KERNEL32.dll
 0004:00000238       __imp__GetCommandLineA@0   1005a238     kernel32:KERNEL32.dll
 0004:0000023c       __imp__GetCurrentThreadId@0 1005a23c     kernel32:KERNEL32.dll
 0004:00000240       __imp__WriteFile@20        1005a240     kernel32:KERNEL32.dll
 0004:00000244       __imp__GetProcessHeap@0    1005a244     kernel32:KERNEL32.dll
 0004:00000248       __imp__UnhandledExceptionFilter@4 1005a248     kernel32:KERNEL32.dll
 0004:0000024c       __imp__SetUnhandledExceptionFilter@4 1005a24c     kernel32:KERNEL32.dll
 0004:00000250       __imp__FlsAlloc@4          1005a250     kernel32:KERNEL32.dll
 0004:00000254       __imp__FlsGetValue@4       1005a254     kernel32:KERNEL32.dll
 0004:00000258       __imp__FlsSetValue@8       1005a258     kernel32:KERNEL32.dll
 0004:0000025c       __imp__FlsFree@4           1005a25c     kernel32:KERNEL32.dll
 0004:00000260       __imp__GetCurrentProcess@0 1005a260     kernel32:KERNEL32.dll
 0004:00000264       __imp__TerminateProcess@8  1005a264     kernel32:KERNEL32.dll
 0004:00000268       __imp__GetStartupInfoW@4   1005a268     kernel32:KERNEL32.dll
 0004:0000026c       __imp__GetModuleHandleW@4  1005a26c     kernel32:KERNEL32.dll
 0004:00000270       __imp__InitializeCriticalSectionAndSpinCount@8 1005a270     kernel32:KERNEL32.dll
 0004:00000274       __imp__DeleteCriticalSection@4 1005a274     kernel32:KERNEL32.dll
 0004:00000278       __imp__FatalAppExitA@8     1005a278     kernel32:KERNEL32.dll
 0004:0000027c       __imp__Sleep@4             1005a27c     kernel32:KERNEL32.dll
 0004:00000280       __imp__InterlockedExchange@8 1005a280     kernel32:KERNEL32.dll
 0004:00000284       __imp__FreeLibrary@4       1005a284     kernel32:KERNEL32.dll
 0004:00000288       __imp__LoadLibraryExW@12   1005a288     kernel32:KERNEL32.dll
 0004:0000028c       __imp__SetConsoleCtrlHandler@8 1005a28c     kernel32:KERNEL32.dll
 0004:00000290       __imp__InterlockedIncrement@4 1005a290     kernel32:KERNEL32.dll
 0004:00000294       __imp__IsValidCodePage@4   1005a294     kernel32:KERNEL32.dll
 0004:00000298       __imp__GetACP@0            1005a298     kernel32:KERNEL32.dll
 0004:0000029c       __imp__GetOEMCP@0          1005a29c     kernel32:KERNEL32.dll
 0004:000002a0       __imp__GetCPInfo@8         1005a2a0     kernel32:KERNEL32.dll
 0004:000002a4       __imp__CloseHandle@4       1005a2a4     kernel32:KERNEL32.dll
 0004:000002a8       __imp__RtlUnwind@16        1005a2a8     kernel32:KERNEL32.dll
 0004:000002ac       __imp__InitOnceExecuteOnce@16 1005a2ac     kernel32:KERNEL32.dll
 0004:000002b0       __imp__ReadFile@20         1005a2b0     kernel32:KERNEL32.dll
 0004:000002b4       __imp__GetConsoleMode@8    1005a2b4     kernel32:KERNEL32.dll
 0004:000002b8       __imp__ReadConsoleW@20     1005a2b8     kernel32:KERNEL32.dll
 0004:000002bc       __imp__WideCharToMultiByte@32 1005a2bc     kernel32:KERNEL32.dll
 0004:000002c0       __imp__GetConsoleCP@0      1005a2c0     kernel32:KERNEL32.dll
 0004:000002c4       __imp__DeleteFileW@4       1005a2c4     kernel32:KERNEL32.dll
 0004:000002c8       __imp__SetFilePointer@16   1005a2c8     kernel32:KERNEL32.dll
 0004:000002cc       __imp__RaiseException@16   1005a2cc     kernel32:KERNEL32.dll
 0004:000002d0       __imp__OutputDebugStringW@4 1005a2d0     kernel32:KERNEL32.dll
 0004:000002d4       __imp__LoadLibraryW@4      1005a2d4     kernel32:KERNEL32.dll
 0004:000002d8       __imp__SetLastError@4      1005a2d8     kernel32:KERNEL32.dll
 0004:000002dc       __imp__GetCurrentThread@0  1005a2dc     kernel32:KERNEL32.dll
 0004:000002e0       __imp__GetModuleFileNameA@12 1005a2e0     kernel32:KERNEL32.dll
 0004:000002e4       __imp__QueryPerformanceCounter@4 1005a2e4     kernel32:KERNEL32.dll
 0004:000002e8       __imp__GetSystemTimeAsFileTime@4 1005a2e8     kernel32:KERNEL32.dll
 0004:000002ec       __imp__GetTickCount64@0    1005a2ec     kernel32:KERNEL32.dll
 0004:000002f0       __imp__GetEnvironmentStringsW@0 1005a2f0     kernel32:KERNEL32.dll
 0004:000002f4       __imp__FreeEnvironmentStringsW@4 1005a2f4     kernel32:KERNEL32.dll
 0004:000002f8       __imp__HeapSize@12         1005a2f8     kernel32:KERNEL32.dll
 0004:000002fc       __imp__GetTimeFormatEx@24  1005a2fc     kernel32:KERNEL32.dll
 0004:00000300       __imp__GetDateFormatEx@28  1005a300     kernel32:KERNEL32.dll
 0004:00000304       __imp__CompareStringEx@36  1005a304     kernel32:KERNEL32.dll
 0004:00000308       __imp__GetLocaleInfoEx@16  1005a308     kernel32:KERNEL32.dll
 0004:0000030c       __imp__GetUserDefaultLocaleName@8 1005a30c     kernel32:KERNEL32.dll
 0004:00000310       __imp__LCMapStringEx@36    1005a310     kernel32:KERNEL32.dll
 0004:00000314       __imp__IsValidLocaleName@4 1005a314     kernel32:KERNEL32.dll
 0004:00000318       __imp__EnumSystemLocalesEx@16 1005a318     kernel32:KERNEL32.dll
 0004:0000031c       __imp__GetStringTypeW@16   1005a31c     kernel32:KERNEL32.dll
 0004:00000320       __imp__FlushFileBuffers@4  1005a320     kernel32:KERNEL32.dll
 0004:00000324       __imp__SetStdHandle@8      1005a324     kernel32:KERNEL32.dll
 0004:00000328       __imp__SetFilePointerEx@20 1005a328     kernel32:KERNEL32.dll
 0004:0000032c       __imp__CreateFileW@28      1005a32c     kernel32:KERNEL32.dll
 0004:00000330       __imp__SetEndOfFile@4      1005a330     kernel32:KERNEL32.dll
 0004:00000334       \177KERNEL32_NULL_THUNK_DATA 1005a334     kernel32:KERNEL32.dll

 entry point at        0001:0000ff1b

